
> native-powerpoint-doc-editor@1.1.15 test
> node scripts/prepare-vendor-test-runtime.mjs && node scripts/run-plugin-tests.mjs

TAP version 13
# Subtest: command protocol resolves active path fallback
ok 1 - command protocol resolves active path fallback
  ---
  duration_ms: 37.890909
  type: 'test'
  ...
# Subtest: AI errors are throwable Error objects with a stable JSON detail contract
ok 2 - AI errors are throwable Error objects with a stable JSON detail contract
  ---
  duration_ms: 38.857628
  type: 'test'
  ...
# Subtest: AI manifest paths honor a custom Obsidian config directory
ok 3 - AI manifest paths honor a custom Obsidian config directory
  ---
  duration_ms: 19.366687
  type: 'test'
  ...
# Subtest: AI skill writer creates the vault skill and preserves an existing file
ok 4 - AI skill writer creates the vault skill and preserves an existing file
  ---
  duration_ms: 12.873502
  type: 'test'
  ...
# Subtest: AI op catalog validates known pptx.updateShapeText payload
ok 5 - AI op catalog validates known pptx.updateShapeText payload
  ---
  duration_ms: 14.045422
  type: 'test'
  ...
# Subtest: AI op catalog validates pptx.deleteShape payload
ok 6 - AI op catalog validates pptx.deleteShape payload
  ---
  duration_ms: 3.898665
  type: 'test'
  ...
# Subtest: AI core gates apply when disabled and blocks without runtime when enabled
ok 7 - AI core gates apply when disabled and blocks without runtime when enabled
  ---
  duration_ms: 178.418086
  type: 'test'
  ...
# Subtest: DocxDocumentService applies setRunText and replaceText headlessly
ok 8 - DocxDocumentService applies setRunText and replaceText headlessly
  ---
  duration_ms: 1600.495311
  type: 'test'
  ...
# Subtest: DocxDocumentService dryRun does not persist edits
ok 9 - DocxDocumentService dryRun does not persist edits
  ---
  duration_ms: 16.187215
  type: 'test'
  ...
# Subtest: DocxDocumentService inserts table after anchor block
ok 10 - DocxDocumentService inserts table after anchor block
  ---
  duration_ms: 25.019269
  type: 'test'
  ...
# Subtest: DocxDocumentService replaces all table cell content while preserving cell properties
ok 11 - DocxDocumentService replaces all table cell content while preserving cell properties
  ---
  duration_ms: 28.671411
  type: 'test'
  ...
# Subtest: DocxDocumentService deletes only the requested table
ok 12 - DocxDocumentService deletes only the requested table
  ---
  duration_ms: 39.981065
  type: 'test'
  ...
# Subtest: DocxDocumentService applies every setRunText operation in a single batch
ok 13 - DocxDocumentService applies every setRunText operation in a single batch
  ---
  duration_ms: 29.866141
  type: 'test'
  ...
# Subtest: DocxDocumentService syncs open DOCX view after agent apply and save
ok 14 - DocxDocumentService syncs open DOCX view after agent apply and save
  ---
  duration_ms: 46.027103
  type: 'test'
  ...
# Subtest: DocxDocumentService undo restores headless agent edits
ok 15 - DocxDocumentService undo restores headless agent edits
  ---
  duration_ms: 35.733507
  type: 'test'
  ...
# Subtest: describeDocxFromBuffer exposes image blocks and replaceImage uses drawing paragraph ids
ok 16 - describeDocxFromBuffer exposes image blocks and replaceImage uses drawing paragraph ids
  ---
  duration_ms: 13.840947
  type: 'test'
  ...
# Subtest: apply can edit header and footer runs via stable ids
ok 17 - apply can edit header and footer runs via stable ids
  ---
  duration_ms: 26.845042
  type: 'test'
  ...
# Subtest: DocxDocumentService applies insertText, deleteRange, hyperlink, and paragraph break ops
ok 18 - DocxDocumentService applies insertText, deleteRange, hyperlink, and paragraph break ops
  ---
  duration_ms: 32.972242
  type: 'test'
  ...
# Subtest: DocxDocumentService makes empty-run writes explicit and describes unsaved headless edits
ok 19 - DocxDocumentService makes empty-run writes explicit and describes unsaved headless edits
  ---
  duration_ms: 15.455485
  type: 'test'
  ...
# Subtest: DocxDocumentService inserts stable list paragraphs and reports created ids
ok 20 - DocxDocumentService inserts stable list paragraphs and reports created ids
  ---
  duration_ms: 73.083637
  type: 'test'
  ...
# Subtest: DocxDocumentService deletes a blank paragraph without merging the next heading
ok 21 - DocxDocumentService deletes a blank paragraph without merging the next heading
  ---
  duration_ms: 11.502033
  type: 'test'
  ...
# Subtest: DocxDocumentService sets a paragraph bottom border without replacing heading content
ok 22 - DocxDocumentService sets a paragraph bottom border without replacing heading content
  ---
  duration_ms: 10.949031
  type: 'test'
  ...
# Subtest: DocxDocumentService replaceText does not damage unrelated DOCX structural attributes
ok 23 - DocxDocumentService replaceText does not damage unrelated DOCX structural attributes
  ---
  duration_ms: 7.190508
  type: 'test'
  ...
# Subtest: describeDocxFromBuffer maps paragraphs, styles, and runs
ok 24 - describeDocxFromBuffer maps paragraphs, styles, and runs
  ---
  duration_ms: 202.746097
  type: 'test'
  ...
# Subtest: describeDocxFromBuffer exposes direct font sizes and preserves raw run ids
ok 25 - describeDocxFromBuffer exposes direct font sizes and preserves raw run ids
  ---
  duration_ms: 13.79365
  type: 'test'
  ...
# Subtest: describeDocxFromBuffer maps table cells with stable ids
ok 26 - describeDocxFromBuffer maps table cells with stable ids
  ---
  duration_ms: 10.108947
  type: 'test'
  ...
# Subtest: describeDocxFromBuffer includes headers, footers, footnotes, and comments
ok 27 - describeDocxFromBuffer includes headers, footers, footnotes, and comments
  ---
  duration_ms: 21.829342
  type: 'test'
  ...
# Subtest: describeDocxFromBuffer threads comment replies via commentsExtended
ok 28 - describeDocxFromBuffer threads comment replies via commentsExtended
  ---
  duration_ms: 6.015619
  type: 'test'
  ...
# Subtest: DOCX PDF export target defaults beside source and honors conflict policy
ok 29 - DOCX PDF export target defaults beside source and honors conflict policy
  ---
  duration_ms: 49.346298
  type: 'test'
  ...
# Subtest: DOCX AI layout operations expose and patch compact resume layout
ok 30 - DOCX AI layout operations expose and patch compact resume layout
  ---
  duration_ms: 1574.548523
  type: 'test'
  ...
# Subtest: DOCX AI layout operations preserve unrelated attributes and self-closing properties
ok 31 - DOCX AI layout operations preserve unrelated attributes and self-closing properties
  ---
  duration_ms: 26.388427
  type: 'test'
  ...
# Subtest: docx.removeComments removes annotations and package metadata without touching unrelated content
ok 32 - docx.removeComments removes annotations and package metadata without touching unrelated content
  ---
  duration_ms: 1696.020552
  type: 'test'
  ...
# Subtest: resolveExportPdfOutputTarget defaults beside source and keep-both on conflict
ok 33 - resolveExportPdfOutputTarget defaults beside source and keep-both on conflict
  ---
  duration_ms: 39.644489
  type: 'test'
  ...
# Subtest: resolveExportPdfOutputTarget rejects non-pdf outputPath
ok 34 - resolveExportPdfOutputTarget rejects non-pdf outputPath
  ---
  duration_ms: 23.279098
  type: 'test'
  ...
# Subtest: insert shape with AI transform preserves spPr a14:hiddenFill
ok 35 - insert shape with AI transform preserves spPr a14:hiddenFill
  ---
  duration_ms: 820.964833
  type: 'test'
  ...
# Subtest: workshop deck AI insert+transform saves when deck is available
ok 36 - workshop deck AI insert+transform saves when deck is available
  ---
  duration_ms: 3.073923
  type: 'test'
  ...
# Subtest: DOCX agent ops smoke all implemented operations
ok 37 - DOCX agent ops smoke all implemented operations
  ---
  duration_ms: 1216.763102
  type: 'test'
  ...
# Subtest: DOCX run-style edits survive runs with existing self-closing properties
ok 38 - DOCX run-style edits survive runs with existing self-closing properties
  ---
  duration_ms: 12.955434
  type: 'test'
  ...
# Subtest: DOCX replaceBodyParagraphs rewrites body while preserving sectPr
ok 39 - DOCX replaceBodyParagraphs rewrites body while preserving sectPr
  ---
  duration_ms: 17.610072
  type: 'test'
  ...
# Subtest: DOCX metadata dry runs leave the cached session unchanged
ok 40 - DOCX metadata dry runs leave the cached session unchanged
  ---
  duration_ms: 26.136686
  type: 'test'
  ...
# Subtest: DOCX agent reload guard retains the latest package until its matching editor session is ready
ok 41 - DOCX agent reload guard retains the latest package until its matching editor session is ready
  ---
  duration_ms: 13.032355
  type: 'test'
  ...
# Subtest: DOCX metadata survives immediate view-mode agent save while React still has the old editor buffer
ok 42 - DOCX metadata survives immediate view-mode agent save while React still has the old editor buffer
  ---
  duration_ms: 37.938195
  type: 'test'
  ...
# Subtest: PPTX agent ops smoke dispatches every operation
    # Subtest: pptx.updateShapeText
    ok 1 - pptx.updateShapeText
      ---
      duration_ms: 522.143257
      type: 'test'
      ...
    # Subtest: pptx.replaceShapeParagraphs
    ok 2 - pptx.replaceShapeParagraphs
      ---
      duration_ms: 228.115573
      type: 'test'
      ...
    # Subtest: pptx.updateParagraphText
    ok 3 - pptx.updateParagraphText
      ---
      duration_ms: 121.013809
      type: 'test'
      ...
    # Subtest: pptx.updateTextRun
    ok 4 - pptx.updateTextRun
      ---
      duration_ms: 205.080344
      type: 'test'
      ...
    # Subtest: pptx.replaceText
    ok 5 - pptx.replaceText
      ---
      duration_ms: 87.53324
      type: 'test'
      ...
    # Subtest: pptx.setRunStyle
    ok 6 - pptx.setRunStyle
      ---
      duration_ms: 108.162127
      type: 'test'
      ...
    # Subtest: pptx.setParagraphAlignment
    ok 7 - pptx.setParagraphAlignment
      ---
      duration_ms: 105.261464
      type: 'test'
      ...
    # Subtest: pptx.applyListStyle
    ok 8 - pptx.applyListStyle
      ---
      duration_ms: 125.511035
      type: 'test'
      ...
    # Subtest: pptx.updateTransform
    ok 9 - pptx.updateTransform
      ---
      duration_ms: 130.194903
      type: 'test'
      ...
    # Subtest: pptx.setShapeFillColor
    ok 10 - pptx.setShapeFillColor
      ---
      duration_ms: 96.838516
      type: 'test'
      ...
    # Subtest: pptx.reorderShapes
    ok 11 - pptx.reorderShapes
      ---
      duration_ms: 126.713503
      type: 'test'
      ...
    # Subtest: pptx.groupShapes
    ok 12 - pptx.groupShapes
      ---
      duration_ms: 135.881951
      type: 'test'
      ...
    # Subtest: pptx.ungroupShapes
    ok 13 - pptx.ungroupShapes
      ---
      duration_ms: 190.55281
      type: 'test'
      ...
    # Subtest: pptx.flipShape
    ok 14 - pptx.flipShape
      ---
      duration_ms: 94.24816
      type: 'test'
      ...
    # Subtest: pptx.deleteShape
    ok 15 - pptx.deleteShape
      ---
      duration_ms: 176.740972
      type: 'test'
      ...
    # Subtest: pptx.addImage
    ok 16 - pptx.addImage
      ---
      duration_ms: 151.575752
      type: 'test'
      ...
    # Subtest: pptx.addShape
    ok 17 - pptx.addShape
      ---
      duration_ms: 121.766399
      type: 'test'
      ...
    # Subtest: pptx.addTextBox
    ok 18 - pptx.addTextBox
      ---
      duration_ms: 152.707548
      type: 'test'
      ...
    # Subtest: pptx.addTable
    ok 19 - pptx.addTable
      ---
      duration_ms: 237.154344
      type: 'test'
      ...
    # Subtest: pptx.addChart
    ok 20 - pptx.addChart
      ---
      duration_ms: 225.872928
      type: 'test'
      ...
    # Subtest: pptx.addSlide
    ok 21 - pptx.addSlide
      ---
      duration_ms: 202.116708
      type: 'test'
      ...
    # Subtest: pptx.deleteSlide
    ok 22 - pptx.deleteSlide
      ---
      duration_ms: 257.927299
      type: 'test'
      ...
    # Subtest: pptx.moveSlide
    ok 23 - pptx.moveSlide
      ---
      duration_ms: 272.641478
      type: 'test'
      ...
    # Subtest: pptx.duplicateSlide
    ok 24 - pptx.duplicateSlide
      ---
      duration_ms: 216.686966
      type: 'test'
      ...
    # Subtest: pptx.reorderSlides
    ok 25 - pptx.reorderSlides
      ---
      duration_ms: 300.519373
      type: 'test'
      ...
    # Subtest: pptx.setSlideBackground
    ok 26 - pptx.setSlideBackground
      ---
      duration_ms: 161.585761
      type: 'test'
      ...
    # Subtest: pptx.setImageCrop
    ok 27 - pptx.setImageCrop
      ---
      duration_ms: 92.830865
      type: 'test'
      ...
    # Subtest: pptx.fitImageToFrame
    ok 28 - pptx.fitImageToFrame
      ---
      duration_ms: 137.711652
      type: 'test'
      ...
    # Subtest: pptx.resetImage
    ok 29 - pptx.resetImage
      ---
      duration_ms: 89.073709
      type: 'test'
      ...
    # Subtest: pptx.replaceImage
    ok 30 - pptx.replaceImage
      ---
      duration_ms: 226.771751
      type: 'test'
      ...
    # Subtest: pptx.replaceImageFromShape
    ok 31 - pptx.replaceImageFromShape
      ---
      duration_ms: 210.583417
      type: 'test'
      ...
    # Subtest: pptx.updateChartData
    ok 32 - pptx.updateChartData
      ---
      duration_ms: 22.497053
      type: 'test'
      ...
    1..32
ok 43 - PPTX agent ops smoke dispatches every operation
  ---
  duration_ms: 7146.078498
  type: 'test'
  ...
# Subtest: PPTX image reset reports no-op state and clears authored crop
ok 44 - PPTX image reset reports no-op state and clears authored crop
  ---
  duration_ms: 160.580071
  type: 'test'
  ...
# Subtest: PPTX image fitting center-crops existing media and image replacements cover-crop by default
ok 45 - PPTX image fitting center-crops existing media and image replacements cover-crop by default
  ---
  duration_ms: 638.287138
  type: 'test'
  ...
# Subtest: PPTX agent list paragraphs are native and updateShapeText rejects list-like newlines
ok 46 - PPTX agent list paragraphs are native and updateShapeText rejects list-like newlines
  ---
  duration_ms: 111.510408
  type: 'test'
  ...
# Subtest: PPTX image deletion persists only with its explicit validation allowance
ok 47 - PPTX image deletion persists only with its explicit validation allowance
  ---
  duration_ms: 206.308725
  type: 'test'
  ...
# Subtest: PPTX chart/table/group deletion records matching protected-marker allowances
ok 48 - PPTX chart/table/group deletion records matching protected-marker allowances
  ---
  duration_ms: 354.608256
  type: 'test'
  ...
# Subtest: createOfficeDocument writes a blank DOCX with optional paragraphs
ok 49 - createOfficeDocument writes a blank DOCX with optional paragraphs
  ---
  duration_ms: 155.117075
  type: 'test'
  ...
# Subtest: describePptxFromEngine includes runs, style, chart data, crop, and slide background
ok 50 - describePptxFromEngine includes runs, style, chart data, crop, and slide background
  ---
  duration_ms: 752.416484
  type: 'test'
  ...
# Subtest: registerAiCommands registers all standard and legacy commands
ok 51 - registerAiCommands registers all standard and legacy commands
  ---
  duration_ms: 67.449913
  type: 'test'
  ...
# Subtest: every catalog operation has an object schema and example payload
ok 52 - every catalog operation has an object schema and example payload
  ---
  duration_ms: 43.263218
  type: 'test'
  ...
# Subtest: OP_EXAMPLES payloads pass schema validation
ok 53 - OP_EXAMPLES payloads pass schema validation
  ---
  duration_ms: 1.679874
  type: 'test'
  ...
# Subtest: PPTX image replacement defaults to aspect-ratio-preserving cover
ok 54 - PPTX image replacement defaults to aspect-ratio-preserving cover
  ---
  duration_ms: 0.960436
  type: 'test'
  ...
# Subtest: PPTX fitImageToFrame requires only an existing image shape
ok 55 - PPTX fitImageToFrame requires only an existing image shape
  ---
  duration_ms: 0.561678
  type: 'test'
  ...
# Subtest: OP_EXAMPLES reject missing required fields
ok 56 - OP_EXAMPLES reject missing required fields
  ---
  duration_ms: 1.756314
  type: 'test'
  ...
# Subtest: generated capabilities.json includes per-op schemas and examples
ok 57 - generated capabilities.json includes per-op schemas and examples
  ---
  duration_ms: 1.530499
  type: 'test'
  ...
# Subtest: PptxDocumentService undo restores headless agent edits
ok 58 - PptxDocumentService undo restores headless agent edits
  ---
  duration_ms: 2607.67693
  type: 'test'
  ...
# Subtest: PptxDocumentService redo restores headless agent undo
ok 59 - PptxDocumentService redo restores headless agent undo
  ---
  duration_ms: 449.977351
  type: 'test'
  ...
# Subtest: PptxDocumentService undo survives close and rewrites vault bytes after save
ok 60 - PptxDocumentService undo survives close and rewrites vault bytes after save
  ---
  duration_ms: 439.630068
  type: 'test'
  ...
# Subtest: writeVaultBinaryArtifact reports the requested path when the vault returns null
ok 61 - writeVaultBinaryArtifact reports the requested path when the vault returns null
  ---
  duration_ms: 38.571977
  type: 'test'
  ...
# Subtest: hasReviewMarkup: true for tracked insertions in the document body
ok 62 - hasReviewMarkup: true for tracked insertions in the document body
  ---
  duration_ms: 201.829719
  type: 'test'
  ...
# Subtest: hasReviewMarkup: true for tracked deletions
ok 63 - hasReviewMarkup: true for tracked deletions
  ---
  duration_ms: 3.430078
  type: 'test'
  ...
# Subtest: hasReviewMarkup: true for comments declared in word/comments.xml
ok 64 - hasReviewMarkup: true for comments declared in word/comments.xml
  ---
  duration_ms: 7.602493
  type: 'test'
  ...
# Subtest: hasReviewMarkup: false for a clean document with no review markup
ok 65 - hasReviewMarkup: false for a clean document with no review markup
  ---
  duration_ms: 6.116216
  type: 'test'
  ...
# Subtest: hasReviewMarkup: true for format-only tracked changes (rPrChange)
ok 66 - hasReviewMarkup: true for format-only tracked changes (rPrChange)
  ---
  duration_ms: 7.561331
  type: 'test'
  ...
# Subtest: hasReviewMarkup: true for paragraph/table property-change and cell revisions
ok 67 - hasReviewMarkup: true for paragraph/table property-change and cell revisions
  ---
  duration_ms: 3.28332
  type: 'test'
  ...
# Subtest: hasReviewMarkup: false for lookalike elements (insideH, delText)
ok 68 - hasReviewMarkup: false for lookalike elements (insideH, delText)
  ---
  duration_ms: 6.108144
  type: 'test'
  ...
# Subtest: findHiddenDocxText: flags vanished, white, and tiny-font text; returns prompt-injection signal
ok 69 - findHiddenDocxText: flags vanished, white, and tiny-font text; returns prompt-injection signal
  ---
  duration_ms: 168.669717
  type: 'test'
  ...
# Subtest: findHiddenDocxText: clean on benign visible text
ok 70 - findHiddenDocxText: clean on benign visible text
  ---
  duration_ms: 5.832378
  type: 'test'
  ...
# Subtest: findHiddenDocxText: prompt injection in visible text is reported
ok 71 - findHiddenDocxText: prompt injection in visible text is reported
  ---
  duration_ms: 7.481589
  type: 'test'
  ...
# Subtest: findHiddenDocxText: still clean on benign visible text without injection
ok 72 - findHiddenDocxText: still clean on benign visible text without injection
  ---
  duration_ms: 12.55923
  type: 'test'
  ...
# Subtest: extractDocxText: extracts text, tabs, breaks, and decodes entities
ok 73 - extractDocxText: extracts text, tabs, breaks, and decodes entities
  ---
  duration_ms: 148.004941
  type: 'test'
  ...
# Subtest: extractDocxText returns clean plain text for the txt export path
ok 74 - extractDocxText returns clean plain text for the txt export path
  ---
  duration_ms: 102.502886
  type: 'test'
  ...
# Subtest: extractDocxMarkdown separates paragraphs with a blank line (not txt-identical)
ok 75 - extractDocxMarkdown separates paragraphs with a blank line (not txt-identical)
  ---
  duration_ms: 6.273862
  type: 'test'
  ...
# Subtest: extractDocxMarkdown preserves an inline break as a Markdown hard break
ok 76 - extractDocxMarkdown preserves an inline break as a Markdown hard break
  ---
  duration_ms: 3.338175
  type: 'test'
  ...
# Subtest: extractDocxMarkdown maps headings, emphasis, and list items
ok 77 - extractDocxMarkdown maps headings, emphasis, and list items
  ---
  duration_ms: 2.9652
  type: 'test'
  ...
# Subtest: extractDocxMarkdown ignores bold toggles disabled via w:val
ok 78 - extractDocxMarkdown ignores bold toggles disabled via w:val
  ---
  duration_ms: 2.055138
  type: 'test'
  ...
# Subtest: extractDocxText decodes entities and preserves tab/break structure
ok 79 - extractDocxText decodes entities and preserves tab/break structure
  ---
  duration_ms: 3.142832
  type: 'test'
  ...
# Subtest: extractDocxText splits paragraphs so the HTML export can group them
ok 80 - extractDocxText splits paragraphs so the HTML export can group them
  ---
  duration_ms: 3.198909
  type: 'test'
  ...
# Subtest: extractDocxText orders document body before headers/footnotes parts
ok 81 - extractDocxText orders document body before headers/footnotes parts
  ---
  duration_ms: 19.865474
  type: 'test'
  ...
# Subtest: extractDocxText normalizes runaway whitespace before serialization
ok 82 - extractDocxText normalizes runaway whitespace before serialization
  ---
  duration_ms: 4.949881
  type: 'test'
  ...
# Subtest: normalizeDefaultZoom clamps to 0.5-2 and snaps to the 0.05 step
ok 83 - normalizeDefaultZoom clamps to 0.5-2 and snaps to the 0.05 step
  ---
  duration_ms: 107.434277
  type: 'test'
  ...
# Subtest: normalizeDefaultZoom falls back to default 1 for non-numeric / non-finite input
ok 84 - normalizeDefaultZoom falls back to default 1 for non-numeric / non-finite input
  ---
  duration_ms: 0.459205
  type: 'test'
  ...
# Subtest: getNativePowerPointSettings maps NativePowerPointDocEditorSettings -> NativePowerPoint shape
ok 85 - getNativePowerPointSettings maps NativePowerPointDocEditorSettings -> NativePowerPoint shape
  ---
  duration_ms: 3.581196
  type: 'test'
  ...
# Subtest: getNativePowerPointSettings supplies a no-op callback default
ok 86 - getNativePowerPointSettings supplies a no-op callback default
  ---
  duration_ms: 0.703241
  type: 'test'
  ...
# Subtest: normalizeEditorThemePreference keeps light/dark/system and falls back to system
ok 87 - normalizeEditorThemePreference keeps light/dark/system and falls back to system
  ---
  duration_ms: 0.302898
  type: 'test'
  ...
# Subtest: resolveEditorThemePreference pins explicit themes and resolves system
ok 88 - resolveEditorThemePreference pins explicit themes and resolves system
  ---
  duration_ms: 1.055628
  type: 'test'
  ...
# Subtest: settings catalog covers DOCX and PowerPoint configurable settings
ok 89 - settings catalog covers DOCX and PowerPoint configurable settings
  ---
  duration_ms: 1.627546
  type: 'test'
  ...
# Subtest: reorderShapes('front') moves the first shape to the top of the z-order
ok 90 - reorderShapes('front') moves the first shape to the top of the z-order
  ---
  duration_ms: 997.867669
  type: 'test'
  ...
# Subtest: reorderShapes('backward'/'forward') skips unrelated layers and stops at an overlap
ok 91 - reorderShapes('backward'/'forward') skips unrelated layers and stops at an overlap
  ---
  duration_ms: 540.575416
  type: 'test'
  ...
# Subtest: reorderShapes('backward'/'forward') leaves isolated objects in place
ok 92 - reorderShapes('backward'/'forward') leaves isolated objects in place
  ---
  duration_ms: 419.357882
  type: 'test'
  ...
# Subtest: a reordered deck still exports and re-loads/renders
ok 93 - a reordered deck still exports and re-loads/renders
  ---
  duration_ms: 149.198167
  type: 'test'
  ...
# Subtest: broken slide background falls back to layout background image
ok 94 - broken slide background falls back to layout background image
  ---
  duration_ms: 409.439115
  type: 'test'
  ...
# Subtest: getChartDataDescriptor exposes an editable grid for a source-backed embedded-workbook chart
ok 95 - getChartDataDescriptor exposes an editable grid for a source-backed embedded-workbook chart
  ---
  duration_ms: 102.387656
  type: 'test'
  ...
# Subtest: updateChartData applies edits to chart caches and the embedded workbook, and round-trips
ok 96 - updateChartData applies edits to chart caches and the embedded workbook, and round-trips
  ---
  duration_ms: 64.507591
  type: 'test'
  ...
# Subtest: updateChartData accepts grouped and overflow-scale numeric values
ok 97 - updateChartData accepts grouped and overflow-scale numeric values
  ---
  duration_ms: 34.400601
  type: 'test'
  ...
# Subtest: updateChartData inserts chart rows by extending caches, formulas, and the embedded workbook
ok 98 - updateChartData inserts chart rows by extending caches, formulas, and the embedded workbook
  ---
  duration_ms: 22.164191
  type: 'test'
  ...
# Subtest: updateChartData deletes chart rows by shrinking formulas and clearing stale workbook cells
ok 99 - updateChartData deletes chart rows by shrinking formulas and clearing stale workbook cells
  ---
  duration_ms: 14.807838
  type: 'test'
  ...
# Subtest: updateChartData validates row operations and keeps at least one chart row
ok 100 - updateChartData validates row operations and keeps at least one chart row
  ---
  duration_ms: 6.360934
  type: 'test'
  ...
# Subtest: getChartDataDescriptor returns a documented read-only reason for the literal-data fixture (features.pptx)
ok 101 - getChartDataDescriptor returns a documented read-only reason for the literal-data fixture (features.pptx)
  ---
  duration_ms: 5.50458
  type: 'test'
  ...
# Subtest: chart insert catalog covers every PowerPoint-like type without stubs
ok 102 - chart insert catalog covers every PowerPoint-like type without stubs
  ---
  duration_ms: 33.911316
  type: 'test'
  ...
# Subtest: insert column chart renders and round-trips
ok 103 - insert column chart renders and round-trips
  ---
  duration_ms: 686.523521
  type: 'test'
  ...
# Subtest: insert line chart renders and round-trips
ok 104 - insert line chart renders and round-trips
  ---
  duration_ms: 190.392343
  type: 'test'
  ...
# Subtest: insert pie chart renders and round-trips
ok 105 - insert pie chart renders and round-trips
  ---
  duration_ms: 195.926426
  type: 'test'
  ...
# Subtest: insert bar chart renders and round-trips
ok 106 - insert bar chart renders and round-trips
  ---
  duration_ms: 161.034682
  type: 'test'
  ...
# Subtest: insert area chart renders and round-trips
ok 107 - insert area chart renders and round-trips
  ---
  duration_ms: 156.78322
  type: 'test'
  ...
# Subtest: insert scatter chart renders and round-trips
ok 108 - insert scatter chart renders and round-trips
  ---
  duration_ms: 164.048527
  type: 'test'
  ...
# Subtest: insert stock chart renders and round-trips
ok 109 - insert stock chart renders and round-trips
  ---
  duration_ms: 191.014802
  type: 'test'
  ...
# Subtest: insert surface chart renders and round-trips
ok 110 - insert surface chart renders and round-trips
  ---
  duration_ms: 192.980594
  type: 'test'
  ...
# Subtest: insert radar chart renders and round-trips
ok 111 - insert radar chart renders and round-trips
  ---
  duration_ms: 171.489145
  type: 'test'
  ...
# Subtest: insert treemap chart renders and round-trips
ok 112 - insert treemap chart renders and round-trips
  ---
  duration_ms: 181.026567
  type: 'test'
  ...
# Subtest: insert sunburst chart renders and round-trips
ok 113 - insert sunburst chart renders and round-trips
  ---
  duration_ms: 191.30566
  type: 'test'
  ...
# Subtest: insert histogram chart renders and round-trips
ok 114 - insert histogram chart renders and round-trips
  ---
  duration_ms: 128.442322
  type: 'test'
  ...
# Subtest: insert boxWhisker chart renders and round-trips
ok 115 - insert boxWhisker chart renders and round-trips
  ---
  duration_ms: 214.69554
  type: 'test'
  ...
# Subtest: insert waterfall chart renders and round-trips
ok 116 - insert waterfall chart renders and round-trips
  ---
  duration_ms: 173.102964
  type: 'test'
  ...
# Subtest: insert combo chart renders and round-trips
ok 117 - insert combo chart renders and round-trips
  ---
  duration_ms: 163.760405
  type: 'test'
  ...
# Subtest: pasting one clipboard twice yields independent, round-trippable decks
ok 118 - pasting one clipboard twice yields independent, round-trippable decks
  ---
  duration_ms: 603.893951
  type: 'test'
  ...
# Subtest: a multi-object clipboard pastes every selected object in one round trip
ok 119 - a multi-object clipboard pastes every selected object in one round trip
  ---
  duration_ms: 211.492713
  type: 'test'
  ...
# Subtest: replaceText counts and mutates deck-wide and scoped, as find/replace delegates
ok 120 - replaceText counts and mutates deck-wide and scoped, as find/replace delegates
  ---
  duration_ms: 179.98998
  type: 'test'
  ...
# Subtest: replaceText replaces a match spanning two runs in one paragraph
ok 121 - replaceText replaces a match spanning two runs in one paragraph
  ---
  duration_ms: 96.905972
  type: 'test'
  ...
# Subtest: getRendererFallbacks maps known PowerPoint fonts to cross-platform stacks
ok 122 - getRendererFallbacks maps known PowerPoint fonts to cross-platform stacks
  ---
  duration_ms: 51.572475
  type: 'test'
  ...
# Subtest: getRendererFallbacks returns a defensive copy
ok 123 - getRendererFallbacks returns a defensive copy
  ---
  duration_ms: 0.355934
  type: 'test'
  ...
# Subtest: constructor merges caller-supplied fallbacks over the PowerPoint defaults
ok 124 - constructor merges caller-supplied fallbacks over the PowerPoint defaults
  ---
  duration_ms: 0.349069
  type: 'test'
  ...
# Subtest: capture snapshots current state; undo then redo round-trips the document
ok 125 - capture snapshots current state; undo then redo round-trips the document
  ---
  duration_ms: 16.246862
  type: 'test'
  ...
# Subtest: history invalidates cached thumbnails before rendering a restored snapshot
ok 126 - history invalidates cached thumbnails before rendering a restored snapshot
  ---
  duration_ms: 0.689574
  type: 'test'
  ...
# Subtest: record() caps the undo stack at HISTORY_LIMIT (20) entries
ok 127 - record() caps the undo stack at HISTORY_LIMIT (20) entries
  ---
  duration_ms: 1.604934
  type: 'test'
  ...
# Subtest: undo is blocked (and bails out) while a text editor is focused
ok 128 - undo is blocked (and bails out) while a text editor is focused
  ---
  duration_ms: 0.447035
  type: 'test'
  ...
# Subtest: history toolbar enables an active inline undo entry
ok 129 - history toolbar enables an active inline undo entry
  ---
  duration_ms: 0.338766
  type: 'test'
  ...
# Subtest: undo/redo no-op when the host is not editable
ok 130 - undo/redo no-op when the host is not editable
  ---
  duration_ms: 0.635227
  type: 'test'
  ...
# Subtest: insert shape preserves a14 blip extensions through export validation
ok 131 - insert shape preserves a14 blip extensions through export validation
  ---
  duration_ms: 557.911777
  type: 'test'
  ...
# Subtest: insert shape preserves a14 on every blip when slide already has multiple images
ok 132 - insert shape preserves a14 on every blip when slide already has multiple images
  ---
  duration_ms: 156.823944
  type: 'test'
  ...
# Subtest: insert text box round-trips to a valid, loadable deck
ok 133 - insert text box round-trips to a valid, loadable deck
  ---
  duration_ms: 624.417555
  type: 'test'
  ...
# Subtest: insert text box honors a requested slide-space origin and clamps it to the slide
ok 134 - insert text box honors a requested slide-space origin and clamps it to the slide
  ---
  duration_ms: 176.748266
  type: 'test'
  ...
# Subtest: insert shape geometries round-trip to a valid, loadable deck
    # Subtest: rect
    ok 1 - rect
      ---
      duration_ms: 114.465291
      type: 'test'
      ...
    # Subtest: ellipse
    ok 2 - ellipse
      ---
      duration_ms: 165.881501
      type: 'test'
      ...
    # Subtest: roundRect
    ok 3 - roundRect
      ---
      duration_ms: 116.865275
      type: 'test'
      ...
    # Subtest: line
    ok 4 - line
      ---
      duration_ms: 114.763656
      type: 'test'
      ...
    # Subtest: rightArrow
    ok 5 - rightArrow
      ---
      duration_ms: 104.074699
      type: 'test'
      ...
    # Subtest: leftArrow
    ok 6 - leftArrow
      ---
      duration_ms: 122.600729
      type: 'test'
      ...
    # Subtest: upArrow
    ok 7 - upArrow
      ---
      duration_ms: 108.64135
      type: 'test'
      ...
    # Subtest: downArrow
    ok 8 - downArrow
      ---
      duration_ms: 115.650052
      type: 'test'
      ...
    1..8
ok 135 - insert shape geometries round-trip to a valid, loadable deck
  ---
  duration_ms: 967.285252
  type: 'test'
  ...
# Subtest: insert image round-trips to a valid, loadable deck
ok 136 - insert image round-trips to a valid, loadable deck
  ---
  duration_ms: 160.684694
  type: 'test'
  ...
# Subtest: insert table round-trips and embeds the new table grid
ok 137 - insert table round-trips and embeds the new table grid
  ---
  duration_ms: 193.27394
  type: 'test'
  ...
# Subtest: insert chart round-trips and writes the chart package parts
ok 138 - insert chart round-trips and writes the chart package parts
  ---
  duration_ms: 255.816759
  type: 'test'
  ...
# Subtest: apply bullet list writes hanging indent and renders marker outside run text
ok 139 - apply bullet list writes hanging indent and renders marker outside run text
  ---
  duration_ms: 133.643288
  type: 'test'
  ...
# Subtest: extension predicates classify every PowerPoint extension correctly
ok 140 - extension predicates classify every PowerPoint extension correctly
  ---
  duration_ms: 22.321478
  type: 'test'
  ...
# Subtest: extension predicates are case-insensitive
ok 141 - extension predicates are case-insensitive
  ---
  duration_ms: 0.394685
  type: 'test'
  ...
# Subtest: an editable .pptx fixture inspects and validates as openable and not view-only
ok 142 - an editable .pptx fixture inspects and validates as openable and not view-only
  ---
  duration_ms: 34.390511
  type: 'test'
  ...
# Subtest: a macro-enabled .pptm fixture is detected as view-only via extension and VBA project
ok 143 - a macro-enabled .pptm fixture is detected as view-only via extension and VBA project
  ---
  duration_ms: 1.852625
  type: 'test'
  ...
# Subtest: isWasmGcUnsupportedError matches the real pptx-svg failure string
ok 144 - isWasmGcUnsupportedError matches the real pptx-svg failure string
  ---
  duration_ms: 22.381668
  type: 'test'
  ...
# Subtest: isWasmGcUnsupportedError is false for unrelated errors
ok 145 - isWasmGcUnsupportedError is false for unrelated errors
  ---
  duration_ms: 6.409558
  type: 'test'
  ...
# Subtest: cleanError normalizes Error, string, and empty/undefined inputs
ok 146 - cleanError normalizes Error, string, and empty/undefined inputs
  ---
  duration_ms: 10.925828
  type: 'test'
  ...
# Subtest: forced-JS path renders a deck end-to-end via PresentationEngine
ok 147 - forced-JS path renders a deck end-to-end via PresentationEngine
  ---
  duration_ms: 395.028401
  type: 'test'
  ...
# Subtest: save/export round trip preserves slides and passes export validation
    # Subtest: validatePowerPointExport finds no errors
    ok 1 - validatePowerPointExport finds no errors
      ---
      duration_ms: 6.49877
      type: 'test'
      ...
    # Subtest: validatePowerPointExportContents finds no errors
    ok 2 - validatePowerPointExportContents finds no errors
      ---
      duration_ms: 9.089404
      type: 'test'
      ...
    # Subtest: validateRoundTrip accepts the exported buffer
    ok 3 - validateRoundTrip accepts the exported buffer
      ---
      duration_ms: 74.781922
      type: 'test'
      ...
    # Subtest: reloaded export preserves slide count and renders
    ok 4 - reloaded export preserves slide count and renders
      ---
      duration_ms: 27.265472
      type: 'test'
      ...
    1..4
ok 148 - save/export round trip preserves slides and passes export validation
  ---
  duration_ms: 573.189764
  type: 'test'
  ...
# Subtest: PNG/PDF/print rasterization is DOM-canvas bound (manual-only)
ok 149 - PNG/PDF/print rasterization is DOM-canvas bound (manual-only)
  ---
  duration_ms: 0.29671
  type: 'test'
  ...
# Subtest: adding a slide increments slideCount and the new slide renders
ok 150 - adding a slide increments slideCount and the new slide renders
  ---
  duration_ms: 616.666413
  type: 'test'
  ...
# Subtest: duplicating a slide increments slideCount and renders the copy
ok 151 - duplicating a slide increments slideCount and renders the copy
  ---
  duration_ms: 151.379931
  type: 'test'
  ...
# Subtest: duplicating a slide preserves pictures, groups, tables, and charts
ok 152 - duplicating a slide preserves pictures, groups, tables, and charts
  ---
  duration_ms: 260.82182
  type: 'test'
  ...
# Subtest: deleting a slide decrements slideCount and is guarded at one slide
ok 153 - deleting a slide decrements slideCount and is guarded at one slide
  ---
  duration_ms: 230.399732
  type: 'test'
  ...
# Subtest: new-slide layouts (blank/title/titleBody) each add a slide
ok 154 - new-slide layouts (blank/title/titleBody) each add a slide
  ---
  duration_ms: 387.899068
  type: 'test'
  ...
# Subtest: template layouts are discovered and a new slide keeps the selected POTX layout relationship
ok 155 - template layouts are discovered and a new slide keeps the selected POTX layout relationship
  ---
  duration_ms: 158.644374
  type: 'test'
  ...
# Subtest: reorder changes slide order and export round-trips to a loadable deck
ok 156 - reorder changes slide order and export round-trips to a loadable deck
  ---
  duration_ms: 48812.369565
  type: 'test'
  ...
# Subtest: a full add/duplicate/delete sequence exports to a still-loadable deck
ok 157 - a full add/duplicate/delete sequence exports to a still-loadable deck
  ---
  duration_ms: 314.884299
  type: 'test'
  ...
# Subtest: deleting a slide with relationships and markers validates successfully
ok 158 - deleting a slide with relationships and markers validates successfully
  ---
  duration_ms: 167.665868
  type: 'test'
  ...
# Subtest: strict mode strips <script> while keeping benign shapes
ok 159 - strict mode strips <script> while keeping benign shapes
  ---
  duration_ms: 41.458586
  type: 'test'
  ...
# Subtest: permanently blocked elements (iframe, foreignObject) are stripped in strict mode
ok 160 - permanently blocked elements (iframe, foreignObject) are stripped in strict mode
  ---
  duration_ms: 1.715078
  type: 'test'
  ...
# Subtest: on* event handlers are stripped in strict mode
ok 161 - on* event handlers are stripped in strict mode
  ---
  duration_ms: 1.159894
  type: 'test'
  ...
# Subtest: javascript: URLs in href are stripped in strict mode
ok 162 - javascript: URLs in href are stripped in strict mode
  ---
  duration_ms: 0.702691
  type: 'test'
  ...
# Subtest: dangerous elements/handlers are ALSO blocked in compatibility mode
ok 163 - dangerous elements/handlers are ALSO blocked in compatibility mode
  ---
  duration_ms: 0.765271
  type: 'test'
  ...
# Subtest: summarizeSvgSecurityIssues aggregates issues by reason
ok 164 - summarizeSvgSecurityIssues aggregates issues by reason
  ---
  duration_ms: 1.048868
  type: 'test'
  ...
# Subtest: benign full SVG passes strict sanitize untouched of issues
ok 165 - benign full SVG passes strict sanitize untouched of issues
  ---
  duration_ms: 0.745525
  type: 'test'
  ...
# Subtest: parsePrimaryFontFamily extracts the first real font face
ok 166 - parsePrimaryFontFamily extracts the first real font face
  ---
  duration_ms: 24.596628
  type: 'test'
  ...
# Subtest: normalizeSearchText collapses whitespace and trims
ok 167 - normalizeSearchText collapses whitespace and trims
  ---
  duration_ms: 0.514941
  type: 'test'
  ...
# Subtest: PresentationEngine run-style edit applies, renders, and round-trips
ok 168 - PresentationEngine run-style edit applies, renders, and round-trips
  ---
  duration_ms: 589.269786
  type: 'test'
  ...
# Subtest: PresentationEngine paragraph alignment edit survives export
ok 169 - PresentationEngine paragraph alignment edit survives export
  ---
  duration_ms: 178.230904
  type: 'test'
  ...
# Subtest: PresentationEngine deletes a cross-paragraph selection in one mutation
ok 170 - PresentationEngine deletes a cross-paragraph selection in one mutation
  ---
  duration_ms: 178.045296
  type: 'test'
  ...
# Subtest: emuToPx and pxToEmu round-trip for 96-DPI-aligned pixel values
ok 171 - emuToPx and pxToEmu round-trip for 96-DPI-aligned pixel values
  ---
  duration_ms: 1.42357
  type: 'test'
  ...
# Subtest: emuToPx is the rounding inverse of pxToEmu for arbitrary EMU values
ok 172 - emuToPx is the rounding inverse of pxToEmu for arbitrary EMU values
  ---
  duration_ms: 0.308338
  type: 'test'
  ...
# Subtest: degreesToOoxml and ooxmlToDegrees round-trip
ok 173 - degreesToOoxml and ooxmlToDegrees round-trip
  ---
  duration_ms: 0.229766
  type: 'test'
  ...
# Subtest: parseSvgLength parses unitless and px values, rejects %
ok 174 - parseSvgLength parses unitless and px values, rejects %
  ---
  duration_ms: 0.515204
  type: 'test'
  ...
# Subtest: parseSvgLength does NOT parse pt (documented audit limitation)
ok 175 - parseSvgLength does NOT parse pt (documented audit limitation)
  ---
  duration_ms: 0.300036
  type: 'test'
  ...
# Subtest: shape fragments with definitions require a complete SVG replacement
ok 176 - shape fragments with definitions require a complete SVG replacement
  ---
  duration_ms: 0.318528
  type: 'test'
  ...
# Subtest: transformsMatch is true only when every field is equal
ok 177 - transformsMatch is true only when every field is equal
  ---
  duration_ms: 0.327181
  type: 'test'
  ...
# Subtest: cloneTransform makes an independent deep copy of the five fields
ok 178 - cloneTransform makes an independent deep copy of the five fields
  ---
  duration_ms: 1.073741
  type: 'test'
  ...
# Subtest: isSelectableShapeIndex rejects layout/master decorations and null
ok 179 - isSelectableShapeIndex rejects layout/master decorations and null
  ---
  duration_ms: 0.589599
  type: 'test'
  ...
# Subtest: isTopLevelShapeForIndex accepts the already-known outer SVG group
ok 180 - isTopLevelShapeForIndex accepts the already-known outer SVG group
  ---
  duration_ms: 0.750791
  type: 'test'
  ...
# Subtest: canKeepLiveGroupMovePreview only retains a plain move preview
ok 181 - canKeepLiveGroupMovePreview only retains a plain move preview
  ---
  duration_ms: 0.284814
  type: 'test'
  ...
# Subtest: Mac delete key with code Backspace is backward even if key says Delete
ok 182 - Mac delete key with code Backspace is backward even if key says Delete
  ---
  duration_ms: 33.094345
  type: 'test'
  ...
# Subtest: forward Delete keeps forward semantics
ok 183 - forward Delete keeps forward semantics
  ---
  duration_ms: 0.306853
  type: 'test'
  ...
# Subtest: normal Backspace is backward
ok 184 - normal Backspace is backward
  ---
  duration_ms: 0.166309
  type: 'test'
  ...
# Subtest: i|n + Mac delete (misreported key) removes i, not n
ok 185 - i|n + Mac delete (misreported key) removes i, not n
  ---
  duration_ms: 0.207225
  type: 'test'
  ...
# Subtest: blank DOCX package has required parts and styles
ok 186 - blank DOCX package has required parts and styles
  ---
  duration_ms: 144.869384
  type: 'test'
  ...
# Subtest: blank PPTX package has one blank slide plus master/layout/theme
ok 187 - blank PPTX package has one blank slide plus master/layout/theme
  ---
  duration_ms: 111.088531
  type: 'test'
  ...
# Subtest: chart data import parses chart CSV, excel layout, transpose, and xlsx
ok 188 - chart data import parses chart CSV, excel layout, transpose, and xlsx
  ---
  duration_ms: 88.319533
  type: 'test'
  ...
# Subtest: column chart preview scales 687789 after pptx-svg i32 overflow
ok 189 - column chart preview scales 687789 after pptx-svg i32 overflow
  ---
  duration_ms: 749.669505
  type: 'test'
  ...
# Subtest: bar chart preview keeps horizontal bars for 689999
ok 190 - bar chart preview keeps horizontal bars for 689999
  ---
  duration_ms: 340.28901
  type: 'test'
  ...
# Subtest: coalescePptxOps merges consecutive same-slide deletes descending
ok 191 - coalescePptxOps merges consecutive same-slide deletes descending
  ---
  duration_ms: 2.193423
  type: 'test'
  ...
# Subtest: coalescePptxOps leaves single deletes and other slides alone
ok 192 - coalescePptxOps leaves single deletes and other slides alone
  ---
  duration_ms: 0.201024
  type: 'test'
  ...
# Subtest: schedule registers a timeout and executes task when timer fires
ok 193 - schedule registers a timeout and executes task when timer fires
  ---
  duration_ms: 25.289919
  type: 'test'
  ...
# Subtest: schedule coalesces duplicate calls when timer is already pending
ok 194 - schedule coalesces duplicate calls when timer is already pending
  ---
  duration_ms: 0.347339
  type: 'test'
  ...
# Subtest: allows rescheduling after the previous timeout has executed
ok 195 - allows rescheduling after the previous timeout has executed
  ---
  duration_ms: 0.424561
  type: 'test'
  ...
# Subtest: cancel clears the pending timeout and prevents task execution
ok 196 - cancel clears the pending timeout and prevents task execution
  ---
  duration_ms: 0.246168
  type: 'test'
  ...
# Subtest: cancel is a safe no-op when no timeout is pending
ok 197 - cancel is a safe no-op when no timeout is pending
  ---
  duration_ms: 0.310207
  type: 'test'
  ...
# Subtest: allows scheduling again after a timeout has been canceled
ok 198 - allows scheduling again after a timeout has been canceled
  ---
  duration_ms: 0.436394
  type: 'test'
  ...
# Subtest: shape fill context action uses concise change-color copy
ok 199 - shape fill context action uses concise change-color copy
  ---
  duration_ms: 22.166963
  type: 'test'
  ...
# Subtest: color pickers render a dedicated visible fill inside every swatch button
ok 200 - color pickers render a dedicated visible fill inside every swatch button
  ---
  duration_ms: 19.055604
  type: 'test'
  ...
# Subtest: deleting an image prunes its media part and keeps save validation green
ok 201 - deleting an image prunes its media part and keeps save validation green
  ---
  duration_ms: 674.66698
  type: 'test'
  ...
# Subtest: deleting a chart prunes chart and embedding parts
ok 202 - deleting a chart prunes chart and embedding parts
  ---
  duration_ms: 193.249611
  type: 'test'
  ...
# Subtest: deleting a shape with an external relationship validates successfully
ok 203 - deleting a shape with an external relationship validates successfully
  ---
  duration_ms: 109.49096
  type: 'test'
  ...
# Subtest: deployPluginArtifacts replaces generated trees and preserves runtime data
ok 204 - deployPluginArtifacts replaces generated trees and preserves runtime data
  ---
  duration_ms: 70.361161
  type: 'test'
  ...
# Subtest: deployPluginArtifacts leaves the installed plugin untouched when staging fails
ok 205 - deployPluginArtifacts leaves the installed plugin untouched when staging fails
  ---
  duration_ms: 62.228628
  type: 'test'
  ...
# Subtest: countDocumentWords counts whitespace-delimited document words
ok 206 - countDocumentWords counts whitespace-delimited document words
  ---
  duration_ms: 29.286212
  type: 'test'
  ...
# Subtest: formatDocumentWordCount shows the selection count when one exists
ok 207 - formatDocumentWordCount shows the selection count when one exists
  ---
  duration_ms: 25.803231
  type: 'test'
  ...
# Subtest: DOCX chrome fallback creation avoids Obsidian Document helpers
ok 208 - DOCX chrome fallback creation avoids Obsidian Document helpers
  ---
  duration_ms: 1.121286
  type: 'test'
  ...
# Subtest: DOCX chrome reconciles after the vendor editor view becomes ready
ok 209 - DOCX chrome reconciles after the vendor editor view becomes ready
  ---
  duration_ms: 10.860654
  type: 'test'
  ...
# Subtest: DOCX chrome fallback nodes use their parent owner document
ok 210 - DOCX chrome fallback nodes use their parent owner document
  ---
  duration_ms: 3.871144
  type: 'test'
  ...
# Subtest: DOCX close flushes pending save before unsaved prompt
ok 211 - DOCX close flushes pending save before unsaved prompt
  ---
  duration_ms: 9.950619
  type: 'test'
  ...
# Subtest: summarizeDocxComments includes replies with parentId
ok 212 - summarizeDocxComments includes replies with parentId
  ---
  duration_ms: 28.215463
  type: 'test'
  ...
# Subtest: truncateCommentText handles strings according to length limit
ok 213 - truncateCommentText handles strings according to length limit
  ---
  duration_ms: 0.583996
  type: 'test'
  ...
# Subtest: extractDocxCommentPlainText handles explicit text, nested runs, edge cases, and truncation
ok 214 - extractDocxCommentPlainText handles explicit text, nested runs, edge cases, and truncation
  ---
  duration_ms: 0.527143
  type: 'test'
  ...
# Subtest: editor chrome markers use the selector spelling expected by deduplication
ok 215 - editor chrome markers use the selector spelling expected by deduplication
  ---
  duration_ms: 22.377133
  type: 'test'
  ...
# Subtest: stampDocxEditorChromeRegions maps vendor hooks onto plugin attrs
ok 216 - stampDocxEditorChromeRegions maps vendor hooks onto plugin attrs
  ---
  duration_ms: 3.859914
  type: 'test'
  ...
# Subtest: DOCX editor packages resolve from the vendor runtime, not source or npm packages
ok 217 - DOCX editor packages resolve from the vendor runtime, not source or npm packages
  ---
  duration_ms: 98.085142
  type: 'test'
  ...
# Subtest: react dist styles.css ships .docx-editor-root theme tokens for portaled menus
ok 218 - react dist styles.css ships .docx-editor-root theme tokens for portaled menus
  ---
  duration_ms: 9.588131
  type: 'test'
  ...
# Subtest: DOCX styles use the target document realm and remain document-scoped
ok 219 - DOCX styles use the target document realm and remain document-scoped
  ---
  duration_ms: 30.332859
  type: 'test'
  ...
# Subtest: DOCX styles fall back when adopted stylesheet ownership is rejected
ok 220 - DOCX styles fall back when adopted stylesheet ownership is rejected
  ---
  duration_ms: 0.885761
  type: 'test'
  ...
# [Native PowerPoint Doc Editor] embed: Could not load DOCX embed folder/test.docx Error: Simulated chunk load error
#     at loadDocxEditorChunk (file:///app/tests/helpers/load-plugin-modules.mjs:605:19)
#     at LazyDocxFileEmbed.loadEmbed (/tmp/native-powerpoint-tests-aQ4oZ6/docx-embed-loader.cjs:262:87)
#     at LazyDocxFileEmbed.onload (/tmp/native-powerpoint-tests-aQ4oZ6/docx-embed-loader.cjs:250:15)
#     at TestContext.<anonymous> (file:///app/tests/docx-embed-error.test.mjs:26:12)
#     at process.processTicksAndRejections (node:internal/process/task_queues:103:5)
#     at async Test.run (node:internal/test_runner/test:1054:7)
#     at async startSubtestAfterBootstrap (node:internal/test_runner/harness:296:3)
# Subtest: LazyDocxFileEmbed renders error message when DOCX editor chunk load fails
ok 221 - LazyDocxFileEmbed renders error message when DOCX editor chunk load fails
  ---
  duration_ms: 50.037394
  type: 'test'
  ...
# [Native PowerPoint Doc Editor] embed: Obsidian embed registry is unavailable
# [Native PowerPoint Doc Editor] embed: Could not register DOCX file embed extension Error: Test error
#     at Object.registerExtension (file:///app/tests/docx-embed-loader.test.mjs:69:27)
#     at registerDocxFileEmbed (/tmp/native-powerpoint-tests-BwMqFU/docx-embed-loader.cjs:351:16)
#     at TestContext.<anonymous> (file:///app/tests/docx-embed-loader.test.mjs:75:20)
#     at process.processTicksAndRejections (node:internal/process/task_queues:103:5)
#     at async Test.run (node:internal/test_runner/test:1054:7)
#     at async Test.processPendingSubtests (node:internal/test_runner/test:744:7)
# Subtest: registerDocxFileEmbed registers extension successfully
ok 222 - registerDocxFileEmbed registers extension successfully
  ---
  duration_ms: 28.429702
  type: 'test'
  ...
# Subtest: registerDocxFileEmbed registers extensions successfully (plural)
ok 223 - registerDocxFileEmbed registers extensions successfully (plural)
  ---
  duration_ms: 1.497432
  type: 'test'
  ...
# Subtest: registerDocxFileEmbed handles missing registry
ok 224 - registerDocxFileEmbed handles missing registry
  ---
  duration_ms: 0.786587
  type: 'test'
  ...
# Subtest: registerDocxFileEmbed catches and logs errors during registration
ok 225 - registerDocxFileEmbed catches and logs errors during registration
  ---
  duration_ms: 1.131492
  type: 'test'
  ...
# Subtest: shipped empty-list Enter clears the marker without splitting another paragraph
ok 226 - shipped empty-list Enter clears the marker without splitting another paragraph
  ---
  duration_ms: 42.709451
  type: 'test'
  ...
# Subtest: DOCX Enter diagnostics record empty-list state without document text
ok 227 - DOCX Enter diagnostics record empty-list state without document text
  ---
  duration_ms: 2.962852
  type: 'test'
  ...
# Subtest: fullscreen dialog classification excludes non-modal color-picker dialogs
ok 228 - fullscreen dialog classification excludes non-modal color-picker dialogs
  ---
  duration_ms: 28.954221
  type: 'test'
  ...
# Subtest: formatting dropdown scroll transition preserves and restores the toolbar offset
ok 229 - formatting dropdown scroll transition preserves and restores the toolbar offset
  ---
  duration_ms: 1.361413
  type: 'test'
  ...
# Subtest: floating dropdown position clamps right and bottom overflow into the viewport
ok 230 - floating dropdown position clamps right and bottom overflow into the viewport
  ---
  duration_ms: 0.525542
  type: 'test'
  ...
# Subtest: floating dropdown position preserves visible layers and clamps oversized layers to the margin
ok 231 - floating dropdown position preserves visible layers and clamps oversized layers to the margin
  ---
  duration_ms: 0.274098
  type: 'test'
  ...
# Subtest: formatting target keeps an explicit text selection
ok 232 - formatting target keeps an explicit text selection
  ---
  duration_ms: 27.259636
  type: 'test'
  ...
# Subtest: formatting target restores a range captured before toolbar focus
ok 233 - formatting target restores a range captured before toolbar focus
  ---
  duration_ms: 6.232704
  type: 'test'
  ...
# Subtest: formatting target expands a caret to its current line
ok 234 - formatting target expands a caret to its current line
  ---
  duration_ms: 14.020188
  type: 'test'
  ...
# Subtest: formatting target recovers the painted line when PM is on an empty spacer
ok 235 - formatting target recovers the painted line when PM is on an empty spacer
  ---
  duration_ms: 6.858633
  type: 'test'
  ...
# Subtest: formatting target prefers the last painted line over a stale selection elsewhere
ok 236 - formatting target prefers the last painted line over a stale selection elsewhere
  ---
  duration_ms: 5.86913
  type: 'test'
  ...
# Subtest: formatting target keeps a clicked empty paragraph instead of the previous text line
ok 237 - formatting target keeps a clicked empty paragraph instead of the previous text line
  ---
  duration_ms: 10.660561
  type: 'test'
  ...
# Subtest: formatting target keeps a keyboard caret in a compact resume spacer
ok 238 - formatting target keeps a keyboard caret in a compact resume spacer
  ---
  duration_ms: 5.146908
  type: 'test'
  ...
# Subtest: font-size step reads the selected text size before a stale toolbar display
ok 239 - font-size step reads the selected text size before a stale toolbar display
  ---
  duration_ms: 7.801386
  type: 'test'
  ...
# Subtest: font-family target uses the same generic resolver
ok 240 - font-family target uses the same generic resolver
  ---
  duration_ms: 6.36961
  type: 'test'
  ...
# Subtest: font-size resolver compatibility alias delegates to the generic resolver
ok 241 - font-size resolver compatibility alias delegates to the generic resolver
  ---
  duration_ms: 7.2786
  type: 'test'
  ...
# Subtest: parseEditorZoomTransform reads translateX and scale from vendor-style transforms
ok 242 - parseEditorZoomTransform reads translateX and scale from vendor-style transforms
  ---
  duration_ms: 33.374811
  type: 'test'
  ...
# Subtest: calculateHiddenImeAnchorPosition aligns hidden IME caret to visible caret
ok 243 - calculateHiddenImeAnchorPosition aligns hidden IME caret to visible caret
  ---
  duration_ms: 0.72355
  type: 'test'
  ...
# Subtest: attachDocxImeTransformNeutralizer registers listeners, emits diagnostics, and cleans up
ok 244 - attachDocxImeTransformNeutralizer registers listeners, emits diagnostics, and cleans up
  ---
  duration_ms: 1.297156
  type: 'test'
  ...
# Subtest: DOCX load traces terminate across lifecycle exits and render failures
ok 245 - DOCX load traces terminate across lifecycle exits and render failures
  ---
  duration_ms: 16.732251
  type: 'test'
  ...
# Subtest: DOCX top-level menus share the semantic menu surface contract
ok 246 - DOCX top-level menus share the semantic menu surface contract
  ---
  duration_ms: 47.565812
  type: 'test'
  ...
# Subtest: DOCX pagination audit classifies only extra preview pages as over-pagination
ok 247 - DOCX pagination audit classifies only extra preview pages as over-pagination
  ---
  duration_ms: 1.316127
  type: 'test'
  ...
# Subtest: DOCX pagination audit treats fewer preview pages as a reference-renderer difference
ok 248 - DOCX pagination audit treats fewer preview pages as a reference-renderer difference
  ---
  duration_ms: 0.253841
  type: 'test'
  ...
# Subtest: empty paragraph default font formatting invalidates paragraph layout
ok 249 - empty paragraph default font formatting invalidates paragraph layout
  ---
  duration_ms: 27.564738
  type: 'test'
  ...
# Subtest: unchanged empty paragraph defaults keep layout stable
ok 250 - unchanged empty paragraph defaults keep layout stable
  ---
  duration_ms: 0.530597
  type: 'test'
  ...
# Subtest: getDocumentParagraphLayoutSignatures extracts signatures for paragraph nodes only
ok 251 - getDocumentParagraphLayoutSignatures extracts signatures for paragraph nodes only
  ---
  duration_ms: 0.510876
  type: 'test'
  ...
# Subtest: stableParagraphLayoutValue handles various types
ok 252 - stableParagraphLayoutValue handles various types
  ---
  duration_ms: 0.322925
  type: 'test'
  ...
# Subtest: getParagraphListLayoutSignature handles empty and populated lists
ok 253 - getParagraphListLayoutSignature handles empty and populated lists
  ---
  duration_ms: 0.358329
  type: 'test'
  ...
# Subtest: getParagraphTypographySignature handles formatting marks and omits non-typography marks
ok 254 - getParagraphTypographySignature handles formatting marks and omits non-typography marks
  ---
  duration_ms: 0.496279
  type: 'test'
  ...
# Subtest: didListLayoutChange identifies unchanged and changed lists
ok 255 - didListLayoutChange identifies unchanged and changed lists
  ---
  duration_ms: 0.468288
  type: 'test'
  ...
# Subtest: didParagraphLayoutChange identifies changes in either list layout or typography
ok 256 - didParagraphLayoutChange identifies changes in either list layout or typography
  ---
  duration_ms: 0.554942
  type: 'test'
  ...
# Subtest: DocxSession publishes dirty and successful save state
ok 257 - DocxSession publishes dirty and successful save state
  ---
  duration_ms: 26.674604
  type: 'test'
  ...
# Subtest: DocxSession exposes failed save state to subscribers
ok 258 - DocxSession exposes failed save state to subscribers
  ---
  duration_ms: 0.644317
  type: 'test'
  ...
# Subtest: FakeDocxEditorAdapter records modes and publishes chrome updates
ok 259 - FakeDocxEditorAdapter records modes and publishes chrome updates
  ---
  duration_ms: 10.579704
  type: 'test'
  ...
# Subtest: DocxSession preserves a newer edit made while saving
ok 260 - DocxSession preserves a newer edit made while saving
  ---
  duration_ms: 0.610829
  type: 'test'
  ...
# Subtest: DocxSession persists the live dirty version when edits land during serialize
ok 261 - DocxSession persists the live dirty version when edits land during serialize
  ---
  duration_ms: 0.667802
  type: 'test'
  ...
# Subtest: DocxSession waits for an in-flight save before an external reload
ok 262 - DocxSession waits for an in-flight save before an external reload
  ---
  duration_ms: 0.409366
  type: 'test'
  ...
# Subtest: DocxSession flush-before-close leaves clean after in-flight autosave
ok 263 - DocxSession flush-before-close leaves clean after in-flight autosave
  ---
  duration_ms: 0.605378
  type: 'test'
  ...
# Subtest: FakeDocxEditorAdapter delegates editor operations through its options
ok 264 - FakeDocxEditorAdapter delegates editor operations through its options
  ---
  duration_ms: 0.499059
  type: 'test'
  ...
# Subtest: shipped PagedEditor dist does not replay a space key already handled by hidden ProseMirror
ok 265 - shipped PagedEditor dist does not replay a space key already handled by hidden ProseMirror
  ---
  duration_ms: 8.469145
  type: 'test'
  ...
# Subtest: shipped PagedEditor dist does not replay deletion after hidden ProseMirror mutated
not ok 266 - shipped PagedEditor dist does not replay deletion after hidden ProseMirror mutated
  ---
  duration_ms: 3.444195
  type: 'test'
  location: '/app/tests/docx-space-input-routing.test.mjs:27:1'
  failureType: 'testCodeFailure'
  error: 'index.js must stop a handled deletion when the same hidden-editor event mutated the document'
  code: 'ERR_ASSERTION'
  name: 'AssertionError'
  expected:
  actual: |-
    'use strict';var chunkU7YE3IJN_js=require('./chunk-U7YE3IJN.js'),chunkPSBO3UDN_js=require('./chunk-PSBO3UDN.js'),chunk3LJETQ4X_js=require('./chunk-3LJETQ4X.js'),chunkVFCUMHEL_js=require('./chunk-VFCUMHEL.js'),chunk6EQOMKOG_js=require('./chunk-6EQOMKOG.js');require('./chunk-W4MTKNXF.js');var chunkA3T6FIPN_js=require('./chunk-A3T6FIPN.js'),chunkVVSAOECP_js=require('./chunk-VVSAOECP.js'),chunk7JQV5Q34_js=require('./chunk-7JQV5Q34.js'),chunkBJ5RZW6Y_js=require('./chunk-BJ5RZW6Y.js'),Zl=require('react'),utils=require('@npde/docx-editor-core/utils'),prosemirror=require('@npde/docx-editor-core/prosemirror'),docx=require('@npde/docx-editor-core/docx'),extensions=require('@npde/docx-editor-core/prosemirror/extensions'),commands=require('@npde/docx-editor-core/prosemirror/commands'),layoutPainter=require('@npde/docx-editor-core/layout-painter'),sonner=require('sonner'),prosemirrorState=require('prosemirror-state'),queries=require('@npde/docx-editor-core/prosemirror/queries'),applyFormatting=require('@npde/docx-editor-core/prosemirror/applyFormatting'),contentControls=require('@npde/docx-editor-core/contentControls'),commentOps=require('@npde/docx-editor-core/prosemirror/commentOps'),commentIdAllocator=require('@npde/docx-editor-core/prosemirror/commentIdAllocator'),jsxRuntime=require('react/jsx-runtime'),layoutBridge=require('@npde/docx-editor-core/layout-bridge'),conversion=require('@npde/docx-editor-core/prosemirror/conversion'),docxEditorI18n=require('@npde/docx-editor-i18n'),prosemirrorHistory=require('prosemirror-history'),reactDom=require('react-dom'),prosemirrorTables=require('prosemirror-tables'),prosemirrorView=require('prosemirror-view'),editor=require('@npde/docx-editor-core/editor');require('prosemirror-view/style/prosemirror.css'),require('@npde/docx-editor-core/prosemirror/editor.css');var plugins=require('@npde/docx-editor-core/prosemirror/plugins'),imageCommit=require('@npde/docx-editor-core/prosemirror/imageCommit'),LayoutSelectionGate=require('@npde/docx-editor-core/prosemirror/utils/LayoutSelectionGate'),sidebarConstants=require('@npde/docx-editor-core/utils/sidebarConstants'),findVerticalScrollParent=require('@npde/docx-editor-core/utils/findVerticalScrollParent'),layoutEngine=require('@npde/docx-editor-core/layout-engine'),tableResize=require('@npde/docx-editor-core/prosemirror/tableResize'),cellDragSelection=require('@npde/docx-editor-core/prosemirror/cellDragSelection'),resolveItemPositions=require('@npde/docx-editor-core/plugin-api/resolveItemPositions'),docxEditorCore=require('@npde/docx-editor-core'),comments=require('@npde/docx-editor-core/utils/comments'),cardStyles=require('@npde/docx-editor-core/utils/cardStyles'),client=require('react-dom/client');function _interopDefault(e){return e&&e.__esModule?e:{default:e}}var Zl__default=/*#__PURE__*/_interopDefault(Zl);function Hi({showOutlineProp:e,pagedEditorRef:t,scrollContainerRef:o,isLoading:n}){let[i,l]=Zl.useState(e),p=Zl.useRef(false);p.current=i;let[s,d]=Zl.useState([]);Zl.useEffect(()=>{if(l(e),e){let y=t.current?.getView();y&&d(utils.collectHeadings(y.state.doc));}},[e,t]);let u=Zl.useRef(null),a=Zl.useRef(null),[m,f]=Zl.useState(0),h=Zl.useCallback(y=>{if(a.current=y,u.current&&(u.current.disconnect(),u.current=null),!y){f(0);return}f(y.offsetHeight);let R=new ResizeObserver(()=>{f(y.offsetHeight);});R.observe(y),u.current=R;},[]);Zl.useEffect(()=>()=>{u.current?.disconnect();},[]);let[r,g]=Zl.useState(0);return Zl.useEffect(()=>{let y=o.current;if(!y)return;let R=0,S=()=>{R=0,g(y.scrollLeft);},c=()=>{R===0&&(R=requestAnimationFrame(S));};return S(),y.addEventListener("scroll",c,{passive:true}),()=>{y.removeEventListener("scroll",c),R!==0&&cancelAnimationFrame(R);}},[n,o]),{showOutline:i,setShowOutline:l,showOutlineRef:p,outlineHeadings:s,setHeadingInfos:d,toolbarHeight:m,toolbarRefCallback:h,editorScrollLeft:r}}function Fi({pagedEditorRef:e,disableFindReplaceShortcuts:t,showFileOpen:o,onOpenDocument:n,findReplace:i,hyperlinkDialog:l,tableSelection:p}){Zl.useEffect(()=>{let s=d=>{let a=navigator.platform.toUpperCase().indexOf("MAC")>=0?d.metaKey:d.ctrlKey;if(!a&&!d.shiftKey&&!d.altKey&&(d.key==="Delete"||d.key==="Backspace")){let m=e.current?.getView();if(m){let f=m.state.selection;if("$anchorCell"in f&&typeof f.forEachCell=="function"){let r=prosemirror.getTableContext(m.state);if(r.isInTable&&r.table){let g=0;r.table.descendants(R=>{(R.type.name==="tableCell"||R.type.name==="tableHeader")&&(g+=1);});let y=0;if(f.forEachCell(()=>{y+=1;}),g>0&&y>=g){d.preventDefault(),prosemirror.deleteTable(m.state,m.dispatch);return}}}}if(p.state.tableIndex!==null){d.preventDefault(),p.handleAction("deleteTable");return}}if(a&&!d.shiftKey&&!d.altKey){if(d.key.toLowerCase()==="f"){if(t)return;d.preventDefault();let m=window.getSelection(),f=m&&!m.isCollapsed?m.toString():"";i.openFind(f);}else if(d.key.toLowerCase()==="o"){if(!o||!n)return;d.preventDefault(),n();}else if(d.key.toLowerCase()==="h"){if(t)return;d.preventDefault();let m=window.getSelection(),f=m&&!m.isCollapsed?m.toString():"";i.openReplace(f);}else if(d.key.toLowerCase()==="k"){d.preventDefault();let m=e.current?.getView();if(m){let f=prosemirror.getSelectedText(m.state),h=prosemirror.getHyperlinkAttrs(m.state);h?l.openEdit({url:h.href,displayText:f,tooltip:h.tooltip}):l.openInsert(f);}}}};return document.addEventListener("keydown",s),()=>{document.removeEventListener("keydown",s);}},[e,t,o,n,i,l,p]);}function Li(e,t){return e!=null&&e===t&&!e.isDestroyed}function ar(e,t){return e instanceof Error?e:new Error(t)}function Oi({documentRef:e,pagedEditorRef:t,containerRef:o,getComments:n,documentName:i,onSave:l,onOpen:p,onError:s,onPrint:d,onDocumentNameChange:u,loadBuffer:a,getActiveEditorView:m,focusActiveEditor:f}){let h=Zl.useRef(null),r=Zl.useRef(null),g=Zl.useCallback(async v=>{let C=e.current;if(!C)return null;try{let P=t.current?.getDocument();P?.package?.document&&(C.package.document.content=P.package.document.content);let k=n();C.package.document.comments=k,docx.injectMissingTopLevelCommentRangeMarkers(C.package.document.content,k),docx.injectReplyRangeMarkers(C.package.document.content,k),docx.injectTCReplyRangeMarkers(C.package.document.content,k);let I=v?.selective!==!1,E=t.current?.getView(),w;if(I&&E){let H=E.state,z=k.length>0;w={changedParaIds:extensions.getChangedParagraphIds(H),structuralChange:extensions.hasStructuralChanges(H)||z,hasUntrackedChanges:extensions.hasUntrackedChanges(H)};}let M=await docx.exportDocxBuffer(C,w?{selective:w}:void 0);return Li(E,t.current?.getView())&&E.dispatch(extensions.clearTrackedChanges(E.state)),l?.(M),M}catch(P){return s?.(ar(P,"Failed to save document")),null}},[e,t,n,l,s]),y=Zl.useCallback(()=>{let v=o.current?.querySelector(".paged-editor__pages");if(!v){window.print(),d?.();return}layoutPainter.renderAllPagesNow(v);let C=window.open("","_blank");if(!C){window.print(),d?.();return}let P=[];for(let w of Array.from(document.styleSheets))try{for(let M of Array.from(w.cssRules))M instanceof CSSFontFaceRule&&P.push(M.cssText);}catch{}let k=v.cloneNode(true);k.style.cssText="display: block; margin: 0; padding: 0;";for(let w of Array.from(k.querySelectorAll(".layout-page"))){let M=w;M.style.boxShadow="none",M.style.margin="0";}C.document.open(),C.document.close(),C.document.title="Print";let I=C.document.createElement("style");I.textContent=`
    * { margin: 0; padding: 0; }
    body { background: white; }
    .layout-page { break-after: page; }
    .layout-page:last-child { break-after: auto; }
    @page { margin: 0; size: auto; }
    `,C.document.head.appendChild(I);let E=C.document.createElement("style");E.textContent=P.join(`
    `),C.document.head.appendChild(E),C.document.body.appendChild(C.document.importNode(k,true)),C.onload=()=>{C.print(),C.close();},setTimeout(()=>{C.closed||(C.print(),C.close());},1e3),d?.();},[o,d]),R=Zl.useCallback(async()=>{let v=await g();if(!v)return;let C=new Blob([v],{type:"application/vnd.openxmlformats-officedocument.wordprocessingml.document"}),P=URL.createObjectURL(C),k=window.document.createElement("a");k.href=P,k.download=`${(i?.trim()||"document").replace(/\.docx$/i,"")}.docx`,k.click(),setTimeout(()=>URL.revokeObjectURL(P),0);},[g,i]),S=Zl.useCallback(()=>{r.current?.click();},[]),c=Zl.useCallback(async v=>{if(p){let C=v.currentTarget,P=C.files?.[0];if(C.value="",!P)return;try{await p(P);}catch(k){s?.(ar(k,"Failed to open document"));}return}try{let C=await utils.readDocxFileFromInput(v.nativeEvent);if(!C)return;await a(C.buffer),u?.(C.name);}catch(C){s?.(ar(C,"Failed to open document"));}},[a,u,s,p]),b=Zl.useCallback(()=>{h.current?.click();},[]),x=Zl.useCallback(v=>{let C=v.target.files?.[0],P=m();C&&P&&commands.insertImageFromFile(P,C,{onInserted:f}),v.target.value="";},[m,f]);return {imageInputRef:h,docxInputRef:r,handleSave:g,handleDirectPrint:y,handleDownloadDocument:R,handleOpenDocument:S,handleDocxFileChange:c,handleInsertImageClick:b,handleImageFileChange:x}}function Ni({document:e,readOnly:t,handleDocumentChange:o,getActiveEditorView:n}){let[i,l]=Zl.useState(false),p=Zl.useCallback(()=>l(true),[]),s=Zl.useCallback(R=>S=>{if(!e||t)return;let c={...e,package:{...e.package,document:{...e.package.document,finalSectionProperties:{...e.package.document.finalSectionProperties,[R]:S}}}};o(c);},[e,t,o]),d=Zl.useMemo(()=>s("marginLeft"),[s]),u=Zl.useMemo(()=>s("marginRight"),[s]),a=Zl.useMemo(()=>s("marginTop"),[s]),m=Zl.useMemo(()=>s("marginBottom"),[s]),f=Zl.useCallback(R=>{if(!e||t)return;let S={...e,package:{...e.package,document:{...e.package.document,finalSectionProperties:{...e.package.document.finalSectionProperties,...R}}}};o(S);},[e,t,o]),h=Zl.useCallback(R=>{let S=n();S&&commands.setIndentLeft(R)(S.state,S.dispatch);},[n]),r=Zl.useCallback(R=>{let S=n();S&&commands.setIndentRight(R)(S.state,S.dispatch);},[n]),g=Zl.useCallback(R=>{let S=n();S&&(R<0?commands.setIndentFirstLine(-R,true)(S.state,S.dispatch):commands.setIndentFirstLine(R,false)(S.state,S.dispatch));},[n]),y=Zl.useCallback(R=>{let S=n();S&&commands.removeTabStop(R)(S.state,S.dispatch);},[n]);return {showPageSetup:i,setShowPageSetup:l,handleOpenPageSetup:p,handleLeftMarginChange:d,handleRightMarginChange:u,handleTopMarginChange:a,handleBottomMarginChange:m,handlePageSetupApply:f,handleIndentLeftChange:h,handleIndentRightChange:r,handleFirstLineIndentChange:g,handleTabStopRemove:y}}function _i({readOnly:e,getBodyEditorView:t}){let[o,n]=Zl.useState(false),i=Zl.useCallback(()=>n(true),[]),l=t(),p=l?commands.getWatermarkFromState(l.state)??void 0:void 0,s=Zl.useCallback(d=>{if(e)return;let u=t();u&&commands.setWatermark(d)(u.state,u.dispatch);},[e,t]);return {showWatermark:o,setShowWatermark:n,handleOpenWatermark:i,currentWatermark:p,handleWatermarkApply:s}}function Ui({hyperlinkDialog:e,getActiveEditorView:t,focusActiveEditor:o}){let[n,i]=Zl.useState(null),l=Zl.useCallback(r=>{let g=t();if(!g)return;let y=r.url||"",R=r.tooltip,{empty:S}=g.state.selection;S&&r.displayText?commands.insertHyperlink(r.displayText,y,R)(g.state,g.dispatch):S?r.displayText&&commands.insertHyperlink(r.displayText,y,R)(g.state,g.dispatch):commands.setHyperlink(y,R)(g.state,g.dispatch),e.close(),o();},[e,t,o]),p=Zl.useCallback(()=>{let r=t();r&&(commands.removeHyperlink(r.state,r.dispatch),o());},[t,o]),s=Zl.useCallback(()=>{p(),e.close();},[e,p]),d=Zl.useCallback(r=>i(r),[]),u=Zl.useCallback(r=>{window.open(r,"_blank","noopener,noreferrer");},[]),a=Zl.useCallback(r=>{navigator.clipboard.writeText(r).catch(()=>{let g=document.createElement("textarea");g.value=r,g.style.position="fixed",g.style.opacity="0",document.body.appendChild(g),g.select(),document.execCommand("copy"),document.body.removeChild(g);});},[]),m=Zl.useCallback((r,g)=>{let y=t();if(!y)return;let R=commands.findHyperlinkRangeAt(y.state);if(R){let S=y.state.schema.marks.hyperlink,{$from:c}=y.state.selection,b=S.create({href:g,tooltip:R.mark.attrs.tooltip}),x=y.state.schema.text(r,[...c.marks().filter(C=>C.type!==S),b]),v=y.state.tr.replaceWith(R.start,R.end,x);y.dispatch(v.scrollIntoView());}i(null),o();},[t,o]),f=Zl.useCallback(()=>{let r=t();if(!r)return;let g=commands.findHyperlinkRangeAt(r.state,n?.href);if(!g)return;let y=r.state.schema.marks.hyperlink;r.dispatch(r.state.tr.removeMark(g.start,g.end,y).scrollIntoView()),i(null),o(),sonner.toast("Link removed");},[t,o,n]),h=Zl.useCallback(()=>{i(null);},[]);return {hyperlinkPopupData:n,setHyperlinkPopupData:i,handleHyperlinkSubmit:l,handleHyperlinkRemove:s,handleHyperlinkClick:d,handleHyperlinkPopupNavigate:u,handleHyperlinkPopupCopy:a,handleHyperlinkPopupEdit:m,handleHyperlinkPopupRemove:f,handleHyperlinkPopupClose:h}}function $i(e,t,o){let n=0;for(let i of e){let l=n+i.text.length;if(o==="start"&&t>=n&&t<l||o==="end"&&t>n&&t<=l)return i.pmStart+t-n;n=l;}return null}function Ki(e,t,o){let n=[],i=0;return e.state.doc.descendants((l,p)=>{if(!l.isTextblock)return  true;let s=[],d="";if(l.descendants((a,m)=>(!a.isText||!a.text||(s.push({text:a.text,pmStart:p+1+m}),d+=a.text),true)),!d)return i+=1,false;let u=(0, chunkA3T6FIPN_js.a.findAllMatches)(d,t,o);for(let a of u){let m=$i(s,a.start,"start"),f=$i(s,a.end,"end");m==null||f==null||m>=f||n.push({paragraphIndex:i,contentIndex:0,startOffset:a.start,endOffset:a.end,text:d.slice(a.start,a.end),pmFrom:m,pmTo:f});}return i+=1,false}),n}function Gi({pagedEditorRef:e,findReplace:t}){let o=Zl.useRef(null),n=Zl.useCallback(()=>e.current?.getView()??null,[e]),i=Zl.useCallback((a,m)=>{let f=n();if(!f||!a)return null;try{let r=prosemirrorState.TextSelection.create(f.state.doc,a.pmFrom,a.pmTo);f.dispatch(f.state.tr.setSelection(r)),e.current?.scrollToPosition(a.pmFrom);}catch(r){return console.error("Find navigation failed:",r),null}let h=o.current;return h&&(h.currentIndex=m),t.goToMatch(m),a},[t,n,e]),l=Zl.useCallback((a,m)=>{let f=n();if(!f||!a.trim())return o.current=null,t.setMatches([],0),null;let h=Ki(f,a,m),r={matches:h,totalCount:h.length,currentIndex:0};return o.current=r,t.setMatches(h,0),h.length>0&&i(h[0],0),r},[t,n,i]),p=Zl.useCallback(()=>{let a=o.current;if(!a||a.matches.length===0)return null;let m=(a.currentIndex+1)%a.matches.length;return i(a.matches[m],m)},[i]),s=Zl.useCallback(()=>{let a=o.current;if(!a||a.matches.length===0)return null;let m=a.currentIndex===0?a.matches.length-1:a.currentIndex-1;return i(a.matches[m],m)},[i]),d=Zl.useCallback(a=>{let m=n(),f=o.current;if(!m||!f||f.matches.length===0)return  false;let h=f.matches[f.currentIndex];if(!h)return  false;try{let r=a?m.state.tr.replaceWith(h.pmFrom,h.pmTo,m.state.schema.text(a)):m.state.tr.delete(h.pmFrom,h.pmTo);return m.dispatch(r),!0}catch(r){return console.error("Replace failed:",r),false}},[n]),u=Zl.useCallback((a,m,f)=>{let h=n();if(!h||!a.trim())return 0;let r=Ki(h,a,f);if(r.length===0)return 0;let g=[...r].sort((R,S)=>S.pmFrom-R.pmFrom),y=h.state.tr;for(let R of g)try{y=m?y.replaceWith(R.pmFrom,R.pmTo,h.state.schema.text(m)):y.delete(R.pmFrom,R.pmTo);}catch(S){console.error("Replace failed for match:",R,S);}return h.dispatch(y),o.current=null,t.setMatches([],0),r.length},[t,n]);return {findResultRef:o,handleFind:l,handleFindNext:p,handleFindPrevious:s,handleReplace:d,handleReplaceAll:u}}function qi({getActiveEditorView:e,focusActiveEditor:t,pagedEditorRef:o,lastSelectionRef:n,hyperlinkDialog:i,historyStateRef:l,getCachedStyleResolver:p}){let s=Zl.useCallback(h=>{let r=e();if(!r)return;r.focus();let g=r===o.current?.getView(),{from:y,to:R}=r.state.selection,S=n.current;if(g&&S&&(y!==S.from||R!==S.to))try{let c=r.state.tr.setSelection(prosemirrorState.TextSelection.create(r.state.doc,S.from,S.to));r.dispatch(c);}catch(c){console.warn("Could not restore selection:",c);}if(h==="bold")return void commands.toggleBold(r.state,r.dispatch);if(h==="italic")return void commands.toggleItalic(r.state,r.dispatch);if(h==="underline")return void commands.toggleUnderline(r.state,r.dispatch);if(h==="strikethrough")return void commands.toggleStrike(r.state,r.dispatch);if(h==="superscript")return void commands.toggleSuperscript(r.state,r.dispatch);if(h==="subscript")return void commands.toggleSubscript(r.state,r.dispatch);if(h==="bulletList")return void commands.toggleBulletList(r.state,r.dispatch);if(h==="numberedList")return void commands.toggleNumberedList(r.state,r.dispatch);if(h==="indent"){commands.increaseListLevel(r.state,r.dispatch)||commands.increaseIndent()(r.state,r.dispatch);return}if(h==="outdent"){commands.decreaseListLevel(r.state,r.dispatch)||commands.decreaseIndent()(r.state,r.dispatch);return}if(h==="clearFormatting")return void commands.clearFormatting(r.state,r.dispatch);if(h==="addParagraphBottomBorder")return void commands.setParagraphBottomBorder()(r.state,r.dispatch);if(h==="clearParagraphBorders")return void commands.clearParagraphBorders(r.state,r.dispatch);if(h==="setRtl")return void commands.setRtl(r.state,r.dispatch);if(h==="setLtr")return void commands.setLtr(r.state,r.dispatch);if(h==="insertLink"){let c=commands.getSelectedText(r.state),b=commands.getHyperlinkAttrs(r.state);b?i.openEdit({url:b.href,displayText:c,tooltip:b.tooltip}):i.openInsert(c);return}if(typeof h=="object")switch(h.type){case "alignment":commands.setAlignment(h.value)(r.state,r.dispatch);break;case "textColor":{let c=h.value;typeof c=="string"?commands.setTextColor({rgb:c.replace("#","")})(r.state,r.dispatch):c.auto?commands.clearTextColor(r.state,r.dispatch):commands.setTextColor(c)(r.state,r.dispatch);break}case "highlightColor":{let c=h.value?chunkU7YE3IJN_js.g(h.value):"";commands.setHighlight(c||h.value)(r.state,r.dispatch);break}case "fontSize":commands.setFontSize(chunkU7YE3IJN_js.d(h.value))(r.state,r.dispatch);break;case "fontFamily":commands.setFontFamily(h.value)(r.state,r.dispatch);break;case "lineSpacing":commands.setLineSpacing(h.value)(r.state,r.dispatch);break;case "applyStyle":{let c=l.current,b=c?.package.styles?p(c.package.styles):null;if(b){let x=b.resolveParagraphStyle(h.value);commands.applyStyle(h.value,{paragraphFormatting:x.paragraphFormatting,runFormatting:x.runFormatting,numbering:c?.package.numbering?docx.getCachedNumberingMap(c.package.numbering):null})(r.state,r.dispatch);}else commands.applyStyle(h.value)(r.state,r.dispatch);break}}},[e,o,n,i,l,p]),d=Zl.useCallback((h,r)=>{let g=e();g&&(commands.insertTable(h,r)(g.state,g.dispatch),t());},[e,t]),u=Zl.useCallback(()=>{let h=e();h&&(commands.insertPageBreak(h.state,h.dispatch),t());},[e,t]),a=Zl.useCallback(()=>{let h=e();h&&(commands.insertSectionBreakNextPage(h.state,h.dispatch),t());},[e,t]),m=Zl.useCallback(()=>{let h=e();h&&(commands.insertSectionBreakContinuous(h.state,h.dispatch),t());},[e,t]),f=Zl.useCallback(()=>{let h=e();h&&(commands.generateTOC(h.state,h.dispatch),t());},[e,t]);return {handleFormat:s,handleInsertTable:d,handleInsertPageBreak:u,handleInsertSectionBreakNextPage:a,handleInsertSectionBreakContinuous:m,handleInsertTOC:f}}function Xi({document:e,pmImageContext:t,zoom:o,getActiveEditorView:n,focusActiveEditor:i,pushDocument:l}){let[p,s]=Zl.useState(false),[d,u]=Zl.useState(false),[a,m]=Zl.useState(false),f=Zl.useCallback(S=>{let c=n();if(!c||!t)return;let b=t.pos,x=c.state.doc.nodeAt(b);if(!x||x.type.name!=="image")return;let v=layoutPainter.toolbarValueToLayoutTarget(S);if(!v)return;let C;if(x.attrs.wrapType==="inline"&&v!=="inline"){let P=window.document.querySelector(`.layout-run-image[data-pm-start="${b}"]`),k=P?layoutPainter.captureInlinePositionEmu(P,o):void 0;k&&(C={initialPositionEmu:k});}commands.setImageWrapType(b,v,C)(c.state,c.dispatch),i();},[n,i,t,o]),h=Zl.useCallback(S=>{let c=n();if(!c||!t)return;let b=t.pos,x=c.state.doc.nodeAt(b);if(!x||x.type.name!=="image")return;let v=x.attrs.transform||"",C=v.match(/rotate\((-?\d+(?:\.\d+)?)deg\)/),P=C?parseFloat(C[1]):0,k=/scaleX\(-1\)/.test(v),I=/scaleY\(-1\)/.test(v);switch(S){case "rotateCW":P=(P+90)%360;break;case "rotateCCW":P=(P-90+360)%360;break;case "flipH":k=!k;break;case "flipV":I=!I;break}let E=[];P!==0&&E.push(`rotate(${P}deg)`),k&&E.push("scaleX(-1)"),I&&E.push("scaleY(-1)");let w=E.length>0?E.join(" "):null,M=c.state.tr.setNodeMarkup(b,void 0,{...x.attrs,transform:w});c.dispatch(M.scrollIntoView()),i();},[n,i,t]),r=Zl.useCallback(S=>{let c=n();if(!c||!t)return;let b=t.pos,x=c.state.doc.nodeAt(b);if(!x||x.type.name!=="image")return;let v=c.state.tr.setNodeMarkup(b,void 0,{...x.attrs,position:{horizontal:S.horizontal,vertical:S.vertical},distTop:S.distTop??x.attrs.distTop,distBottom:S.distBottom??x.attrs.distBottom,distLeft:S.distLeft??x.attrs.distLeft,distRight:S.distRight??x.attrs.distRight});c.dispatch(v.scrollIntoView()),i();},[n,i,t]),g=Zl.useCallback(()=>{u(true);},[]),y=Zl.useCallback(S=>{let c=n();if(!c||!t)return;let b=t.pos,x=c.state.doc.nodeAt(b);if(!x||x.type.name!=="image")return;let v=c.state.tr.setNodeMarkup(b,void 0,{...x.attrs,alt:S.alt??null,borderWidth:S.borderWidth??null,borderColor:S.borderColor??null,borderStyle:S.borderStyle??null,width:S.width??null,height:S.height??null});c.dispatch(v.scrollIntoView()),i();},[n,i,t]),R=Zl.useCallback((S,c)=>{if(!e?.package)return;let b={...e.package.document,finalSectionProperties:{...e.package.document.finalSectionProperties,footnotePr:S,endnotePr:c}};l({...e,package:{...e.package,document:b}});},[e,l]);return {imagePositionOpen:p,setImagePositionOpen:s,imagePropsOpen:d,setImagePropsOpen:u,footnotePropsOpen:a,setFootnotePropsOpen:m,handleImageWrapType:f,handleImageTransform:h,handleApplyImagePosition:r,handleOpenImageProperties:g,handleApplyImageProperties:y,handleApplyFootnoteProperties:R}}var nn=new Map;function Qi({ref:e,document:t,historyStateRef:o,pagedEditorRef:n,handleSave:i,handleDirectPrint:l,zoom:p,setZoom:s,scrollPageInfo:d,loadParsedDocument:u,loadBuffer:a,comments:m,getComments:f,setComments:h,setShowCommentsSidebar:r,contentChangeSubscribersRef:g,selectionChangeSubscribersRef:y,getCachedStyleResolver:R,commentIdAllocator:S}){Zl.useImperativeHandle(e,()=>({getDocument:()=>t,getEditorRef:()=>n.current,save:i,setZoom:s,getZoom:()=>p,focus:()=>{n.current?.focus();},getCurrentPage:()=>d.currentPage,getTotalPages:()=>d.totalPages,scrollToPage:c=>{n.current?.scrollToPage(c);},scrollToPosition:c=>{n.current?.scrollToPosition(c);},openPrintPreview:l,print:l,loadDocument:u,loadDocumentBuffer:a,addComment:c=>{let b=n.current?.getView();if(!b)return null;let x=commentOps.addCommentToRange(b,c,S);return x?(h(v=>[...v,x]),r(true),x.id):null},replyToComment:(c,b,x)=>{if(!m.some(C=>C.id===c))return null;let v=commentOps.createComment(S,b,x,c);return h(C=>[...C,v]),v.id},resolveComment:c=>{h(b=>b.map(x=>x.id===c?{...x,done:true}:x));},proposeChange:c=>{let b=n.current?.getView();if(!b)return  false;let x=commentOps.applyProposedChange(b,c,S);return x&&r(true),x},applyFormatting:c=>{let b=n.current?.getView();return b?applyFormatting.applyFormatting(b,c):false},setParagraphStyle:c=>{let b=n.current?.getView();if(!b)return  false;let x=o.current,v=x?.package?.styles?R(x.package.styles):null,C=x?.package?.numbering?docx.getCachedNumberingMap(x.package.numbering):null;return applyFormatting.setParagraphStyle(b,c,{styleResolver:v,numbering:C})},insertBreak:c=>{let b=n.current?.getView();return b?applyFormatting.insertBreak(b,c):false},getPageContent:c=>queries.getPageContent(n.current?.getView()??null,n.current?.getLayout()??null,c),scrollToParaId:(c,b)=>n.current?.scrollToParaId(c,b)??false,scrollToCommentId:c=>n.current?.scrollToCommentId(c)??false,scrollToChangeId:c=>n.current?.scrollToChangeId(c)??false,highlightRange:(c,b)=>{n.current?.highlightRange(c,b);},findInDocument:(c,b)=>queries.findInDocument(n.current?.getView()??null,c,b),getSelectionInfo:()=>queries.getSelectionInfo(n.current?.getView()??null),getComments:()=>f(),getContentControls:c=>{let b=n.current?.getView();return b?prosemirror.findContentControlsInPM(b.state.doc,c??{}):[]},scrollToContentControl:c=>{let b=n.current?.getView();if(!b)return  false;let x=prosemirror.findContentControlPos(b.state.doc,c);return x==null?false:(n.current?.scrollToPosition(x),true)},setContentControlContent:(c,b,x)=>{let v=n.current?.getView();if(!v)return  false;try{return v.dispatch(prosemirror.setContentControlContentTr(v.state,c,b,x)),!0}catch(C){if(C instanceof contentControls.ContentControlNotFoundError)return  false;throw C}},removeContentControl:(c,b)=>{let x=n.current?.getView();if(!x)return  false;try{return x.dispatch(prosemirror.removeContentControlTr(x.state,c,b)),!0}catch(v){if(v instanceof contentControls.ContentControlNotFoundError)return  false;throw v}},setContentControlValue:(c,b,x)=>{let v=n.current?.getView();if(!v)return  false;try{return v.dispatch(prosemirror.setContentControlValueTr(v.state,c,b,x)),!0}catch(C){if(C instanceof contentControls.ContentControlNotFoundError)return  false;throw C}},onContentChange:c=>(g.current.add(c),()=>{g.current.delete(c);}),onSelectionChange:c=>(y.current.add(c),()=>{y.current.delete(c);})}),[t,p,d,i,l,u,a,m,f]);}function Ji(e,t,o=false){let n=e!==void 0,[i,l]=Zl.useState(o),p=n?e:i,s=Zl.useRef(p);s.current=p;let d=Zl.useRef(n);d.current=n;let u=Zl.useRef(t);u.current=t;let a=Zl.useCallback(m=>{let f=s.current,h=typeof m=="function"?m(f):m;h!==f&&(d.current||(s.current=h,l(h)),u.current?.(h));},[]);return [p,a]}var K=e=>({style:"single",size:4,color:{rgb:e}}),Tp=[{id:"TableNormal",name:"Normal Table",look:{firstRow:false,lastRow:false,noHBand:true,noVBand:true}},{id:"TableGrid",name:"Table Grid",tableBorders:{top:K("000000"),bottom:K("000000"),left:K("000000"),right:K("000000"),insideH:K("000000"),insideV:K("000000")},look:{firstRow:false,lastRow:false,noHBand:true,noVBand:true}},{id:"TableGridLight",name:"Grid Table Light",tableBorders:{top:K("BFBFBF"),bottom:K("BFBFBF"),left:K("BFBFBF"),right:K("BFBFBF"),insideH:K("BFBFBF"),insideV:K("BFBFBF")},look:{firstRow:true,lastRow:false,noHBand:true,noVBand:true},conditionals:{firstRow:{bold:true,borders:{bottom:K("000000")}}}},{id:"PlainTable1",name:"Plain Table 1",tableBorders:{top:K("BFBFBF"),bottom:K("BFBFBF"),insideH:K("BFBFBF")},look:{firstRow:true,lastRow:false,noHBand:true,noVBand:true},conditionals:{firstRow:{bold:true}}},{id:"PlainTable2",name:"Plain Table 2",look:{firstRow:true,lastRow:false,noHBand:false,noVBand:true},conditionals:{firstRow:{bold:true,borders:{bottom:K("7F7F7F")}},band1Horz:{backgroundColor:"#F2F2F2"}}},{id:"PlainTable3",name:"Plain Table 3",look:{firstRow:true,lastRow:false,noHBand:false,noVBand:true},conditionals:{firstRow:{bold:true,color:"#FFFFFF",backgroundColor:"#A5A5A5"},band1Horz:{backgroundColor:"#E7E7E7"}}},{id:"PlainTable4",name:"Plain Table 4",look:{firstRow:true,lastRow:false,noHBand:false,noVBand:true},conditionals:{firstRow:{bold:true,color:"#FFFFFF",backgroundColor:"#000000"},band1Horz:{backgroundColor:"#F2F2F2"}}},{id:"GridTable1Light-Accent1",name:"Grid Table 1 Light",tableBorders:{top:K("B4C6E7"),bottom:K("B4C6E7"),left:K("B4C6E7"),right:K("B4C6E7"),insideH:K("B4C6E7"),insideV:K("B4C6E7")},look:{firstRow:true,lastRow:false,noHBand:true,noVBand:true},conditionals:{firstRow:{bold:true,borders:{bottom:K("4472C4")}}}},{id:"GridTable4-Accent1",name:"Grid Table 4 Accent 1",tableBorders:{top:K("4472C4"),bottom:K("4472C4"),left:K("4472C4"),right:K("4472C4"),insideH:K("4472C4"),insideV:K("4472C4")},look:{firstRow:true,lastRow:false,noHBand:false,noVBand:true},conditionals:{firstRow:{bold:true,color:"#FFFFFF",backgroundColor:"#4472C4"},band1Horz:{backgroundColor:"#D6E4F0"}}},{id:"GridTable5Dark-Accent1",name:"Grid Table 5 Dark",tableBorders:{top:K("FFFFFF"),bottom:K("FFFFFF"),left:K("FFFFFF"),right:K("FFFFFF"),insideH:K("FFFFFF"),insideV:K("FFFFFF")},look:{firstRow:true,lastRow:false,noHBand:false,noVBand:true},conditionals:{firstRow:{bold:true,color:"#FFFFFF",backgroundColor:"#4472C4"},band1Horz:{backgroundColor:"#D6E4F0"},band2Horz:{backgroundColor:"#B4C6E7"}}},{id:"ListTable3-Accent2",name:"List Table 3 Accent 2",tableBorders:{top:K("ED7D31"),bottom:K("ED7D31")},look:{firstRow:true,lastRow:false,noHBand:false,noVBand:true},conditionals:{firstRow:{bold:true,color:"#FFFFFF",backgroundColor:"#ED7D31"},band1Horz:{backgroundColor:"#FBE4D5"}}},{id:"ListTable4-Accent3",name:"List Table 4 Accent 3",tableBorders:{top:K("A5A5A5"),bottom:K("A5A5A5"),insideH:K("A5A5A5")},look:{firstRow:true,lastRow:false,noHBand:false,noVBand:true},conditionals:{firstRow:{bold:true,color:"#FFFFFF",backgroundColor:"#A5A5A5"},band1Horz:{backgroundColor:"#EDEDED"}}},{id:"GridTable4-Accent5",name:"Grid Table 4 Accent 5",tableBorders:{top:K("5B9BD5"),bottom:K("5B9BD5"),left:K("5B9BD5"),right:K("5B9BD5"),insideH:K("5B9BD5"),insideV:K("5B9BD5")},look:{firstRow:true,lastRow:false,noHBand:false,noVBand:true},conditionals:{firstRow:{bold:true,color:"#FFFFFF",backgroundColor:"#5B9BD5"},band1Horz:{backgroundColor:"#DEEAF6"}}},{id:"GridTable4-Accent6",name:"Grid Table 4 Accent 6",tableBorders:{top:K("70AD47"),bottom:K("70AD47"),left:K("70AD47"),right:K("70AD47"),insideH:K("70AD47"),insideV:K("70AD47")},look:{firstRow:true,lastRow:false,noHBand:false,noVBand:true},conditionals:{firstRow:{bold:true,color:"#FFFFFF",backgroundColor:"#70AD47"},band1Horz:{backgroundColor:"#E2EFDA"}}}];function ea(e){return Tp.find(t=>t.id===e)}function oa({getActiveEditorView:e,focusActiveEditor:t,tableSelection:o,borderSpecRef:n,historyStateRef:i,getCachedStyleResolver:l}){let[p,s]=Zl.useState(false),[d,u]=Zl.useState({isOpen:false,initialRows:1,initialCols:2,minRows:1,minCols:1,source:null,capturedCellRow:null,capturedCellCol:null}),a=Zl.useCallback(()=>{let r=e(),g=r?commands.getSplitCellDialogConfig(r.state):null,y=g?null:o.getSplitCellConfig(),R=g??y;R&&u({isOpen:true,...R,source:g?"pm":"legacy",capturedCellRow:g?.capturedCellRow??null,capturedCellCol:g?.capturedCellCol??null});},[e,o]),m=Zl.useCallback(r=>{let g=e();if(!g){r==="splitCell"?a():typeof r!="object"&&o.handleAction(r);return}switch(r){case "addRowAbove":prosemirror.addRowAbove(g.state,g.dispatch);break;case "addRowBelow":prosemirror.addRowBelow(g.state,g.dispatch);break;case "addColumnLeft":prosemirror.addColumnLeft(g.state,g.dispatch);break;case "addColumnRight":prosemirror.addColumnRight(g.state,g.dispatch);break;case "deleteRow":prosemirror.deleteRow(g.state,g.dispatch);break;case "deleteColumn":prosemirror.deleteColumn(g.state,g.dispatch);break;case "deleteTable":prosemirror.deleteTable(g.state,g.dispatch);break;case "selectTable":prosemirror.selectTable(g.state,g.dispatch);break;case "selectRow":prosemirror.selectRow(g.state,g.dispatch);break;case "selectColumn":prosemirror.selectColumn(g.state,g.dispatch);break;case "mergeCells":prosemirror.mergeCells(g.state,g.dispatch);break;case "splitCell":a();break;case "borderAll":prosemirror.setAllTableBorders(g.state,g.dispatch,n.current);break;case "borderOutside":prosemirror.setOutsideTableBorders(g.state,g.dispatch,n.current);break;case "borderInside":prosemirror.setInsideTableBorders(g.state,g.dispatch,n.current);break;case "borderNone":prosemirror.removeTableBorders(g.state,g.dispatch);break;case "borderTop":prosemirror.setCellBorder("top",n.current,true)(g.state,g.dispatch);break;case "borderBottom":prosemirror.setCellBorder("bottom",n.current,true)(g.state,g.dispatch);break;case "borderLeft":prosemirror.setCellBorder("left",n.current,true)(g.state,g.dispatch);break;case "borderRight":prosemirror.setCellBorder("right",n.current,true)(g.state,g.dispatch);break;default:if(typeof r=="object"){if(r.type==="cellFillColor")prosemirror.setCellFillColor(r.color)(g.state,g.dispatch);else if(r.type==="borderColor"){let y=r.color.replace(/^#/,"");n.current={...n.current,color:{rgb:y}},prosemirror.setTableBorderColor(r.color)(g.state,g.dispatch);}else if(r.type==="borderWidth")n.current={...n.current,size:r.size},prosemirror.setTableBorderWidth(r.size)(g.state,g.dispatch);else if(r.type==="cellBorder")prosemirror.setCellBorder(r.side,{style:r.style,size:r.size,color:{rgb:r.color.replace(/^#/,"")}})(g.state,g.dispatch);else if(r.type==="cellVerticalAlign")prosemirror.setCellVerticalAlign(r.align)(g.state,g.dispatch);else if(r.type==="cellMargins")prosemirror.setCellMargins(r.margins)(g.state,g.dispatch);else if(r.type==="cellTextDirection")prosemirror.setCellTextDirection(r.direction)(g.state,g.dispatch);else if(r.type==="toggleNoWrap")prosemirror.toggleNoWrap()(g.state,g.dispatch);else if(r.type==="rowHeight")prosemirror.setRowHeight(r.height,r.rule)(g.state,g.dispatch);else if(r.type==="toggleHeaderRow")prosemirror.toggleHeaderRow()(g.state,g.dispatch);else if(r.type==="distributeColumns")prosemirror.distributeColumns()(g.state,g.dispatch);else if(r.type==="autoFitContents")prosemirror.autoFitContents()(g.state,g.dispatch);else if(r.type==="openTableProperties")s(true);else if(r.type==="applyTableStyle"){let y=ea(r.styleId),R=i.current;if(!y&&R?.package.styles){let c=l(R.package.styles).getStyle(r.styleId);if(c){if(y={id:c.styleId,name:c.name??c.styleId},c.tblPr?.borders){let b=c.tblPr.borders;y.tableBorders={};for(let x of ["top","bottom","left","right","insideH","insideV"]){let v=b[x];v&&(y.tableBorders[x]={style:v.style,size:v.size,color:v.color?.rgb?{rgb:v.color.rgb}:void 0});}}if(c.tblStylePr){y.conditionals={};for(let b of c.tblStylePr){let x={};if(b.tcPr?.shading?.fill&&(x.backgroundColor=`#${b.tcPr.shading.fill}`),b.tcPr?.borders){let v={};for(let C of ["top","bottom","left","right"]){let P=b.tcPr.borders[C];P&&(v[C]={style:P.style,size:P.size,color:P.color?.rgb?{rgb:P.color.rgb}:void 0});}x.borders=v;}b.rPr?.bold&&(x.bold=true),b.rPr?.color?.rgb&&(x.color=`#${b.rPr.color.rgb}`),y.conditionals[b.type]=x;}}y.look={firstRow:true,lastRow:false,noHBand:false,noVBand:true};}}y&&prosemirror.applyTableStyle({styleId:y.id,tableBorders:y.tableBorders,conditionals:y.conditionals,look:y.look})(g.state,g.dispatch);}}else o.handleAction(r);}t();},[o,e,t,a,n,i,l]),f=Zl.useCallback(()=>{u(r=>({...r,isOpen:false,source:null,capturedCellRow:null,capturedCellCol:null}));},[]),h=Zl.useCallback((r,g)=>{if(d.source==="legacy"){o.applySplitCell(r,g),t();return}let y=e();y&&(commands.splitActiveTableCell(y.state,y.dispatch,r,g,d.capturedCellRow??void 0,d.capturedCellCol??void 0),t());},[t,e,d.source,d.capturedCellRow,d.capturedCellCol,o]);return {tablePropsOpen:p,setTablePropsOpen:s,splitCellDialogState:d,openSplitCellDialog:a,handleTableAction:m,handleSplitCellDialogClose:f,handleSplitCellDialogApply:h}}function na({document:e,pushDocument:t,hfEditorRef:o,containerRef:n,initialSectionProperties:i,finalSectionProperties:l,hfEditPosition:p,setHfEditPosition:s,hfEditIsFirstPage:d,setHfEditIsFirstPage:u}){let{headerContent:a,footerContent:m,firstPageHeaderContent:f,firstPageFooterContent:h}=Zl.useMemo(()=>{let{header:c,footer:b,firstHeader:x,firstFooter:v}=layoutBridge.resolveHeaderFooter(e??null,l??i);return {headerContent:c,footerContent:b,firstPageHeaderContent:x,firstPageFooterContent:v}},[e,i,l]),r=Zl.useCallback((c,b)=>{let v=e?.package?.document?.finalSectionProperties?.titlePg===true&&(b??1)===1,C=v?c==="header"?f:h:c==="header"?a:m;if(u(v),C){s(c);return}if(!e?.package)return;let P=e.package,k=P.document?.finalSectionProperties;if(!k)return;let I=v?"first":"default",E=`rId_new_${c}_${I}`,w={type:c==="header"?"header":"footer",hdrFtrType:I,content:[{type:"paragraph",content:[]}]},M=c==="header"?"headers":"footers",H=new Map(P[M]??[]);H.set(E,w);let z=c==="header"?"headerReferences":"footerReferences",A=k[z]??[],F={type:I,rId:E},W=P.relationships,j=new Set;for(let fe of W?.values()??[])fe.target&&j.add(fe.target);let J=1;for(;j.has(`${c}${J}.xml`);)J++;let ce=c==="header"?"http://schemas.openxmlformats.org/officeDocument/2006/relationships/header":"http://schemas.openxmlformats.org/officeDocument/2006/relationships/footer",re=new Map(W);re.set(E,{id:E,type:ce,target:`${c}${J}.xml`});let ue={...e,package:{...P,[M]:H,relationships:re,document:P.document?{...P.document,finalSectionProperties:{...k,[z]:[...A,F]}}:P.document}};t(ue),s(c);},[a,m,f,h,e,t,s,u]),g=Zl.useCallback(c=>{if(!p||!e?.package){s(null);return}let b=e.package,x=b.document?.finalSectionProperties,v=p==="header"?x?.headerReferences:x?.footerReferences,C=d?"first":"default",P=v?.find(E=>E.type===C)??v?.find(E=>E.type==="default")??v?.find(E=>E.type==="first")??v?.[0],k=p==="header"?"headers":"footers",I=b[k];if(P?.rId&&I){let E=I.get(P.rId),w={type:p,hdrFtrType:P.type,...E,content:c},M=new Map(I);M.set(P.rId,w);let H={...e,package:{...b,[k]:M}};t(H);}s(null);},[p,d,e,t,s]),y=Zl.useCallback(()=>{if(!p)return;let c=o.current?.getView();if(c){let b=conversion.proseDocToBlocks(c.state.doc);g(b);}else s(null);},[p,g,o,s]),R=Zl.useCallback(()=>{if(!p||!e?.package){s(null);return}let c=e.package,b=c.document?.finalSectionProperties,x=p==="header"?"headerReferences":"footerReferences",v=p==="header"?"headers":"footers",C=b?.[x],P=d?"first":"default",k=C?.find(I=>I.type===P)??C?.find(I=>I.type==="default")??C?.find(I=>I.type==="first")??C?.[0];if(k?.rId){let I=new Map(c[v]??[]);I.delete(k.rId);let E=(C??[]).filter(M=>M.rId!==k.rId),w={...e,package:{...c,[v]:I,document:c.document?{...c.document,finalSectionProperties:{...b,[x]:E}}:c.document}};t(w);}s(null);},[p,d,e,t,s]),S=Zl.useCallback(c=>{let b=n.current?.querySelector(".paged-editor__pages");if(!b)return null;let x=c==="header"?".layout-page-header":".layout-page-footer";return b.querySelector(x)},[n]);return {headerContent:a,footerContent:m,firstPageHeaderContent:f,firstPageFooterContent:h,handleHeaderFooterDoubleClick:r,handleHeaderFooterSave:g,handleBodyClick:y,handleRemoveHeaderFooter:R,getHfTargetElement:S}}function aa({documentBuffer:e,initialDocument:t,externalContent:o,history:n,documentRef:i,pagedEditorRef:l,setLoadingState:p,setComments:s,setShowCommentsSidebar:d,onError:u,resetForNewDocument:a,commentsLoadedRef:m,commentIdAllocator:f,setDocumentFonts:h}){let r=Zl.useRef(0),g=Zl.useRef(false),y=Zl.useCallback(S=>{a(),n.reset(S),p({isLoading:false,parseError:null}),utils.loadDocumentFonts(S).catch(c=>{console.warn("Failed to load document fonts:",c);}),h(utils.getRenderableDocumentFonts(S,{embeddedFamilies:utils.getEmbeddedFontFamilies(S.package?.fontTable)}));},[a,n,p,h]),R=Zl.useCallback(async S=>{let c=++r.current;a(),p({isLoading:true,parseError:null});try{let b=await docx.parseDocx(S);if(r.current!==c)return;y(b);}catch(b){if(r.current!==c)return;let x=b instanceof Error?b.message:"Failed to parse document";p({isLoading:false,parseError:x}),u?.(b instanceof Error?b:new Error(x));}},[a,y,u,p]);return Zl.useEffect(()=>{if(!o){if(!e){t&&!g.current&&(g.current=true,y(t));return}g.current||(g.current=true,R(e));}},[e,t,o]),Zl.useEffect(()=>{i.current=n.state;},[n.state,i]),Zl.useEffect(()=>{if(m.current)return;let S=n.state;if(!S)return;m.current=true;let c=S.package?.document?.comments;c&&c.length>0&&(s(c),d(true)),commentIdAllocator.seedCommentAllocator(f,c,l.current?.getView()??null);},[n.state,l,s,d,m,f]),{loadParsedDocument:y,loadBuffer:R}}var pm={inline:"wrap_text",squareLeft:"format_image_left",squareRight:"format_image_right",behind:"flip_to_back",inFront:"flip_to_front"},wo=18,ca=({isOpen:e,position:t,currentWrapType:o,currentCssFloat:n,onApplyLayout:i,textActions:l,onTextAction:p,onOpenProperties:s,onClose:d})=>{let{t:u}=chunk7JQV5Q34_js.b(),a=Zl.useRef(null),[m,f]=Zl.useState(0),h=Zl.useMemo(()=>layoutPainter.deriveLayoutChoice(o,n),[o,n]),r=Zl.useMemo(()=>layoutPainter.IMAGE_LAYOUT_OPTIONS.filter(c=>layoutPainter.isImageLayoutOptionEnabled(c,o)),[o]),g=Zl.useMemo(()=>(l??[]).filter(c=>!c.disabled),[l]),y=s?1:0,R=y+r.length+g.length;Zl.useEffect(()=>{if(!e)return;let c=x=>{a.current&&!a.current.contains(x.target)&&d();},b=setTimeout(()=>{document.addEventListener("mousedown",c);},0);return ()=>{clearTimeout(b),document.removeEventListener("mousedown",c);}},[e,d]),Zl.useEffect(()=>{if(!e)return;let c=b=>{if(b.key==="Escape"){b.preventDefault(),d();return}let x=Math.max(1,R);if(b.key==="ArrowDown")b.preventDefault(),f(v=>(v+1)%x);else if(b.key==="ArrowUp")b.preventDefault(),f(v=>(v-1+x)%x);else if(b.key==="Enter"){if(b.preventDefault(),y&&m===0)s?.(),d();else if(m<y+r.length)i(r[m-y].choice),d();else if(p){let v=g[m-y-r.length];v&&(p(v.action),d());}}};return document.addEventListener("keydown",c),()=>document.removeEventListener("keydown",c)},[e,m,r,g,R,y,i,s,p,d]),Zl.useEffect(()=>{if(!e)return;let c=h?r.findIndex(b=>b.choice===h):-1;f(c>=0?y+c:0);},[e,h,r,y]);let S=Zl.useCallback(()=>{let b=layoutPainter.IMAGE_LAYOUT_OPTIONS.length,x=l?.length??0,v=b*36+x*32+(x>0?9:0)+16,C=t.x,P=t.y;return typeof window<"u"&&(C+260>window.innerWidth&&(C=window.innerWidth-260-10),P+v>window.innerHeight&&(P=window.innerHeight-v-10),C<10&&(C=10),P<10&&(P=10)),{position:"fixed",top:P,left:C,minWidth:260,background:"var(--doc-surface)",border:"1px solid var(--doc-border-light)",borderRadius:"8px",boxShadow:"0 2px 10px var(--doc-shadow)",zIndex:chunkU7YE3IJN_js.h.contextMenu,padding:"4px 0",overflow:"hidden"}},[t,l]);return e?jsxRuntime.jsxs("div",{ref:a,className:"docx-image-context-menu",style:S(),role:"menu","aria-label":u("imageWrap.menu.ariaLabel"),"data-testid":"image-context-menu",children:[s&&jsxRuntime.jsxs(jsxRuntime.Fragment,{children:[jsxRuntime.jsxs("button",{type:"button",role:"menuitem","data-action":"open-properties",onClick:()=>{s(),d();},onMouseEnter:()=>f(0),style:{display:"flex",alignItems:"center",gap:"10px",width:"100%",padding:"8px 12px",border:"none",background:m===0?"var(--doc-primary-light)":"transparent",cursor:"pointer",fontSize:"13px",color:"var(--doc-text)",textAlign:"left"},children:[jsxRuntime.jsx("span",{style:{display:"flex",color:"var(--doc-text-muted)",width:wo},children:jsxRuntime.jsx(chunkVFCUMHEL_js.b,{name:"settings",size:wo})}),jsxRuntime.jsx("span",{style:{flex:1},children:u("imageWrap.menu.imageProperties")})]}),jsxRuntime.jsx("div",{style:{height:1,background:"var(--doc-border-light)",margin:"4px 0"},role:"separator"})]}),layoutPainter.IMAGE_LAYOUT_OPTIONS.map(c=>{let b=c.choice===h,x=layoutPainter.isImageLayoutOptionEnabled(c,o),v=x?y+r.findIndex(k=>k.choice===c.choice):-1,C=v>=0&&v===m,P=u(`imageWrap.menuDesc.${c.i18nDescKey}`);return jsxRuntime.jsxs("button",{type:"button",role:"menuitem","data-wrap-type":c.choice,"data-current":b?"true":"false","data-disabled":x?"false":"true",disabled:!x,onClick:()=>{x&&(i(c.choice),d());},onMouseEnter:()=>{v>=0&&f(v);},title:P,style:{display:"flex",alignItems:"center",gap:"10px",width:"100%",padding:"8px 12px",border:"none",background:C?"var(--doc-primary-light)":"transparent",cursor:x?"pointer":"not-allowed",fontSize:"13px",color:x?"var(--doc-text)":"var(--doc-text-placeholder)",textAlign:"left",opacity:x?1:.55},children:[jsxRuntime.jsx("span",{style:{display:"flex",color:b?"var(--doc-primary)":"var(--doc-text-muted)",width:wo},children:jsxRuntime.jsx(chunkVFCUMHEL_js.b,{name:pm[c.iconHint],size:wo})}),jsxRuntime.jsx("span",{style:{flex:1},children:u(`imageWrap.menu.${c.i18nLabelKey}`)}),b&&jsxRuntime.jsx("span",{style:{fontSize:"11px",color:"var(--doc-primary)"},"aria-label":u("toolbar.imageWrap.current"),children:"\u25CF"})]},c.choice)}),l&&l.length>0&&jsxRuntime.jsxs(jsxRuntime.Fragment,{children:[jsxRuntime.jsx("div",{style:{height:1,background:"var(--doc-border-light)",margin:"4px 0"},role:"separator"}),l.map((c,b)=>{let x=c.disabled?-1:y+r.length+g.findIndex(C=>C.action===c.action),v=x===m&&!c.disabled;return jsxRuntime.jsxs(Zl__default.default.Fragment,{children:[jsxRuntime.jsxs("button",{type:"button",role:"menuitem","data-action":c.action,"data-disabled":c.disabled?"true":"false",disabled:c.disabled,onClick:()=>{c.disabled||!p||(p(c.action),d());},onMouseEnter:()=>{x>=0&&f(x);},style:{display:"flex",alignItems:"center",gap:"10px",width:"100%",padding:"7px 12px",border:"none",background:v?"var(--doc-primary-light)":"transparent",cursor:c.disabled?"not-allowed":"pointer",fontSize:"13px",color:c.disabled?"var(--doc-text-placeholder)":"var(--doc-text)",textAlign:"left",opacity:c.disabled?.55:1},children:[jsxRuntime.jsx("span",{style:{width:wo},"aria-hidden":"true"}),jsxRuntime.jsx("span",{style:{flex:1},children:c.label}),c.shortcut&&jsxRuntime.jsx("span",{style:{fontSize:"11px",color:"var(--doc-text-muted)",fontFamily:"monospace"},children:c.shortcut})]}),c.dividerAfter&&jsxRuntime.jsx("div",{style:{height:1,background:"var(--doc-border-light)",margin:"4px 0"},role:"separator"})]},`${c.action}-${b}`)})]})]}):null};function da(){let[e,t]=Zl.useState(false),[o,n]=Zl.useState({x:0,y:0}),[i,l]=Zl.useState("inline"),[p,s]=Zl.useState(null),[d,u]=Zl.useState(null),[a,m]=Zl.useState(null),f=Zl.useCallback(r=>{n({x:r.x,y:r.y}),l(r.wrapType),s(r.cssFloat??null),u(r.pos),m(r.inlinePositionEmu??null),t(true);},[]),h=Zl.useCallback(()=>{t(false),u(null),m(null);},[]);return {isOpen:e,position:o,currentWrapType:i,currentCssFloat:p,imagePos:d,inlinePositionEmu:a,openForImage:f,closeMenu:h}}function an(e,t,o){if(!e||!t)return null;let n=e.querySelector(".paged-editor__pages");if(!n)return null;for(let i of layoutBridge.findBodyPmAnchors(n)){let l=Number(i.dataset.pmStart),p=Number(i.dataset.pmEnd);if(o>=l&&o<=p)return i.getBoundingClientRect().top-t.getBoundingClientRect().top}return null}function ua(e){let t=e?.package?.document;return t?.sections?.[0]?.properties??t?.finalSectionProperties}function ga({getActiveEditorView:e,focusActiveEditor:t,openSplitCellDialog:o,scrollContainerRef:n,editorContentRef:i,i18n:l,onAddComment:p}){let{t:s}=chunk7JQV5Q34_js.b(),[d,u]=Zl.useState({isOpen:false,position:{x:0,y:0},hasSelection:false,cursorInTable:false,tableContext:null}),a=da(),m=Zl.useCallback(S=>{let c=S.target;if(c?.closest(".paged-editor__pages")&&!c.closest(".hf-inline-editor"))return;S.preventDefault(),S.stopPropagation();let b=e(),x=b?prosemirror.getTableContext(b.state):{isInTable:false},{from:v,to:C}=b?.state.selection??{from:0,to:0},P=v!==C;u({isOpen:true,position:{x:S.clientX,y:S.clientY},hasSelection:P,cursorInTable:x.isInTable,tableContext:x.isInTable?x:null});},[e]),f=Zl.useCallback(S=>{if(S.image){a.openForImage({x:S.x,y:S.y,wrapType:S.image.wrapType,cssFloat:S.image.cssFloat,pos:S.image.pos,inlinePositionEmu:S.image.inlinePositionEmu});return}let c=e(),b=c?prosemirror.getTableContext(c.state):{isInTable:false};u({isOpen:true,position:S,hasSelection:S.hasSelection,cursorInTable:b.isInTable,tableContext:b.isInTable?b:null});},[e,a]),h=Zl.useCallback(S=>{let c=e();if(!c||a.imagePos===null)return;let b=a.inlinePositionEmu?{initialPositionEmu:a.inlinePositionEmu}:void 0;commands.setImageWrapType(a.imagePos,S,b)(c.state,c.dispatch);},[e,a.imagePos,a.inlinePositionEmu]),r=Zl.useMemo(()=>[{action:"cut",label:s("contextMenu.cut"),shortcut:chunkPSBO3UDN_js.a(s("contextMenu.cutShortcut"))},{action:"copy",label:s("contextMenu.copy"),shortcut:chunkPSBO3UDN_js.a(s("contextMenu.copyShortcut"))},{action:"paste",label:s("contextMenu.paste"),shortcut:chunkPSBO3UDN_js.a(s("contextMenu.pasteShortcut")),dividerAfter:true},{action:"delete",label:s("contextMenu.delete"),shortcut:chunkPSBO3UDN_js.a(s("contextMenu.deleteShortcut"))}],[s]),g=Zl.useCallback(()=>{u({isOpen:false,position:{x:0,y:0},hasSelection:false,cursorInTable:false,tableContext:null});},[]),y=Zl.useMemo(()=>{let S=[{action:"cut",label:s("contextMenu.cut"),shortcut:chunkPSBO3UDN_js.a(s("contextMenu.cutShortcut"))},{action:"copy",label:s("contextMenu.copy"),shortcut:chunkPSBO3UDN_js.a(s("contextMenu.copyShortcut"))},{action:"paste",label:s("contextMenu.paste"),shortcut:chunkPSBO3UDN_js.a(s("contextMenu.pasteShortcut"))},{action:"pasteAsPlainText",label:s("contextMenu.pastePlainText"),shortcut:chunkPSBO3UDN_js.a(s("contextMenu.pastePlainTextShortcut")),dividerAfter:true},{action:"delete",label:s("contextMenu.delete"),shortcut:chunkPSBO3UDN_js.a(s("contextMenu.deleteShortcut")),dividerAfter:!d.hasSelection&&!d.cursorInTable}];return d.hasSelection&&S.push({action:"addComment",label:"Comment",dividerAfter:!d.cursorInTable}),d.cursorInTable&&S.push({action:"addRowAbove",label:"Insert row above"},{action:"addRowBelow",label:"Insert row below"},{action:"deleteRow",label:"Delete row",dividerAfter:true},{action:"addColumnLeft",label:"Insert column left"},{action:"addColumnRight",label:"Insert column right"},{action:"deleteColumn",label:"Delete column"},{action:"mergeCells",label:l?.table?.mergeCells??docxEditorI18n.en.table.mergeCells,disabled:!d.tableContext?.hasMultiCellSelection},{action:"splitCell",label:l?.table?.splitCell??docxEditorI18n.en.table.splitCell,disabled:!d.tableContext?.canSplitCell,dividerAfter:true},{action:"selectTable",label:l?.table?.selectTable??docxEditorI18n.en.table.selectTable},{action:"deleteTable",label:l?.table?.deleteTable??docxEditorI18n.en.table.deleteTable,dividerAfter:true}),S.push({action:"selectAll",label:s("contextMenu.selectAll"),shortcut:chunkPSBO3UDN_js.a(s("contextMenu.selectAllShortcut"))}),S},[d.hasSelection,d.cursorInTable,d.tableContext,l,s]),R=Zl.useCallback(async S=>{let c=e();if(c)switch(t(),S){case "cut":document.execCommand("cut");break;case "copy":document.execCommand("copy");break;case "paste":{try{let b=await navigator.clipboard.read(),x="",v="";for(let k of b)k.types.includes("text/html")&&(x=await(await k.getType("text/html")).text()),k.types.includes("text/plain")&&(v=await(await k.getType("text/plain")).text());let C=new DataTransfer;x&&C.items.add(x,"text/html"),v&&C.items.add(v,"text/plain");let P=new ClipboardEvent("paste",{clipboardData:C,bubbles:!0,cancelable:!0});c.dom.dispatchEvent(P);}catch{try{let b=await navigator.clipboard.readText();if(b){let x=new DataTransfer;x.setData("text/plain",b),c.dom.dispatchEvent(new ClipboardEvent("paste",{clipboardData:x,bubbles:!0,cancelable:!0}));}}catch{}}break}case "pasteAsPlainText":try{let b=await navigator.clipboard.readText();if(b){let x=new DataTransfer;x.setData("text/plain",b),c.dom.dispatchEvent(new ClipboardEvent("paste",{clipboardData:x,bubbles:!0,cancelable:!0}));}}catch{}break;case "delete":{let{from:b,to:x}=c.state.selection;b!==x&&c.dispatch(c.state.tr.deleteRange(b,x));break}case "selectAll":c.dispatch(c.state.tr.setSelection(prosemirrorState.TextSelection.create(c.state.doc,0,c.state.doc.content.size)));break;case "addRowAbove":prosemirror.addRowAbove(c.state,c.dispatch);break;case "addRowBelow":prosemirror.addRowBelow(c.state,c.dispatch);break;case "deleteRow":prosemirror.deleteRow(c.state,c.dispatch);break;case "addColumnLeft":prosemirror.addColumnLeft(c.state,c.dispatch);break;case "addColumnRight":prosemirror.addColumnRight(c.state,c.dispatch);break;case "deleteColumn":prosemirror.deleteColumn(c.state,c.dispatch);break;case "mergeCells":prosemirror.mergeCells(c.state,c.dispatch);break;case "splitCell":o();break;case "selectTable":prosemirror.selectTable(c.state,c.dispatch);break;case "deleteTable":prosemirror.deleteTable(c.state,c.dispatch);break;case "addComment":{let{from:b,to:x}=c.state.selection;if(b===x)break;let v=an(n.current,i.current,b),C=c.state.schema.marks.comment.create({commentId:commentIdAllocator.PENDING_COMMENT_ID}),P=c.state.tr.addMark(b,x,C);P.setSelection(prosemirrorState.TextSelection.create(P.doc,x)),c.dispatch(P),p({from:b,to:x,yPos:v});break}}},[e,t,o,n,i,p]);return {contextMenu:d,imageContextMenu:a,handleEditorContextMenu:m,handleContextMenu:f,handleContextMenuClose:g,handleImageWrapApply:h,imageContextMenuTextActions:r,contextMenuItems:y,handleContextMenuAction:R}}function ha({commentsProp:e,onCommentDelete:t,onCommentsChange:o,pagedEditorRef:n}){let[i,l]=Zl.useState([]),p=e!==void 0,s=p?e:i,[d,u]=Zl.useState(false),[a,m]=Zl.useState(null),[f,h]=Zl.useState(null),[r,g]=Zl.useState(null),y=Zl.useRef(null),R=Zl.useRef(new Set),S=Zl.useRef(0),c=Zl.useRef(s);c.current=s;let b=Zl.useRef(d);b.current=d;let x=Zl.useRef(t);x.current=t;let v=Zl.useRef(o);v.current=o;let C=Zl.useCallback(I=>{let E=typeof I=="function"?I(c.current):I;if(E===c.current)return;let w=c.current.length;c.current=E,(E.length===0||w===0)&&R.current.clear(),E.length>0&&w===0&&(S.current=Date.now()+2500),p||l(E),v.current?.(E);},[p]),P=Zl.useCallback(()=>c.current,[]),k=Zl.useCallback(()=>{if(b.current||Date.now()<S.current)return;let I=n.current?.getView();if(!I)return;let{doc:E,schema:w}=I.state,M=w.marks.comment;if(!M)return;let H=new Set;E.descendants(F=>{for(let W of F.marks)if(W.type===M){let j=W.attrs.commentId;j!==commentIdAllocator.PENDING_COMMENT_ID&&H.add(j);}});for(let F of H)R.current.add(F);let z=c.current,A=new Set;for(let F of z)F.parentId==null&&!H.has(F.id)&&R.current.has(F.id)&&A.add(F.id);if(A.size!==0){for(let F of z)A.has(F.id)&&x.current?.(F);C(F=>F.filter(W=>!A.has(W.id)&&!A.has(W.parentId)));}},[n,C]);return Zl.useEffect(()=>()=>{y.current&&clearTimeout(y.current);},[]),{comments:s,setComments:C,getComments:P,isAddingComment:d,setIsAddingComment:u,isAddingCommentRef:b,commentSelectionRange:a,setCommentSelectionRange:m,addCommentYPosition:f,setAddCommentYPosition:h,floatingCommentBtn:r,setFloatingCommentBtn:g,cleanOrphanedCommentsTimerRef:y,cleanOrphanedComments:k}}function ya({commentToRevision:e,setComments:t,pmState:o,isLoading:n,trackedChangesCount:i,setShowCommentsSidebar:l,trackedChangesLoadedRef:p}){Zl.useEffect(()=>{e.size!==0&&t(s=>{let d=false,u=s.map(a=>{if(a.parentId!=null)return a;let m=e.get(a.id);return m!=null?(d=true,{...a,parentId:m}):a});return d?u:s});},[e,t]),Zl.useEffect(()=>{p.current||n||!o||(p.current=true,i>0&&l(true));},[o,n,i,l,p]);}function Ca({getActiveEditorView:e,lastSelectionRef:t,borderSpecRef:o,theme:n,historyStateRef:i,getCachedStyleResolver:l,setFloatingCommentBtn:p,applySelectionDelta:s,recomputeFloatingCommentBtn:d,onSelectionChange:u,selectionChangeSubscribersRef:a}){return {handleSelectionChange:Zl.useCallback(f=>{let h=e();if(h){let{from:k,to:I}=h.state.selection;t.current={from:k,to:I};}let r=null;if(h&&(r=prosemirror.getTableContext(h.state),r.isInTable||(r=null)),r?.cellBorderColor){let k=utils.resolveColorToHex(r.cellBorderColor,n??void 0);k&&(o.current={...o.current,color:{rgb:k}});}let g=null;if(h){let k=h.state.selection,I=k.node;I?.type.name==="image"&&(g={pos:k.from,wrapType:I.attrs.wrapType??"inline",displayMode:I.attrs.displayMode??"inline",cssFloat:I.attrs.cssFloat??null,transform:I.attrs.transform??null,alt:I.attrs.alt??null,borderWidth:I.attrs.borderWidth??null,borderColor:I.attrs.borderColor??null,borderStyle:I.attrs.borderStyle??null,width:I.attrs.width??null,height:I.attrs.height??null});}if(!f){p(null),s({selectionFormatting:{},pmTableContext:r,pmImageContext:g});return}let{textFormatting:y,paragraphFormatting:R}=f,S=y.fontFamily?.ascii||y.fontFamily?.hAnsi,c=y.fontSize;if(!S||!c){let k=i.current,I=f.styleId;if(k?.package.styles&&I){let w=l(k.package.styles).resolveParagraphStyle(I);!S&&w.runFormatting?.fontFamily&&(S=w.runFormatting.fontFamily.ascii||w.runFormatting.fontFamily.hAnsi),!c&&w.runFormatting?.fontSize&&(c=w.runFormatting.fontSize);}}let b=utils.resolveColorToHex(y.color,n??void 0),x=b?`#${b}`:void 0,v=R.numPr,C=v?{type:v.numId===1?"bullet":"numbered",level:v.ilvl??0,isInList:true,numId:v.numId}:void 0,P={bold:y.bold,italic:y.italic,underline:!!y.underline,strike:y.strike,superscript:y.vertAlign==="superscript",subscript:y.vertAlign==="subscript",fontFamily:S,fontSize:c,color:x,highlight:y.highlight,alignment:R.alignment,lineSpacing:R.lineSpacing,listState:C,styleId:f.styleId??void 0,indentLeft:R.indentLeft,bidi:!!R.bidi};s({selectionFormatting:P,paragraphIndentLeft:R.indentLeft??0,paragraphIndentRight:R.indentRight??0,paragraphFirstLineIndent:R.indentFirstLine??0,paragraphHangingIndent:R.hangingIndent??false,paragraphTabs:R.tabs??null,pmTableContext:r,pmImageContext:g}),d(),u?.(f);for(let k of a.current)try{k(f);}catch(I){console.error("selectionChange subscriber threw:",I);}},[e,t,o,n,i,l,p,s,d,u,a])}}function xa({pagedEditorRef:e,scrollContainerRef:t,editorContentRef:o,isAddingCommentRef:n,setFloatingCommentBtn:i,readOnly:l,isLoading:p,zoom:s}){let d=Zl.useRef(false);d.current=l;let u=Zl.useCallback(()=>{let a=e.current?.getView();if(!a)return;if(n.current||d.current){i(null);return}let{from:m,to:f}=a.state.selection;if(m===f){i(null);return}let h=t.current,r=o.current;if(!h||!r)return;let g=an(h,r,m);if(g==null)return;let R=h.querySelector(".paged-editor__pages")?.querySelector(".layout-page"),S=R?R.getBoundingClientRect().right-r.getBoundingClientRect().left:r.getBoundingClientRect().width/2+408;i({top:g,left:S});},[e,t,o,n,i]);return Zl.useEffect(()=>{let a=t.current;if(!a)return;let m=new ResizeObserver(()=>u());m.observe(a);let f=()=>u();return window.addEventListener("resize",f),()=>{m.disconnect(),window.removeEventListener("resize",f);}},[p,u,t]),Zl.useEffect(()=>{u();},[s,u]),{recomputeFloatingCommentBtn:u}}function Ra({hfEditPosition:e,hfEditorRef:t,pagedEditorRef:o}){let n=Zl.useCallback(()=>e&&t.current?t.current.getView():o.current?.getView(),[e,t,o]),i=Zl.useCallback(()=>{e&&t.current?t.current.focus():o.current?.focus();},[e,t,o]),l=Zl.useCallback(()=>{e&&t.current?t.current.undo():o.current?.undo();},[e,t,o]),p=Zl.useCallback(()=>{e&&t.current?t.current.redo():o.current?.redo();},[e,t,o]);return {getActiveEditorView:n,focusActiveEditor:i,undoActiveEditor:l,redoActiveEditor:p}}function Pa({scrollContainerRef:e,pagedEditorRef:t}){let[o,n]=Zl.useState({currentPage:1,totalPages:1,visible:false}),i=Zl.useRef(null),l=e.current;return Zl.useEffect(()=>{if(!l)return;let p=()=>{let s=t.current?.getLayout();if(!s||s.pages.length===0)return;let d=l.scrollTop,u=s.pages.length,a=24,m=24,f=d+l.clientHeight/2,h=m,r=1;for(let g=0;g<s.pages.length;g++){let y=s.pages[g].size.h,R=h+y;if(f<R){r=g+1;break}h=R+a,r=g+2;}r=Math.min(r,u),n({currentPage:r,totalPages:u,visible:true}),i.current&&clearTimeout(i.current),i.current=setTimeout(()=>{n(g=>({...g,visible:false}));},600);};return l.addEventListener("scroll",p,{passive:true}),()=>{l.removeEventListener("scroll",p),i.current&&clearTimeout(i.current);}},[l,t]),{scrollPageInfo:o,setScrollPageInfo:n}}function Ta({contextMenu:e,contextMenuItems:t,onContextMenuAction:o,onContextMenuClose:n,imageContextMenu:i,onImageWrapApply:l,imageContextMenuTextActions:p,onOpenImageProperties:s,readOnly:d}){return jsxRuntime.jsxs(jsxRuntime.Fragment,{children:[jsxRuntime.jsx(chunkU7YE3IJN_js.i,{isOpen:e.isOpen,position:e.position,hasSelection:e.hasSelection,isEditable:!d,items:t,onAction:o,onClose:n}),jsxRuntime.jsx(ca,{isOpen:i.isOpen,position:i.position,currentWrapType:i.currentWrapType,currentCssFloat:i.currentCssFloat,onApplyLayout:l,textActions:p,onTextAction:o,onOpenProperties:s,onClose:i.closeMenu}),jsxRuntime.jsx(sonner.Toaster,{position:"bottom-right"})]})}var Nm=Zl.lazy(()=>import('./FindReplaceDialog-HHTL4S3Y.js')),zm=Zl.lazy(()=>import('./HyperlinkDialog-BPVGWRIQ.js')),_m=Zl.lazy(()=>import('./TablePropertiesDialog-Q3LKUJCI.js').then(e=>({default:e.TablePropertiesDialog}))),Vm=Zl.lazy(()=>import('./SplitCellDialog-5VCCHXMK.js')),Wm=Zl.lazy(()=>import('./ImagePositionDialog-B4ITUMXT.js').then(e=>({default:e.ImagePositionDialog}))),Um=Zl.lazy(()=>import('./ImagePropertiesDialog-5FEAWWN2.js').then(e=>({default:e.ImagePropertiesDialog}))),$m=Zl.lazy(()=>import('./FootnotePropertiesDialog-6N6YF2YI.js').then(e=>({default:e.FootnotePropertiesDialog}))),Km=Zl.lazy(()=>import('./PageSetupDialog-WUPNIV5J.js').then(e=>({default:e.PageSetupDialog}))),Gm=Zl.lazy(()=>import('./WatermarkDialog-VIDQMSDB.js').then(e=>({default:e.WatermarkDialog})));function wa({findReplace:e,findResultRef:t,onFind:o,onFindNext:n,onFindPrevious:i,onReplace:l,onReplaceAll:p,hyperlinkDialog:s,onHyperlinkSubmit:d,onHyperlinkRemove:u,tablePropsOpen:a,onTablePropsClose:m,pmTableContext:f,getActiveEditorView:h,splitCellDialogState:r,onSplitCellDialogClose:g,onSplitCellDialogApply:y,imagePositionOpen:R,onImagePositionClose:S,onApplyImagePosition:c,imagePropsOpen:b,onImagePropsClose:x,onApplyImageProperties:v,pmImageContext:C,showPageSetup:P,onPageSetupClose:k,onPageSetupApply:I,showWatermark:E,onWatermarkClose:w,onWatermarkApply:M,currentWatermark:H,watermarkPresets:z,document:A,footnotePropsOpen:F,onFootnotePropsClose:W,onApplyFootnoteProperties:j}){return jsxRuntime.jsxs(Zl.Suspense,{fallback:null,children:[e.state.isOpen&&jsxRuntime.jsx(Nm,{isOpen:e.state.isOpen,onClose:e.close,onFind:o,onFindNext:n,onFindPrevious:i,onReplace:l,onReplaceAll:p,initialSearchText:e.state.searchText,replaceMode:e.state.replaceMode,currentResult:t.current}),s.state.isOpen&&jsxRuntime.jsx(zm,{isOpen:s.state.isOpen,onClose:s.close,onSubmit:d,onRemove:s.state.isEditing?u:void 0,initialData:s.state.initialData,selectedText:s.state.selectedText,isEditing:s.state.isEditing}),a&&jsxRuntime.jsx(_m,{isOpen:a,onClose:m,onApply:J=>{let ce=h();ce&&commands.setTableProperties(J)(ce.state,ce.dispatch);},currentProps:f?.table?.attrs}),r.isOpen&&jsxRuntime.jsx(Vm,{isOpen:r.isOpen,onClose:g,onApply:y,initialRows:r.initialRows,initialCols:r.initialCols,minRows:r.minRows,minCols:r.minCols}),R&&jsxRuntime.jsx(Wm,{isOpen:R,onClose:S,onApply:c}),b&&jsxRuntime.jsx(Um,{isOpen:b,onClose:x,onApply:v,currentData:C?{alt:C.alt??void 0,borderWidth:C.borderWidth??void 0,borderColor:C.borderColor??void 0,borderStyle:C.borderStyle??void 0,width:C.width??void 0,height:C.height??void 0}:void 0}),P&&jsxRuntime.jsx(Km,{isOpen:P,onClose:k,onApply:I,currentProps:A?.package.document?.finalSectionProperties}),E&&jsxRuntime.jsx(Gm,{isOpen:E,onClose:w,onApply:M,current:H,presets:z}),F&&jsxRuntime.jsx($m,{isOpen:F,onClose:W,onApply:j,footnotePr:A?.package.document?.finalSectionProperties?.footnotePr,endnotePr:A?.package.document?.finalSectionProperties?.endnotePr})]})}function Ia({active:e,onClick:t}){let{t:o}=chunk7JQV5Q34_js.b(),n=o("editor.toggleCommentsSidebar");return jsxRuntime.jsx(chunkU7YE3IJN_js.B,{onClick:t,active:e,title:n,ariaLabel:n,children:jsxRuntime.jsx(chunkVFCUMHEL_js.b,{name:"comment",size:20})})}var br=[{value:"editing",labelKey:"editor.editing",icon:"edit_note",descKey:"editor.editingDescription"},{value:"suggesting",labelKey:"editor.suggesting",icon:"rate_review",descKey:"editor.suggestingDescription"},{value:"viewing",labelKey:"editor.viewing",icon:"visibility",descKey:"editor.viewingDescription"}];function Ma({mode:e,onModeChange:t}){let{t:o}=chunk7JQV5Q34_js.b(),[n,i]=Zl.useState(false),[l,p]=Zl.useState(false),s=Zl.useRef(null),d=Zl.useRef(null),[u,a]=Zl.useState({top:0,left:0}),m=br.find(f=>f.value===e);return Zl.useEffect(()=>{let f=window.matchMedia("(max-width: 1400px)");p(f.matches);let h=r=>p(r.matches);return f.addEventListener("change",h),()=>f.removeEventListener("change",h)},[]),Zl.useEffect(()=>{if(!n||!s.current)return;let f=s.current.getBoundingClientRect();a({top:f.bottom+2,left:f.right-220});},[n]),Zl.useEffect(()=>{if(!n)return;let f=r=>{!s.current?.contains(r.target)&&!d.current?.contains(r.target)&&i(false);},h=r=>{r.key==="Escape"&&i(false);};return document.addEventListener("mousedown",f),document.addEventListener("keydown",h),()=>{document.removeEventListener("mousedown",f),document.removeEventListener("keydown",h);}},[n]),jsxRuntime.jsxs("div",{style:{position:"relative"},children:[jsxRuntime.jsxs("button",{ref:s,type:"button",onMouseDown:f=>f.preventDefault(),onClick:()=>i(!n),title:`${o(m.labelKey)} (Ctrl+Shift+E)`,style:{display:"flex",alignItems:"center",gap:l?0:4,padding:l?"2px 4px":"2px 6px 2px 4px",border:"none",background:n?"var(--doc-bg-hover)":"transparent",borderRadius:4,cursor:"pointer",fontSize:13,fontWeight:400,color:"var(--doc-text)",whiteSpace:"nowrap",height:28},children:[jsxRuntime.jsx(chunkVFCUMHEL_js.b,{name:m.icon,size:18}),!l&&jsxRuntime.jsx("span",{children:o(m.labelKey)}),jsxRuntime.jsx(chunkVFCUMHEL_js.b,{name:"arrow_drop_down",size:16})]}),n&&jsxRuntime.jsx("div",{ref:d,onMouseDown:f=>f.preventDefault(),style:{position:"fixed",top:u.top,left:u.left,backgroundColor:"var(--doc-surface)",border:"1px solid var(--doc-border)",borderRadius:8,boxShadow:"0 4px 12px var(--doc-shadow)",padding:"4px 0",zIndex:1e4,minWidth:220},children:br.map(f=>jsxRuntime.jsxs("button",{type:"button",onMouseDown:h=>h.preventDefault(),onClick:()=>{t(f.value),i(false);},onMouseOver:h=>{h.currentTarget.style.backgroundColor="var(--doc-bg-hover)";},onMouseOut:h=>{h.currentTarget.style.backgroundColor="transparent";},style:{display:"flex",alignItems:"center",gap:10,padding:"8px 12px",border:"none",background:"transparent",cursor:"pointer",fontSize:13,color:"var(--doc-text)",width:"100%",textAlign:"left"},children:[jsxRuntime.jsx(chunkVFCUMHEL_js.b,{name:f.icon,size:20}),jsxRuntime.jsxs("span",{style:{display:"flex",flexDirection:"column",alignItems:"flex-start"},children:[jsxRuntime.jsx("span",{style:{fontWeight:500},children:o(f.labelKey)}),jsxRuntime.jsx("span",{style:{fontSize:11,color:"var(--doc-text-muted)"},children:o(f.descKey)})]}),f.value===e&&jsxRuntime.jsx(chunkVFCUMHEL_js.b,{name:"check",size:18,style:{marginLeft:"auto",color:"var(--doc-primary)"}})]},f.value))})]})}function Da({toolbarRefCallback:e,document:t,theme:o,pmState:n,selectionFormatting:i,tableContext:l,imageContext:p,readOnly:s,editingMode:d,setEditingMode:u,setShowCommentsSidebar:a,setExpandedSidebarItem:m,showCommentsSidebar:f,renderLogo:h,documentName:r,onDocumentNameChange:g,documentNameEditable:y,renderTitleBarRight:R,toolbarExtra:S,fontFamilies:c,documentFonts:b,zoom:x,showZoomControl:v,onFormat:C,onUndo:P,onRedo:k,onPrint:I,showFileOpen:E,showHelpMenu:w,onOpen:M,onSave:H,onZoomChange:z,onRefocusEditor:A,onInsertTable:F,onInsertImage:W,onInsertPageBreak:j,onInsertSectionBreakNextPage:J,onInsertSectionBreakContinuous:ce,onInsertTOC:re,onImageWrapType:ue,onImageTransform:fe,onOpenImageProperties:De,onPageSetup:we,onWatermark:D,onTableAction:O}){return jsxRuntime.jsx("div",{ref:e,className:"z-50 flex flex-col gap-0 flex-shrink-0",children:jsxRuntime.jsxs(chunkU7YE3IJN_js.F,{currentFormatting:i,onFormat:C,onUndo:P,onRedo:k,canUndo:n?prosemirrorHistory.undoDepth(n)>0:false,canRedo:n?prosemirrorHistory.redoDepth(n)>0:false,disabled:s,documentStyles:t?.package.styles?.styles,theme:t?.package.theme||o,fontFamilies:c,documentFonts:b,onPrint:I,onOpen:E?M:void 0,onSave:H,showZoomControl:v,zoom:x,onZoomChange:z,onRefocusEditor:A,onInsertTable:F,showTableInsert:true,showHelpMenu:w,onInsertImage:W,onInsertPageBreak:j,onInsertSectionBreakNextPage:J,onInsertSectionBreakContinuous:ce,onInsertTOC:re,imageContext:p,onImageWrapType:ue,onImageTransform:fe,onOpenImageProperties:De,onPageSetup:we,onWatermark:D,tableContext:l,onTableAction:O,children:[jsxRuntime.jsxs(chunkU7YE3IJN_js.F.TitleBar,{children:[h&&jsxRuntime.jsx(chunkU7YE3IJN_js.F.Logo,{children:h()}),r!==void 0&&jsxRuntime.jsx(chunkU7YE3IJN_js.F.DocumentName,{value:r,onChange:g,editable:y}),R&&jsxRuntime.jsx(chunkU7YE3IJN_js.F.TitleBarRight,{children:R()}),jsxRuntime.jsx(chunkU7YE3IJN_js.F.MenuBar,{})]}),jsxRuntime.jsxs(chunkU7YE3IJN_js.F.Toolbar,{children:[jsxRuntime.jsx(chunkU7YE3IJN_js.D,{}),jsxRuntime.jsx(Ia,{active:f,onClick:()=>{a(_=>!_),m(null);}}),jsxRuntime.jsx(chunkU7YE3IJN_js.D,{}),jsxRuntime.jsx(Ma,{mode:d,onModeChange:_=>{u(_),_==="suggesting"&&a(true);}}),S]})]})})}function Ha(e,t,o){let n=e.parentElement?.querySelector('[data-testid="selection-overlay"]');if(!n)return null;let i=n.getBoundingClientRect(),l=layoutBridge.getCaretPositionFromDom(e,t,i,o);return l?{x:l.x/o,y:l.y/o,height:l.height,pageIndex:l.pageIndex}:null}function Fa(e,t,o,n,i){return layoutBridge.getSelectionRectsFromDom(e,o,n,t).map(p=>({x:p.x/i,y:p.y/i,width:p.width/i,height:p.height/i,pageIndex:p.pageIndex}))}var hf={position:"fixed",left:"-9999px",top:"0",opacity:0,zIndex:-1,pointerEvents:"none",userSelect:"none",overflowAnchor:"none"};function Ba(e,t,o,n=[]){let i=o?.getSchema()??prosemirror.schema,l=t??e?.package?.styles,p=e?conversion.toProseDoc(e,{styles:l}):conversion.createEmptyDoc(),s=prosemirror.createDocumentStylesPlugin(l),d=prosemirror.createDocumentContextPlugin({theme:e?.package?.theme??null,defaultTableStyleId:e?.package?.settings?.defaultTableStyle??null}),u=[...n,...o?.getPlugins()??[],s,d];return prosemirror.ensureParaIdsInState(prosemirrorState.EditorState.create({doc:p,schema:i,plugins:u}))}function bf(e,t){return t?conversion.fromProseDoc(e.doc,t):null}var yf=Zl.forwardRef(function(t,o){let{document:n,styles:i,theme:l,widthPx:p=612,readOnly:s=false,onTransaction:d,onSelectionChange:u,externalPlugins:a=[],extensionManager:m,onEditorViewReady:f,onEditorViewDestroy:h,onKeyDown:r}=t,g=Zl.useRef(null),y=Zl.useRef(null),R=Zl.useRef(n),S=Zl.useRef(false),c=Zl.useRef(null),b=Zl.useRef(false),x=Zl.useRef(d),v=Zl.useRef(u),C=Zl.useRef(f),P=Zl.useRef(h),k=Zl.useRef(r),I=Zl.useRef(s);x.current=d,v.current=u,C.current=f,P.current=h,k.current=r,I.current=s,R.current=n;let E=F=>{if(!F)return "empty";let W=F.package?.properties;return `${W?.created||""}-${W?.modified||""}-${W?.title||""}`},w=Zl.useCallback(()=>{if(!g.current||S.current)return;let W={state:Ba(n,i,m,a),editable:()=>!I.current,attributes:{style:"overflow-anchor: none"},dispatchTransaction(J){if(S.current)return;y.current||(y.current=this),editor.stripScrollFlag(J,this.state.tr);let ce=this.state.apply(J);this.updateState(ce),x.current?.(J,ce),(J.selectionSet||J.docChanged)&&v.current?.(ce);},handleKeyDown:(J,ce)=>k.current?.(J,ce)??false,handleScrollToSelection:()=>true,handleDOMEvents:{focus:()=>false,blur:()=>false}};y.current=new prosemirrorView.EditorView(g.current,W);let j=y.current.dom;j.style.overflowAnchor="none",b.current=true,c.current=E(n),C.current?.(y.current);},[n,i,a,m,s]),M=Zl.useCallback(()=>{y.current&&!S.current&&(S.current=true,P.current?.(),y.current.destroy(),y.current=null,S.current=false);},[]);Zl.useEffect(()=>(w(),()=>M()),[]),Zl.useEffect(()=>{if(!y.current||S.current)return;let F=E(n);if(b.current&&F===c.current)return;b.current=true,c.current=F;let W=Ba(n,i,m,a);y.current.updateState(W),v.current?.(W);},[n,i,m,a]),Zl.useEffect(()=>{y.current;},[s]),Zl.useImperativeHandle(o,()=>({getState(){return y.current?.state??null},getView(){return y.current??null},getDocument(){return y.current?bf(y.current.state,R.current):null},focus(){y.current?.focus();},blur(){y.current?.hasFocus()&&y.current.dom.blur();},isFocused(){return y.current?.hasFocus()??false},dispatch(F){y.current&&!S.current&&y.current.dispatch(F);},executeCommand(F){return y.current?F(y.current.state,y.current.dispatch,y.current):false},undo(){return y.current?prosemirrorHistory.undo(y.current.state,y.current.dispatch):false},redo(){return y.current?prosemirrorHistory.redo(y.current.state,y.current.dispatch):false},canUndo(){return y.current?prosemirrorHistory.undo(y.current.state):false},canRedo(){return y.current?prosemirrorHistory.redo(y.current.state):false},setSelection(F,W){if(!y.current)return;let{state:j,dispatch:J}=y.current,ce=j.doc.resolve(F),re=W!==void 0?j.doc.resolve(W):ce,ue=prosemirrorState.TextSelection.between(ce,re);J(j.tr.setSelection(ue));},setNodeSelection(F){if(!y.current)return;let{state:W,dispatch:j}=y.current;try{let J=prosemirrorState.NodeSelection.create(W.doc,F);j(W.tr.setSelection(J));}catch{this.setSelection(F);}},setCellSelection(F,W){if(!y.current)return;let{state:j,dispatch:J}=y.current;try{let ce=prosemirrorTables.CellSelection.create(j.doc,F,W);J(j.tr.setSelection(ce));}catch{this.setSelection(F,W);}},scrollToSelection(){}}),[]);let H=jsxRuntime.jsx("div",{ref:g,className:"paged-editor__hidden-pm",style:{...hf,width:p>0?`${p}px`:void 0}}),z=globalThis.document,A=z&&"body"in z&&z.body!=null?z.body:null;return A?reactDom.createPortal(H,A):H}),Na=Zl.memo(yf);function Of(e,t,o,n,i,l,p,s){let d=conversion.headerFooterToProseDoc(e.content,{styles:t??void 0,theme:o??null,defaultTabStopTwips:n??null}),u=prosemirror.createDocumentStylesPlugin(t),a=prosemirror.createDocumentContextPlugin({theme:o??null,defaultTableStyleId:i??null}),m=plugins.createSuggestionModePlugin(p,s);return prosemirrorState.EditorState.create({doc:d,schema:prosemirror.schema,plugins:[m,...l.getPlugins(),u,a]})}function Bf(e){if(!e?.package)return [];let t=[],o=e.package.headers;if(o)for(let i of o.keys())t.push({rId:i,kind:"header"});let n=e.package.footers;if(n)for(let i of n.keys())(!o||!o.has(i))&&t.push({rId:i,kind:"footer"});return t}var Rr=Zl.memo(Zl.forwardRef(function({document:t,styles:o,theme:n,isSuggesting:i=false,author:l="User",defaultTabStopTwips:p,onTransaction:s},d){let u=Zl.useRef(s);u.current=s;let a=t?.package?.settings?.defaultTableStyle??null,m=Zl.useRef(i);m.current=i;let f=Zl.useRef(l);f.current=l,Zl.useEffect(()=>{for(let{view:b}of y.current.values())plugins.setSuggestionMode(i,b.state,b.dispatch,l);},[i,l]);let h=Zl.useRef(t);h.current=t;let r=Zl.useRef(null),g=Zl.useRef(null),y=Zl.useRef(new Map),R=Zl.useRef(new Map);r.current=(b,x,v)=>{let P=h.current?.package;if(!P)return;let I=(x==="header"?P.headers:P.footers)?.get(b);I&&(I.content=conversion.proseDocToBlocks(v.doc));};let S=Zl.useCallback((b,x)=>{let v=t?.package;return v?(x==="header"?v.headers:v.footers)?.get(b)??null:null},[t]),c=Zl.useMemo(()=>Bf(t),[t?.package?.headers,t?.package?.footers]);return Zl.useEffect(()=>{if(!g.current)return;let b=g.current,x=new Map(c.map(C=>[C.rId,C])),v=y.current;for(let[C,P]of v)x.has(C)||(P.view.destroy(),P.mountNode.remove(),R.current.get(C)?.destroy(),R.current.delete(C),v.delete(C));for(let C of c){if(v.has(C.rId))continue;let P=S(C.rId,C.kind);if(!P)continue;let k=new extensions.ExtensionManager(extensions.createStarterKit());k.buildSchema(),k.initializeRuntime(),R.current.set(C.rId,k);let I=b.ownerDocument.createElement("div");I.dataset.hfRId=C.rId,I.dataset.hfKind=C.kind,b.appendChild(I);let E=Of(P,o,n,p,a,k,m.current,f.current),w=C.rId,M=C.kind,H=new prosemirrorView.EditorView(I,{state:E,dispatchTransaction(z){let A=H.state.apply(z);H.updateState(A),z.docChanged&&r.current?.(w,M,A),u.current?.(w,H,z.docChanged);}});v.set(C.rId,{rId:C.rId,kind:C.kind,view:H,mountNode:I});}},[c,S,o,n,p,a]),Zl.useEffect(()=>{let b=y.current,x=R.current;return ()=>{for(let{view:v,mountNode:C}of b.values())v.destroy(),C.remove();b.clear();for(let v of x.values())v.destroy();x.clear();}},[]),Zl.useImperativeHandle(d,()=>({getView(b){return y.current.get(b)?.view??null},getViews(){let b=new Map;for(let[x,v]of y.current)b.set(x,v.view);return b}}),[]),jsxRuntime.jsx("div",{ref:g,style:{position:"fixed",left:-9999,top:0,opacity:0,zIndex:-1,pointerEvents:"none"}})}));Rr.displayName="HiddenHeaderFooterPMs";var Vf="#000000",Wf="rgba(66, 133, 244, 0.3)",Uf=2,$f=530,Kf={position:"absolute",top:0,left:0,right:0,bottom:0,pointerEvents:"none",zIndex:10,overflow:"hidden"},Gf=(e,t,o,n)=>({position:"absolute",left:e.x,top:e.y,width:o,height:Math.min(Math.max(e.height||16,1),72),backgroundColor:t,opacity:n?1:0,transition:"opacity 0.05s ease-out",pointerEvents:"none"}),jf=(e,t)=>({position:"absolute",left:e.x,top:e.y,width:e.width,height:e.height,backgroundColor:t,pointerEvents:"none"}),Yf=({position:e,color:t,width:o,blinkInterval:n,isFocused:i})=>{let[l,p]=Zl.useState(i),s=Zl.useRef(null);return Zl.useEffect(()=>(s.current&&(window.clearInterval(s.current),s.current=null),i&&n>0?(p(true),s.current=window.setInterval(()=>{p(d=>!d);},n)):p(false),()=>{s.current&&window.clearInterval(s.current);}),[i,n]),Zl.useEffect(()=>{if(i)return p(true),s.current&&window.clearInterval(s.current),n>0&&(s.current=window.setInterval(()=>{p(d=>!d);},n)),()=>{s.current&&window.clearInterval(s.current);}},[e.x,e.y,i,n]),jsxRuntime.jsx("div",{style:Gf(e,t,o,l),"data-testid":"caret"})},qf=({rect:e,color:t,index:o})=>jsxRuntime.jsx("div",{style:jf(e,t),"data-testid":`selection-rect-${o}`,"data-page-index":e.pageIndex}),_a=({selectionRects:e,caretPosition:t,isFocused:o,readOnly:n=false,caretColor:i=Vf,selectionColor:l=Wf,caretWidth:p=Uf,blinkInterval:s=$f})=>{if(n)return null;let d=e.length>0,u=t!==null&&!d;return jsxRuntime.jsxs("div",{style:Kf,"data-testid":"selection-overlay",children:[d&&e.map((a,m)=>jsxRuntime.jsx(qf,{rect:a,color:l,index:m},`sel-${a.pageIndex}-${a.x}-${a.y}-${m}`)),u&&o&&t&&jsxRuntime.jsx(Yf,{position:t,color:i,width:p,blinkInterval:s,isFocused:o})]})};var Tr=10,Wa=Tr/2,Mo=2,Ka="#2563eb",Ua={position:"absolute",top:0,left:0,right:0,bottom:0,pointerEvents:"none",zIndex:15,overflow:"visible"},Qf={position:"absolute",border:`${Mo}px solid ${Ka}`,pointerEvents:"none",boxSizing:"border-box"},Jf={position:"absolute",width:`${Tr}px`,height:`${Tr}px`,backgroundColor:"#ffffff",border:`1.5px solid ${Ka}`,borderRadius:"50%",boxShadow:"0 1px 2.5px rgba(0, 0, 0, 0.35)",boxSizing:"border-box",pointerEvents:"auto",zIndex:16},eg={position:"absolute",backgroundColor:"rgba(0, 0, 0, 0.75)",color:"var(--doc-on-primary)",fontSize:"11px",fontFamily:"system-ui, sans-serif",padding:"2px 8px",borderRadius:"3px",whiteSpace:"nowrap",pointerEvents:"none",zIndex:20,transform:"translateX(-50%)"},tg={nw:"nw-resize",ne:"ne-resize",se:"se-resize",sw:"sw-resize",n:"ns-resize",s:"ns-resize",e:"ew-resize",w:"ew-resize"},og=[{pos:"nw",x:0,y:0},{pos:"ne",x:1,y:0},{pos:"se",x:1,y:1},{pos:"sw",x:0,y:1},{pos:"n",x:.5,y:0},{pos:"s",x:.5,y:1},{pos:"e",x:1,y:.5},{pos:"w",x:0,y:.5}];function Ga({imageInfo:e,zoom:t,isFocused:o,onResize:n,onResizeStart:i,onResizeEnd:l,onDragMove:p,onDragStart:s,onDragEnd:d,onContextMenu:u}){let[a,m]=Zl.useState(false),[f,h]=Zl.useState(false),[r,g]=Zl.useState(0),[y,R]=Zl.useState(0),[S,c]=Zl.useState(null),b=Zl.useRef(null),x=Zl.useRef(null),v=Zl.useRef(n),C=Zl.useRef(i),P=Zl.useRef(l),k=Zl.useRef(p),I=Zl.useRef(s),E=Zl.useRef(d);v.current=n,C.current=i,P.current=l,k.current=p,I.current=s,E.current=d;let w=Zl.useRef(e),M=Zl.useRef(t);w.current=e,M.current=t;let H=Zl.useCallback(()=>{if(!e||!x.current){c(null);return}let re=x.current.offsetParent;if(!re){c(null);return}let ue=re.getBoundingClientRect(),fe=e.element.getBoundingClientRect();c({left:(fe.left-ue.left)/t,top:(fe.top-ue.top)/t,width:fe.width/t,height:fe.height/t});},[e,t]);Zl.useEffect(()=>{H();},[H]),Zl.useEffect(()=>{if(!e)return;let re=x.current?.closest('[style*="overflow"]')??x.current?.closest(".paged-editor__container");if(!re)return;let ue=()=>{b.current&&cancelAnimationFrame(b.current),b.current=requestAnimationFrame(H);};return re.addEventListener("scroll",ue,{passive:true}),window.addEventListener("resize",ue,{passive:true}),()=>{re.removeEventListener("scroll",ue),window.removeEventListener("resize",ue),b.current&&cancelAnimationFrame(b.current);}},[e,H]);let z=Zl.useCallback((re,ue)=>{if(!e||!S)return;ue.preventDefault(),ue.stopPropagation();let fe=S.width,De=S.height,we=ue.clientX,D=ue.clientY,O=Math.round(fe),_=Math.round(De);m(true),g(O),R(_),C.current?.();let $=B=>{let ie=M.current,ee=(B.clientX-we)/ie,Y=(B.clientY-D)/ie,pe=!B.shiftKey,ae=imageCommit.calculateResizedImageDimensions(re,ee,Y,fe,De,pe);O=Math.round(ae.width),_=Math.round(ae.height),g(O),R(_),c(X=>{if(!X)return X;let me={...X};return re.includes("w")&&(me.left=X.left+(X.width-ae.width)),re.includes("n")&&(me.top=X.top+(X.height-ae.height)),me.width=ae.width,me.height=ae.height,me});},U=()=>{window.removeEventListener("mousemove",$),window.removeEventListener("mouseup",U),m(false);let B=w.current;B&&v.current?.(B.pmPos,O,_),P.current?.();};window.addEventListener("mousemove",$),window.addEventListener("mouseup",U);},[e,S]),A=Zl.useCallback(re=>{if(!e||!S)return;re.preventDefault(),re.stopPropagation();let ue=4,fe=re.clientX,De=re.clientY,we=false,D=null,O=$=>{let U=$.clientX-fe,B=$.clientY-De;!we&&Math.sqrt(U*U+B*B)<ue||(we||(we=true,h(true),I.current?.(),D=document.createElement("div"),D.style.cssText="position: fixed; pointer-events: none; z-index: 10000; opacity: 0.5; border: 2px dashed #2563eb; border-radius: 4px; background: rgba(37, 99, 235, 0.1);",D.style.width=`${S.width}px`,D.style.height=`${S.height}px`,document.body.appendChild(D)),D&&(D.style.left=`${$.clientX-S.width/2}px`,D.style.top=`${$.clientY-S.height/2}px`));},_=$=>{if(window.removeEventListener("mousemove",O),window.removeEventListener("mouseup",_),D&&(D.remove(),D=null),h(false),we){let U=w.current;U&&k.current?.(U.pmPos,$.clientX,$.clientY),E.current?.();}};window.addEventListener("mousemove",O),window.addEventListener("mouseup",_);},[e,S]);if(!!!(e&&S&&o))return jsxRuntime.jsx("div",{ref:x,style:{...Ua,visibility:"hidden"},className:"image-selection-overlay"});let{left:W,top:j,width:J,height:ce}=S;return jsxRuntime.jsxs("div",{ref:x,style:Ua,className:"image-selection-overlay",children:[jsxRuntime.jsx("div",{style:{...Qf,left:W-Mo,top:j-Mo,width:J+Mo*2,height:ce+Mo*2}}),jsxRuntime.jsx("div",{style:{position:"absolute",left:W,top:j,width:J,height:ce,cursor:f?"grabbing":"grab",pointerEvents:"auto",zIndex:15},onMouseDown:A,onContextMenu:u}),og.map(({pos:re,x:ue,y:fe})=>jsxRuntime.jsx(ng,{handle:re,style:{left:W+J*ue-Wa,top:j+ce*fe-Wa},onMouseDown:z},re)),a&&jsxRuntime.jsxs("div",{style:{...eg,left:W+J/2,top:j+ce+12},children:[r," \xD7 ",y]})]})}function ng({handle:e,style:t,onMouseDown:o}){return jsxRuntime.jsx("div",{style:{...Jf,...t,cursor:tg[e]},onMouseDown:n=>o(e,n),"data-handle":e})}var ig={position:"absolute",inset:0,pointerEvents:"none",zIndex:11};function qa({getView:e,getPagesContainer:t,zoom:o,decorationSyncToken:n,syncCoordinator:i}){let l=Zl.useRef(null),p=Zl.useRef(null),[s,d]=Zl.useState(0);return Zl.useEffect(()=>i.onRender(()=>d(u=>u+1)),[i]),Zl.useEffect(()=>(p.current!==null&&cancelAnimationFrame(p.current),p.current=requestAnimationFrame(()=>{p.current=null;let u=e(),a=t(),m=l.current;!u||!a||!m||i.isSafeToRender()&&ag(u,a,m,o);}),()=>{p.current!==null&&(cancelAnimationFrame(p.current),p.current=null);}),[o,n,s]),jsxRuntime.jsx("div",{ref:l,className:"paged-editor__decoration-overlay",style:ig,"aria-hidden":"true"})}function ag(e,t,o,n){let i=sg(e.state);if(i.length===0){o.firstChild&&o.replaceChildren();return}let l=chunk6EQOMKOG_js.b(t,n),p=l.getContainerOffset(),s=document.createDocumentFragment();for(let{decoration:d,from:u,to:a}of i){if(u===a){let h=lg(d,e);if(!h)continue;let r=l.getCoordinatesForPosition(u);if(!r)continue;let g=document.createElement("div");g.style.cssText=`position:absolute;left:${r.x+p.x}px;top:${r.y+p.y}px;height:${r.height}px;`,g.appendChild(h),s.appendChild(g);continue}let m=cg(d);if(!m)continue;let f=l.getRectsForRange(u,a);for(let h of f){let r=document.createElement("div");for(let[y,R]of Object.entries(m))y!=="nodeName"&&r.setAttribute(y,R);let g=`position:absolute;left:${h.x+p.x}px;top:${h.y+p.y}px;width:${h.width}px;height:${h.height}px;`;r.style.cssText=g+(m.style??""),s.appendChild(r);}}o.replaceChildren(s);}function sg(e){let t=[];for(let o of e.plugins){let n=o.props.decorations;if(!n)continue;let i=n.call(o,e);i&&i.forEachSet(l=>{l.find().forEach(p=>{p.spec?.noOverlay||t.push({decoration:p,from:p.from,to:p.to});});});}return t}function lg(e,t){let o=e.type;if(!o)return null;let n=o.toDOM;return typeof n=="function"?n(t,()=>e.from):n instanceof HTMLElement?n.cloneNode(true):null}function cg(e){return e.type?.attrs??null}function Za(e,t,o){if(o.requestRender(),e){o.clearSelectionOverlay();return}o.updateSelectionOverlay(t);}var Qa=[];var Ja={position:"relative",width:"100%",minHeight:"100%",overflow:"visible",backgroundColor:"var(--doc-bg)"},es={position:"relative",display:"flex",flexDirection:"column",alignItems:"center",paddingTop:24,paddingBottom:24,overflowAnchor:"none"},ts={position:"relative",display:"flex",flexDirection:"column",alignItems:"center",overflowAnchor:"none"},os={position:"absolute",top:0,left:0,right:0,bottom:0,pointerEvents:"none",overflow:"visible",zIndex:8};function pn(e,t,o){let n=t.getBoundingClientRect(),i=e.getBoundingClientRect(),l=i.top+i.height/2,p=n.top+n.height/2,s=l-p,d=Math.max(0,t.scrollHeight-t.clientHeight),u=Math.max(0,Math.min(d,t.scrollTop+s));t.scrollTop=u;}function mn(e,t){if(t.aborted)return;let o=requestAnimationFrame(()=>{if(t.aborted)return;let n=requestAnimationFrame(()=>{if(t.aborted)return;let i=requestAnimationFrame(()=>{t.aborted||e();});t.addEventListener("abort",()=>cancelAnimationFrame(i),{once:true});});t.addEventListener("abort",()=>cancelAnimationFrame(n),{once:true});});t.addEventListener("abort",()=>cancelAnimationFrame(o),{once:true});}function ns(e,t){let o=null,n=layoutBridge.findBodyPmAnchors(e);for(let i=0;i<n.length;i++){let l=n[i].dataset.pmStart;if(l==null)continue;let p=Number(l);Number.isNaN(p)||p<=t&&(o===null||p>o)&&(o=p);}return o}function fn(e,t){let o=e.pages.length;return e.pages.reduce((i,l)=>i+l.size.h,0)+Math.max(0,o-1)*t+24+24}function rs(e,t,o,n,i){let l=new Map;if(!e?.state)return l;let{doc:p,schema:s}=e.state,d=s.marks.comment,u=s.marks.insertion,a=s.marks.deletion;if(!d&&!u&&!a)return l;let m=new Set,f=24+i,h=0,r=(g,y)=>{if(m.has(g))return;m.add(g);let R=layoutBridge.getCaretPosition(t,o,n,y,h);if(R){h=R.pageIndex,l.set(g,R.y+f);return}for(let S=h;S<t.pages.length;S++){let c=t.pages[S];for(let b of c.fragments){let x=b.pmStart??0,v=b.pmEnd??x;if(y<x||y>v)continue;let C=b.kind==="table"?fg(o,n,b,y):0;h=S,l.set(g,b.y+C+layoutBridge.getPageTop(t,S)+f);return}}};return p.descendants((g,y)=>{let R=g.attrs;if(R){let S=[R.trIns,R.trDel,R.pPrIns,R.pPrDel];for(let v of S){let C=v?.revisionId;typeof C=="number"&&r(`revision-${C}`,y);}let b=R.cellMarker?.info?.revisionId;typeof b=="number"&&r(`revision-${b}`,y);let x=[R.pPrChange,R.trPrChange,R.tcPrChange,R.tblPrChange];for(let v of x)if(Array.isArray(v))for(let C of v){let P=C?.info?.id;typeof P=="number"&&r(`revision-${P}`,y);}}if(g.isInline)for(let S of g.marks){let c=null;d&&S.type===d?c=`comment-${S.attrs.commentId}`:(u&&S.type===u||a&&S.type===a)&&(c=`revision-${S.attrs.revisionId}`),c&&r(c,y);}}),l}function fg(e,t,o,n){let i=e.findIndex(d=>d.id===o.blockId);if(i===-1)return 0;let l=e[i],p=t[i];if(l.kind!=="table"||p.kind!=="table")return 0;let s=0;for(let d=o.fromRow;d<o.toRow;d++){let u=l.rows[d];if(!u||u.cells.some(m=>m.blocks.some(f=>{let h=f.pmStart??0,r=f.pmEnd??h;return n>=h&&n<=r})))break;s+=p.rows[d]?.height??0;}return s}function ss(e,t,o,n){switch(e.kind){case "paragraph":{let i=e;if(!o||o.length===0){let p=layoutBridge.getCachedParagraphMeasure(i,t);if(p)return p}let l=layoutBridge.measureParagraph(i,t,{floatingZones:o,paragraphYOffset:n??0});return (!o||o.length===0)&&layoutBridge.setCachedParagraphMeasure(i,t,l),l}case "table":return layoutBridge.measureTableBlock(e,t,ss);case "image":{let i=e;return {kind:"image",width:i.width??100,height:i.height??100}}case "textBox":{let i=e,l=i.margins??layoutEngine.DEFAULT_TEXTBOX_MARGINS,p=(i.width??layoutEngine.DEFAULT_TEXTBOX_WIDTH)-l.left-l.right,s=i.content.map(a=>layoutBridge.measureParagraph(a,p)),d=s.reduce((a,m)=>a+m.totalHeight,0),u=i.height??d+l.top+l.bottom;return {kind:"textBox",width:i.width??layoutEngine.DEFAULT_TEXTBOX_WIDTH,height:u,innerMeasures:s}}case "pageBreak":return {kind:"pageBreak"};case "columnBreak":return {kind:"columnBreak"};case "sectionBreak":return {kind:"sectionBreak"};default:layoutEngine.assertExhaustiveFlowBlock(e,"react PagedEditor measureBlock");}}function ls(e,t,o){return layoutBridge.measureBlocksWithFloats(e,t,ss,o)}function ds(e,t,o){t.style.overflowAnchor||t.style.setProperty("overflow-anchor","none");let n=Math.max(1,t.scrollHeight-t.clientHeight),i=t.scrollTop/n,l=ns(e,o),p=0;if(l!=null){let s=layoutBridge.findBodyPmAnchor(e,l);if(s){let d=s.getBoundingClientRect(),u=t.getBoundingClientRect();p=d.top-u.top;}else l=null;}return {scrollRestoreRatioPre:i,domAnchorPmStart:l,domAnchorOffsetInScroller:p}}function us(e,t,o){let n=o.scrollRestoreRatioPre;if(e==="incremental"){let l=Math.max(1,t.scrollHeight-t.clientHeight);n=t.scrollTop/l;}let i=e==="incremental"?t.scrollTop:null;return {renderKind:e,ratio:n,scrollTopSnapshot:i,domAnchorPmStart:o.domAnchorPmStart,domAnchorOffsetInScroller:o.domAnchorOffsetInScroller}}function kr(e,t,o){let{renderKind:n,ratio:i,scrollTopSnapshot:l,domAnchorPmStart:p,domAnchorOffsetInScroller:s}=e;if(n==="incremental"&&l!=null){let u=Math.max(1,o.scrollHeight-o.clientHeight);o.scrollTop=Math.min(Math.max(0,l),u);return}if(n!=="incremental"&&p!=null){let u=layoutBridge.findBodyPmAnchor(t,p);if(u){let a=o.getBoundingClientRect(),m=u.getBoundingClientRect().top-a.top;o.scrollTop+=s-m;return}}let d=Math.max(1,o.scrollHeight-o.clientHeight);o.scrollTop=i*d;}function ps(e,t,o,n){if(e?.renderKind!=="incremental"||e.scrollTopSnapshot==null||n&&o>32||!t?.isConnected)return;let i=Math.max(1,t.scrollHeight-t.clientHeight),l=Math.min(Math.max(0,e.scrollTopSnapshot),i);Math.abs(t.scrollTop-l)>.5&&(t.scrollTop=l);}function bs(e){let{document:t,styles:o,theme:n,sectionProperties:i,finalSectionProperties:l,headerContent:p,footerContent:s,firstPageHeaderContent:d,firstPageFooterContent:u,getHfPmDoc:a,pageGap:m,zoom:f,resolvedCommentIds:h,pagesContainerRef:r,viewportLayoutRef:g,hiddenPMRef:y,syncCoordinator:R,getScrollContainer:S,onTotalPagesChange:c,onAnchorPositionsChange:b,onRenderedDomContextReady:x}=e,[v,C]=Zl.useState(null),[P,k]=Zl.useState([]),[I,E]=Zl.useState([]),[w,M]=Zl.useState(0),H=Zl.useCallback(()=>M(Y=>Y+1),[]),z=Zl.useRef(c),A=Zl.useRef(b),F=Zl.useRef(x),W=Zl.useRef(a);z.current=c,A.current=b,F.current=x,W.current=a;let j=Zl.useRef(0);Zl.useEffect(()=>{let Y=v?.pages.length??0;Y!==j.current&&(j.current=Y,z.current?.(Y));},[v]);let J=Zl.useMemo(()=>layoutBridge.getPageSize(i),[i]),ce=Zl.useMemo(()=>layoutBridge.getMargins(i),[i]),re=Zl.useMemo(()=>layoutBridge.getColumns(i),[i]),{finalPageSize:ue,finalMargins:fe,finalColumns:De}=Zl.useMemo(()=>{let Y=l??i;return {finalPageSize:layoutBridge.getPageSize(Y),finalMargins:layoutBridge.getMargins(Y),finalColumns:layoutBridge.getColumns(Y)}},[l,i]),we=J.w-ce.left-ce.right,D=Zl.useMemo(()=>new layoutPainter.LayoutPainter({pageGap:m,showShadow:true,pageBackground:"var(--doc-page-bg, #ffffff)"}),[m]),O=Zl.useRef(null);O.current=D;let _=Zl.useRef(null),$=Zl.useRef(0),U=Zl.useCallback(Y=>{let pe=performance.now(),ae=R.getStateSeq();R.onLayoutStart();let X=me=>{let be=r.current,Re=be?S()??findVerticalScrollParent.findVerticalScrollParentOrRoot(be):null,ze=performance.now()-$.current;ps(_.current,Re,ze,me);};X(true);try{let{blocks:me,measures:be,layout:Re,headerContentForRender:ze,footerContentForRender:He,firstPageHeaderForRender:_e,firstPageFooterForRender:Pe,hasTitlePg:Be,watermark:Fe,headerDistancePx:oe,footerDistancePx:Ue,pageBorders:Ct,footnotesByPage:qe}=editor.computeLayout({state:Y,document:t,pageSize:J,margins:ce,columns:re,finalPageSize:ue,finalMargins:fe,finalColumns:De,pageGap:m,contentWidth:we,theme:n,styles:o,sectionProperties:i,finalSectionProperties:l,headerContent:p,footerContent:s,firstPageHeaderContent:d,firstPageFooterContent:u,measureBlocks:ls,getHfPmDoc:q=>W.current?.(q)??null});if(k(me),E(be),C(Re),r.current&&O.current){_.current=null,$.current=0;let q=r.current,Z=S()??findVerticalScrollParent.findVerticalScrollParentOrRoot(q),Se=Z?.isConnected?ds(q,Z,Y.selection.head):null,Te=layoutPainter.buildBlockLookup(me,be);O.current.setBlockLookup(Te);let ve=layoutPainter.renderPages(Re.pages,r.current,{pageGap:m,showShadow:!0,pageBackground:"var(--doc-page-bg, #ffffff)",blockLookup:Te,headerContent:ze,footerContent:He,firstPageHeaderContent:_e,firstPageFooterContent:Pe,titlePg:Be,headerDistance:oe,footerDistance:Ue,pageBorders:Ct,theme:n,watermark:Fe,footnotesByPage:qe,resolvedCommentIds:h}),Ee=g.current;if(Ee){let Le=fn(Re,m);Ee.style.minHeight=`${Le}px`,f!==1?Ee.style.marginBottom=`${Le*(f-1)}px`:Ee.style.marginBottom="";}if(Z?.isConnected&&Se){let Le=us(ve,Z,Se);_.current=Le,Le.renderKind==="incremental"&&Le.scrollTopSnapshot!=null&&($.current=performance.now());}if(r.current?.dispatchEvent(new CustomEvent("painter:painted",{bubbles:!0})),F.current){let Le=chunk6EQOMKOG_js.b(r.current,f);F.current(Le);}}else _.current=null,$.current=0;if(A.current){let q=rs(y.current?.getView()??null,Re,me,be,m),Z=r.current;if(Z){let Se=Z.querySelectorAll(".layout-page-header, .layout-page-footer");if(Se.length>0){let Te=Z.getBoundingClientRect(),ve=f||1;for(let Ee=0;Ee<Se.length;Ee++){let Le=Se[Ee],et=Le.querySelectorAll(".docx-insertion[data-revision-id]");for(let ge=0;ge<et.length;ge++){let We=et[ge],Ie=We.getAttribute("data-revision-id");if(Ie&&!q.has(`revision-${Ie}`)){let at=(We.getBoundingClientRect().top-Te.top+Z.scrollTop)/ve;q.set(`revision-${Ie}`,at);}}let Ve=Le.querySelectorAll(".docx-deletion[data-revision-id]");for(let ge=0;ge<Ve.length;ge++){let We=Ve[ge],Ie=We.getAttribute("data-revision-id");if(Ie&&!q.has(`revision-${Ie}`)){let at=(We.getBoundingClientRect().top-Te.top+Z.scrollTop)/ve;q.set(`revision-${Ie}`,at);}}let se=Le.querySelectorAll("[data-comment-id]");for(let ge=0;ge<se.length;ge++){let We=se[ge],Ie=We.getAttribute("data-comment-id");if(Ie&&!q.has(`comment-${Ie}`)){let at=(We.getBoundingClientRect().top-Te.top+Z.scrollTop)/ve;q.set(`comment-${Ie}`,at);}}let je=Le.querySelectorAll(".ep-revision-table[data-revision-id], .ep-revision-row[data-revision-id], .ep-revision-cell[data-revision-id], .layout-revision-pmark[data-revision-id]");for(let ge=0;ge<je.length;ge++){let We=je[ge],Ie=We.getAttribute("data-revision-id");if(Ie&&!q.has(`revision-${Ie}`)){let at=(We.getBoundingClientRect().top-Te.top+Z.scrollTop)/ve;q.set(`revision-${Ie}`,at);}}}}}A.current(q);}X(!1);let Q=performance.now()-pe;Q>2e3&&console.warn(`[PagedEditor] Layout pipeline took ${Math.round(Q)}ms total (${me.length} blocks, ${be.length} measures)`);}catch(me){console.error("[PagedEditor] Layout pipeline error:",me);}R.onLayoutComplete(ae),X(false);},[we,re,J,ce,ue,fe,De,m,f,R,p,s,d,u,i,l,t,h,S,y,r,o,n,g]);Zl.useLayoutEffect(()=>{let Y=_.current;if(!Y)return;_.current=null,$.current=0;let pe=r.current,ae=S()??(pe?findVerticalScrollParent.findVerticalScrollParentOrRoot(pe):null);if(!pe||!ae?.isConnected)return;kr(Y,pe,ae);let X=requestAnimationFrame(()=>{ae.isConnected&&kr(Y,pe,ae);});return ()=>cancelAnimationFrame(X)},[v,S,r]);let B=Zl.useRef(U);B.current=U;let ie=Zl.useRef(null);ie.current||(ie.current=editor.createLayoutScheduler(Y=>B.current(Y)));let ee=Zl.useCallback(Y=>{ie.current.schedule(Y);},[]);return Zl.useEffect(()=>{let Y=ie.current;return ()=>Y?.cancel()},[]),{layout:v,blocks:P,measures:I,decorationSyncToken:w,notifyDecorationLayer:H,contentWidth:we,runLayoutPipeline:U,scheduleLayout:ee}}function vs(e){let{layout:t,blocks:o,measures:n,zoom:i,containerRef:l,pagesContainerRef:p,hiddenPMRef:s,syncCoordinator:d,isImageInteractingRef:u,onSelectionChangeRef:a}=e,[m,f]=Zl.useState([]),[h,r]=Zl.useState(null),[g,y]=Zl.useState(null),R=Zl.useCallback(()=>{f([]),r(null);},[]),S=Zl.useRef(null),c=Zl.useCallback((v,C)=>{let P=v.tagName==="IMG"?v:v.querySelector("img"),k=(P??v).getBoundingClientRect();return {element:P??v,pmPos:C,width:Math.round(k.width/i),height:Math.round(k.height/i)}},[i]),b=Zl.useCallback(v=>{let{from:C,to:P}=v.selection;S.current!==v&&(S.current=v,a.current?.(C,P));let k=p.current;if(k&&(layoutBridge.applyCellSelectionHighlight(k,v),layoutPainter.applySdtFocus(k,layoutPainter.enclosingSdtGroupIds(v.doc,C,P))),!(!t||o.length===0))if(C===P){let I=p.current?.parentElement?.querySelector('[data-testid="selection-overlay"]'),E=p.current?.querySelector(".layout-page"),w=(()=>{if(!I||!E)return null;let z=I.getBoundingClientRect(),A=E.getBoundingClientRect(),F=layoutBridge.getCaretPosition(t,o,n,C);return F?{...F,x:F.x+(A.left-z.left)/i,y:F.y+(A.top-z.top)/i,height:Math.min(Math.max(F.height||16,1),72)}:null})(),H=(k?Ha(k,C,i):null)??w;r(H?{...H,height:Math.min(Math.max(H.height||16,1),72)}:null),f([]);}else {let I=p.current?.parentElement?.querySelector('[data-testid="selection-overlay"]');if(I&&p.current){let E=I.getBoundingClientRect(),w=Fa(p.current,E,C,P,i);if(w.length>0)f(w);else {let M=p.current.querySelector(".layout-page");if(M){let H=M.getBoundingClientRect(),z=(H.left-E.left)/i,A=(H.top-E.top)/i,W=layoutBridge.selectionToRects(t,o,n,C,P).map(j=>({...j,x:j.x+z,y:j.y+A}));f(W);}else f([]);}}else f([]);r(null);}},[t,o,n,i,a,p]),x=Zl.useCallback(v=>{let{selection:C}=v;C instanceof prosemirrorState.NodeSelection&&C.node.type.name==="image"?(f([]),r(null)):d.isSafeToRender()&&b(v),requestAnimationFrame(()=>{let P=s.current?.getView();if(!P){y(null);return}let{selection:k}=P.state;if(k instanceof prosemirrorState.NodeSelection&&k.node.type.name==="image"){let I=k.from,E=p.current?layoutBridge.findBodyPmAnchor(p.current,I):null;if(E){y(c(E,I));return}}u.current||y(null);});},[b,c,d,s,u,p]);return Zl.useEffect(()=>{let v=l.current;if(!v)return;let C=new ResizeObserver(()=>{let P=s.current?.getState();P&&b(P);});return C.observe(v),()=>C.disconnect()},[b,l,s]),Zl.useEffect(()=>{let v=s.current?.getState();t&&v&&b(v);},[t,b,s]),Zl.useEffect(()=>d.onRender(()=>{if(!d.isSafeToRender())return;let v=s.current?.getState();v&&b(v);}),[d,b,s]),{selectionRects:m,caretPosition:h,selectedImageInfo:g,setSelectionRects:f,setCaretPosition:r,setSelectedImageInfo:y,buildImageSelectionInfo:c,clearSelectionOverlay:R,updateSelectionOverlay:b,handleSelectionChange:x}}function Ss(e){let{pagesContainerRef:t,hiddenPMRef:o,zoom:n,isImageInteractingRef:i,getPositionFromMouse:l}=e,p=Zl.useCallback((f,h,r)=>{let g=o.current?.getView();if(!g)return;let y=imageCommit.commitImageResize(g,f,h,r);y!==null&&o.current?.setNodeSelection(y);},[o]),s=Zl.useCallback(()=>{i.current=true;},[i]),d=Zl.useCallback(()=>{i.current=false;},[i]),u=Zl.useCallback((f,h,r)=>{let g=o.current?.getView();if(!g)return;let y=g.state.doc.nodeAt(f);if(!(!y||y.type.name!=="image"))if(imageCommit.isFloatingImage(y)){let R=t.current?.querySelectorAll(".layout-page");if(!R||R.length===0)return;let S=null;for(let C of R){let P=C.getBoundingClientRect();if(r>=P.top&&r<=P.bottom){S=C.querySelector(".layout-page-content");break}}if(S||(S=R[R.length-1].querySelector(".layout-page-content")),!S)return;let c=S.getBoundingClientRect(),b=utils.pixelsToEmu((h-c.left)/n),x=utils.pixelsToEmu((r-c.top)/n),v=imageCommit.commitImageFloatMove(g,f,b,x);v!==null&&o.current?.setNodeSelection(v);}else {let R=l(h,r);if(R===null)return;let S=imageCommit.commitImageInlineMove(g,f,R);S!==null&&o.current?.setNodeSelection(S);}},[l,n,o,t]),a=Zl.useCallback(()=>{i.current=true;},[i]),m=Zl.useCallback(()=>{i.current=false;},[i]);return {handleImageResize:p,handleImageResizeStart:s,handleImageResizeEnd:d,handleImageDragMove:u,handleImageDragStart:a,handleImageDragEnd:m}}function _g(e,t,o){return new Promise((n,i)=>{commands.insertImageFromFile(e,t,{pos:o,onInserted:l=>n(l),onError:l=>i(l)});})}function Rs({hiddenPMRef:e,getPositionFromMouse:t,readOnly:o=false}){let n=Zl.useCallback(l=>{if(o||!utils.dataTransferLooksLikeExternalImageDrop(l.dataTransfer))return;let p=e.current?.getView();p?.state.schema.nodes.image&&(p.dom.classList.contains("pm-image-dragging")||(l.preventDefault(),l.stopPropagation(),l.dataTransfer.dropEffect="copy"));},[e,o]),i=Zl.useCallback(l=>{if(o)return;let p=e.current?.getView();if(!p?.state.schema.nodes.image||p.dom.classList.contains("pm-image-dragging"))return;let s=utils.getClipboardImageFiles(l.dataTransfer);if(s.length===0)return;let d=t(l.clientX,l.clientY);d!=null&&(l.preventDefault(),l.stopPropagation(),(async()=>{let u=d;for(let a of s)try{await _g(p,a,u),u+=1;}catch{}p.focus();})());},[t,e,o]);return {handleDragOver:n,handleDrop:i}}function ws(e){let{layout:t,blocks:o,measures:n,pagesContainerRef:i,hiddenPMRef:l,getScrollContainer:p}=e,s=Zl.useRef(null);Zl.useEffect(()=>()=>{s.current?.abort(),s.current=null;},[]);let d=Zl.useCallback((m,f=false)=>{if(!Number.isInteger(m)||m<0)return;let h=i.current;if(!h)return;s.current?.abort();let r=new AbortController;s.current=r;let{signal:g}=r,y=()=>{let I=layoutBridge.findBodyPmAnchor(h,m);if(I)return I;for(let E of layoutBridge.findBodyPmSpans(h)){let w=Number(E.dataset.pmStart),M=Number(E.dataset.pmEnd);if(Number.isFinite(w)&&Number.isFinite(M)&&m>=w&&m<=M)return E}return null};if(!f){let I={block:"center",inline:"nearest",behavior:"smooth"},E=y();if(E){E.scrollIntoView(I);return}let w=t,M=o,H=n;if(!w||M.length===0||H.length!==M.length)return;let z=null,A=layoutBridge.getCaretPosition(w,M,H,m);if(A?z=A.pageIndex:z=layoutEngine.findPageIndexContainingPmPos(w,m),z==null)return;let W=h.querySelectorAll(".layout-page")[z];if(!W)return;W.scrollIntoView(I),mn(()=>{if(!h.isConnected)return;let j=y();j&&j.scrollIntoView(I);},g);return}let R=p()??findVerticalScrollParent.findVerticalScrollParentOrRoot(h),S=()=>{let I=y();return I?(pn(I,R),true):false};if(S())return;let c=t,b=o,x=n;if(!c||b.length===0||x.length!==b.length)return;let v=null,C=layoutBridge.getCaretPosition(c,b,x,m);if(C?v=C.pageIndex:v=layoutEngine.findPageIndexContainingPmPos(c,m),v==null)return;let k=h.querySelectorAll(".layout-page")[v];k&&(pn(k,R),mn(()=>{if(!h.isConnected)return;let I=y();I?pn(I,R):S();},g));},[t,o,n,p,i]),u=Zl.useCallback(m=>{if(!Number.isInteger(m)||m<1||!t||m>t.pages.length)return;let f=t.pages[m-1];for(let r of f.fragments)if(typeof r.pmStart=="number"){d(r.pmStart,true);return}i.current?.querySelectorAll(".layout-page")[m-1]?.scrollIntoView({block:"center",inline:"nearest"});},[t,d,i]),a=Zl.useCallback((m,f)=>{let h=l.current?.getState();if(!h)return  false;let r=prosemirror.findStartPosForParaId(h.doc,m);if(r==null||r<0)return  false;d(r,true);let g=()=>{if(!f?.highlight)return;let c=i.current;c&&utils.flashParagraphFragmentsByParaId(c,m,f.highlight);};g();let y=s.current?.signal;if(!y)return  true;let R=h.doc.nodeAt(r),S=R?.isTextblock===true?Math.min(r+1+R.content.size,h.doc.content.size):Math.min(r+1,h.doc.content.size);return mn(()=>{g(),l.current&&(l.current.setSelection(S),l.current.focus());},y),true},[d,l,i]);return {scrollToPositionImpl:d,scrollToPageImpl:u,scrollToParaIdImpl:a}}function Ls(e){let{hiddenPMRef:t,getActiveHfView:o}=e,n=Zl.useRef(null);function i(w){return w.closest(".layout-page-header")||w.closest(".layout-page-footer")?o?.()??t.current?.getView()??null:t.current?.getView()??null}let l=Zl.useRef(false),p=Zl.useRef(0),s=Zl.useRef(0),d=Zl.useRef(0),u=Zl.useRef({left:0,right:0}),a=Zl.useRef(null),m=Zl.useRef(false),f=Zl.useRef(0),h=Zl.useRef(0),r=Zl.useRef(0),g=Zl.useRef(0),y=Zl.useRef(null),R=Zl.useRef(false),S=Zl.useRef(false),c=Zl.useRef(0),b=Zl.useRef(0),x=Zl.useRef(0),v=Zl.useRef(0),C=Zl.useRef(null),P=Zl.useCallback((w,M)=>{let H=i(w);if(!H)return  false;if(w.classList.contains("layout-table-resize-handle")){M.preventDefault(),M.stopPropagation(),l.current=true,p.current=M.clientX,a.current=w,n.current=H,w.classList.add("dragging");let z=parseInt(w.dataset.columnIndex??"0",10);s.current=z,d.current=parseInt(w.dataset.tablePmStart??"0",10);let A=tableResize.readColumnWidths(H,d.current,z);return A&&(u.current=A),true}if(w.classList.contains("layout-table-row-resize-handle")||w.classList.contains("layout-table-edge-handle-bottom")){M.preventDefault(),M.stopPropagation(),m.current=true,f.current=M.clientY,y.current=w,R.current=w.dataset.isEdge==="bottom",n.current=H,w.classList.add("dragging");let z=parseInt(w.dataset.rowIndex??"0",10);h.current=z,r.current=parseInt(w.dataset.tablePmStart??"0",10);let A=tableResize.readRowHeight(H,r.current,z);if(A!=null)g.current=A;else {let W=w.closest(".layout-table")?.querySelector(`[data-row-index="${z}"]`),j=W?W.getBoundingClientRect().height:30;g.current=Math.round(j*tableResize.TWIPS_PER_PIXEL);}return  true}if(w.classList.contains("layout-table-edge-handle-right")){M.preventDefault(),M.stopPropagation(),S.current=true,c.current=M.clientX,C.current=w,n.current=H,w.classList.add("dragging");let z=parseInt(w.dataset.columnIndex??"0",10);b.current=z,x.current=parseInt(w.dataset.tablePmStart??"0",10);let A=tableResize.readColumnWidthAt(H,x.current,z);return A!=null&&(v.current=A),true}return  false},[t,o]),k=Zl.useCallback(w=>{if(l.current){w.preventDefault();let M=w.clientX-p.current;if(a.current){let H=parseFloat(a.current.style.left);a.current.style.left=`${H+M}px`,p.current=w.clientX;let z=Math.round(M*tableResize.TWIPS_PER_PIXEL),A=u.current.left+z,F=u.current.right-z;A>=tableResize.MIN_CELL_WIDTH_TWIPS&&F>=tableResize.MIN_CELL_WIDTH_TWIPS&&(u.current={left:A,right:F});}return  true}if(m.current){w.preventDefault();let M=w.clientY-f.current;if(y.current){let H=parseFloat(y.current.style.top);y.current.style.top=`${H+M}px`,f.current=w.clientY;let z=Math.round(M*tableResize.TWIPS_PER_PIXEL),A=g.current+z;A>=tableResize.MIN_ROW_HEIGHT_TWIPS&&(g.current=A);}return  true}if(S.current){w.preventDefault();let M=w.clientX-c.current;if(C.current){let H=parseFloat(C.current.style.left);C.current.style.left=`${H+M}px`,c.current=w.clientX;let z=Math.round(M*tableResize.TWIPS_PER_PIXEL),A=v.current+z;A>=tableResize.MIN_CELL_WIDTH_TWIPS&&(v.current=A);}return  true}return  false},[]),I=Zl.useCallback(()=>{let w=n.current;if(l.current){if(l.current=false,a.current&&(a.current.classList.remove("dragging"),a.current=null),w){let{left:M,right:H}=u.current;tableResize.commitColumnResize(w,{pmStart:d.current,colIdx:s.current,newLeft:M,newRight:H});}return n.current=null,true}return m.current?(m.current=false,y.current&&(y.current.classList.remove("dragging"),y.current=null),w&&tableResize.commitRowResize(w,{pmStart:r.current,rowIdx:h.current,newHeight:g.current}),n.current=null,true):S.current?(S.current=false,C.current&&(C.current.classList.remove("dragging"),C.current=null),w&&tableResize.commitRightEdgeResize(w,{pmStart:x.current,colIdx:b.current,newWidth:v.current}),n.current=null,true):false},[]),E=Zl.useCallback(()=>l.current||m.current||S.current,[]);return {tryStartFromMouseDown:P,handleMouseMoveUpdate:k,tryCommit:I,isAnyResizeActive:E}}function lh(e){return {getView:()=>e,setSelection(t,o){let n=o??t;try{let i=e.state.doc.resolve(t),l=e.state.doc.resolve(n);e.dispatch(e.state.tr.setSelection(prosemirrorState.TextSelection.between(i,l)));}catch{e.dispatch(e.state.tr.setSelection(prosemirrorState.TextSelection.create(e.state.doc,0)));}},setNodeSelection(t){try{e.dispatch(e.state.tr.setSelection(prosemirrorState.NodeSelection.create(e.state.doc,t)));}catch{}},setCellSelection(t,o){try{let n=e.state.doc.resolve(t),i=e.state.doc.resolve(o);e.dispatch(e.state.tr.setSelection(new prosemirrorTables.CellSelection(n,i)));}catch{}},focus(){e.focus();}}}function zs(e){let{pagesContainerRef:t,hiddenPMRef:o,getHfView:n,layout:i,blocks:l,measures:p,zoom:s,readOnly:d,hfEditMode:u,onBodyClick:a,onContextMenu:m,onHyperlinkClick:f,onHeaderFooterDoubleClick:h,setSelectedImageInfo:r,setSelectionRects:g,setCaretPosition:y,buildImageSelectionInfo:R,setIsFocused:S,scrollToPositionImpl:c}=e,b=Zl.useRef(false),x=Zl.useRef(null),v=Ls({hiddenPMRef:o,getActiveHfView:n}),C=Zl.useRef(cellDragSelection.createCellDragTracker()),[P,k]=Zl.useState(null),I=Zl.useRef(null),E=Zl.useCallback(()=>{I.current&&(clearTimeout(I.current),I.current=null);},[]);Zl.useEffect(()=>()=>{I.current&&clearTimeout(I.current);},[]);let w=Zl.useRef(()=>{}),M=Zl.useCallback((D,O)=>{w.current(D,O);},[]),{updateMousePosition:H,stopAutoScroll:z}=chunk3LJETQ4X_js.b({pagesContainerRef:t,onScrollExtendSelection:M}),A=Zl.useCallback((D,O)=>{if(!t.current||!i)return null;let _=layoutBridge.clickToPositionDom(t.current,D,O,s);if(_!==null)return _;if(u){let me=window.document.elementsFromPoint(D,O).find(He=>He.closest(".layout-page-header")||He.closest(".layout-page-footer"));if(!me)return null;let be=me.closest(".layout-page-header")??me.closest(".layout-page-footer");if(!be)return null;let Re=Array.from(be.querySelectorAll("span[data-pm-start][data-pm-end]")),ze=null;for(let He of Re){let _e=He.getBoundingClientRect();if(O<_e.top-4||O>_e.bottom+4)continue;let Pe=Number(He.dataset.pmStart),Be=Number(He.dataset.pmEnd);if(!Number.isFinite(Pe)||!Number.isFinite(Be))continue;let Fe,oe;if(D<_e.left)Fe=Pe,oe=_e.left-D;else if(D>_e.right)Fe=Be,oe=D-_e.right;else {let Ue=(D-_e.left)/Math.max(1,_e.width);Fe=Pe+Math.round(Ue*(Be-Pe)),oe=0;}(!ze||oe<ze.dist)&&(ze={pos:Fe,dist:oe});}return ze?.pos??null}let $=t.current.querySelectorAll(".layout-page"),U=-1,B=null;for(let X=0;X<$.length;X++){let be=$[X].getBoundingClientRect();if(D>=be.left&&D<=be.right&&O>=be.top&&O<=be.bottom){U=X,B=be;break}}if(U<0||!B)return null;let ie=(D-B.left)/s,ee=(O-B.top)/s,Y=i.pages[U];if(!Y)return null;let pe={pageIndex:U,page:Y,pageY:ee},ae=layoutBridge.hitTestFragment(pe,l,p,{x:ie,y:ee});if(!ae)return null;if(ae.fragment.kind==="table"){let X=layoutBridge.hitTestTableCell(pe,l,p,{x:ie,y:ee});return layoutBridge.clickToPosition(ae,X)}return layoutBridge.clickToPosition(ae)},[i,l,p,s,u,t]),F=Zl.useCallback(()=>{if(u&&n){let D=n();if(D)return lh(D)}return o.current},[u,n,o]),W=Zl.useCallback(D=>{let O=F()?.getView();return O?cellDragSelection.findCellPosFromPmPos(O,D):null},[F]),j=Zl.useCallback(D=>{let O=F();if(!O)return;if(D.button===2){D.preventDefault();return}if(D.button!==0||(k(null),E(),D.target.closest("a[href]")&&D.preventDefault(),d))return;let $=D.target;if(u){if(!($.closest(".layout-page-header")||$.closest(".layout-page-footer")||$.closest(".hf-inline-editor"))&&a){D.preventDefault(),D.stopPropagation(),a();return}}else if(($.closest(".layout-page-header")||$.closest(".layout-page-footer"))&&D.detail!==2){D.preventDefault();return}if(v.tryStartFromMouseDown($,D))return;let U=layoutPainter.findImageElement($);if(U){D.preventDefault(),D.stopPropagation();let ie=U.dataset.pmStart;if(ie!==void 0){let ee=parseInt(ie,10);O.setNodeSelection(ee),r(R(U,ee)),g([]),y(null);}O.focus(),u||S(true);return}r(null),D.preventDefault();let B=A(D.clientX,D.clientY);if(B!==null)C.current.begin(W(B)),b.current=true,x.current=B,O.setSelection(B);else {C.current.begin(null);let ie=O.getView();if(ie){let ee=Math.max(0,ie.state.doc.content.size-1);O.setSelection(ee),x.current=ee,b.current=true;}}O.focus(),u||S(true);},[F,d,u,a,A,W,v,E,r,g,y,R,S]);w.current=(D,O)=>{if(!b.current||x.current===null)return;let _=F();if(!_)return;let $=A(D,O);$!==null&&_.setSelection(x.current,$);};let J=Zl.useCallback(D=>{if(v.handleMouseMoveUpdate(D)||!b.current||x.current===null)return;let O=F();if(!O||!t.current)return;H(D.clientX,D.clientY);let _=A(D.clientX,D.clientY);if(_===null)return;let $=O.getView();if($&&C.current.update($,_,D.clientX))return;let U=x.current;O.setSelection(U,_);},[F,A,W,H,v,t]),ce=Zl.useCallback(()=>{v.tryCommit()||(b.current=false,C.current.end(),z());},[z,v]);Zl.useEffect(()=>(window.addEventListener("mousemove",J),window.addEventListener("mouseup",ce),()=>{window.removeEventListener("mousemove",J),window.removeEventListener("mouseup",ce);}),[J,ce]);let re=Zl.useCallback(D=>{if(d||b.current||C.current.isCellDragging||v.isAnyResizeActive())return;let O=t.current;if(!O)return;let _=layoutBridge.detectTableInsertHover({mouseX:D.clientX,mouseY:D.clientY,pagesContainer:O,target:D.target,hfEditMode:u??null});if(!_){I.current||(I.current=setTimeout(()=>{k(null),I.current=null;},layoutBridge.TABLE_INSERT_HIDE_DELAY_MS));return}let $=O.parentElement;if(!$)return;let U=$.getBoundingClientRect();k({type:_.type,x:(_.clientX-U.left)/s,y:(_.clientY-U.top)/s,cellPmPos:_.cellPmPos}),E();},[d,E,u,t,s]),ue=Zl.useCallback(D=>{if(D.preventDefault(),D.stopPropagation(),!P)return;let O=F(),_=O?.getView();if(!O||!_)return;let{type:$,cellPmPos:U}=P,B=_.state.tr.setSelection(prosemirrorState.TextSelection.create(_.state.doc,U+1));_.dispatch(B),$==="row"?prosemirror.addRowBelow(_.state,_.dispatch):prosemirror.addColumnRight(_.state,_.dispatch),k(null),O.focus();},[P,F]),fe=Zl.useCallback(D=>{let O=F(),_=D.target.closest("a[href]");if(_&&O){D.preventDefault();let U=_.getAttribute("href")||"",B=O.getView();if(U.startsWith("#")){let ie=U.substring(1);if(ie&&B){let ee=null;B.state.doc.descendants((Y,pe)=>{if(ee!==null)return  false;if(Y.type.name==="paragraph"&&Y.attrs.bookmarks?.some(X=>X.name===ie))return ee=pe,false}),ee!==null&&(c(ee),O.setSelection(ee+1));}}else if(f&&!(B&&B.state.selection.from!==B.state.selection.to)){let ee=_.textContent||"",Y=_.getAttribute("title")||void 0,pe=_.closest(".docx-editor-root.paged-editor");if(pe){let ae=pe.getBoundingClientRect(),X=_.getBoundingClientRect(),me={top:X.bottom-ae.top+4,left:X.left-ae.left};f({href:U,displayText:ee,tooltip:Y,position:me});}}return}if(D.detail===2&&!u&&h){let U=D.target,B=U.closest(".layout-page-header"),ie=U.closest(".layout-page-footer");if(B||ie){let ee=U.closest("[data-page-number]"),Y=ee?Number(ee.dataset.pageNumber):1;D.preventDefault(),D.stopPropagation(),h(B?"header":"footer",Y);return}}if(!O)return;let $=O.getView();if($){if(D.detail===2){let U=A(D.clientX,D.clientY);if(U!==null){let B=W(U);if(B!==null){D.preventDefault(),D.stopPropagation(),O.setCellSelection(B,B);return}let{doc:ie}=$.state,ee=ie.resolve(U),Y=ee.parent;if(Y.isTextblock){let pe=Y.textContent,ae=ee.parentOffset,[X,me]=utils.findWordBoundaries(pe,ae),be=ee.start()+X,Re=ee.start()+me;be<Re&&O.setSelection(be,Re);}}}if(D.detail===3){let U=A(D.clientX,D.clientY);if(U!==null){let B=$.state.doc.resolve(U);O.setSelection(B.start(B.depth),B.end(B.depth));}}}},[F,u,A,h,f,W,c]),De=Zl.useCallback(D=>{if(!m)return;D.preventDefault();let O=F(),_=O?.getView();if(!O||!_)return;let $=ae=>{let X=_.state.doc.nodeAt(ae);if(!X||X.type.name!=="image")return null;let me=X.attrs.wrapType??"inline",be=X.attrs.cssFloat;return {pos:ae,wrapType:me,cssFloat:be}},U=null,B=layoutPainter.hitTestImage(D.target);if(B&&(U=$(B.pos),U&&(U.inlinePositionEmu=layoutPainter.captureInlinePositionEmu(B.imageEl,s))),!U){let ae=_.state.selection;if(ae instanceof prosemirrorState.NodeSelection&&ae.node.type.name==="image"&&(U=$(ae.from),U)){let X=t.current?.querySelector(`.layout-run-image[data-pm-start="${ae.from}"]`);X&&(U.inlinePositionEmu=layoutPainter.captureInlinePositionEmu(X,s));}}let{from:ie,to:ee}=_.state.selection,Y=A(D.clientX,D.clientY);Y!==null&&(ie===ee||Y<ie||Y>ee)&&(O.setSelection(Y),O.focus(),u||S(true));let pe=_.state.selection.from!==_.state.selection.to;m({x:D.clientX,y:D.clientY,hasSelection:pe,image:U});},[F,u,m,A,s,t,S]),we=Zl.useCallback(()=>k(null),[]);return {handlePagesMouseDown:j,handlePagesMouseMove:re,handlePagesClick:fe,handlePagesContextMenu:De,handleTableInsertClick:ue,tableInsertButton:P,clearTableInsertTimer:E,hideTableInsertButton:we,getPositionFromMouse:A}}function fh(e,t){let o=e?.package;if(!o)return null;let n=i=>{if(!i)return null;for(let[l,p]of i)if(p===t)return l;return null};return n(o.headers)??n(o.footers)}function Vs(e){let{hiddenPMRef:t,hiddenHfPMsRef:o,documentRef:n,layout:i,runLayoutPipeline:l,scrollToPositionImpl:p,scrollToParaIdImpl:s,scrollToPageImpl:d,setIsFocused:u}=e;return {getDocument:()=>t.current?.getDocument()??null,getState:()=>t.current?.getState()??null,getView:()=>t.current?.getView()??null,focus:()=>{t.current?.focus(),u(true);},blur:()=>{t.current?.blur(),u(false);},isFocused:()=>t.current?.isFocused()??false,dispatch:a=>t.current?.dispatch(a),undo:()=>t.current?.undo()??false,redo:()=>t.current?.redo()??false,setSelection:(a,m)=>t.current?.setSelection(a,m),getLayout:()=>i,relayout:()=>{let a=t.current?.getState();a&&l(a);},scrollToPosition:p,scrollToParaId:s,scrollToPage:d,highlightRange:(a,m)=>{let f=t.current?.getView()??null;if(!f)return;let h=queries.clampRangeToDoc(f.state.doc,a,m);h&&(t.current?.setSelection(h.from,h.to),p(h.from,true));},scrollToCommentId:a=>{let m=t.current?.getView()??null,f=queries.findCommentRange(m,a);return f?(t.current?.setSelection(f.from,f.to),p(f.from,true),true):false},scrollToChangeId:a=>{let m=t.current?.getView()??null,f=queries.findChangeRange(m,a);if(f)return t.current?.setSelection(f.from,f.to),p(f.from,true),true;let h=o.current?.getViews();if(h){for(let r of h.values())if(f=queries.findChangeRange(r,a),f){let g=r.state.tr.setSelection(prosemirrorState.TextSelection.create(r.state.doc,f.from,f.to));return r.dispatch(g),r.focus(),true}}return  false},getHfPmView:a=>{let m=fh(n.current,a);return m?o.current?.getView(m)??null:null},getHfPmViews:()=>o.current?.getViews()??new Map}}function Ws(e){let{ref:t,hiddenPMRef:o,hiddenHfPMsRef:n,documentRef:i,layout:l,runLayoutPipeline:p,scrollToPositionImpl:s,scrollToParaIdImpl:d,scrollToPageImpl:u,setIsFocused:a,onReadyRef:m}=e;Zl.useImperativeHandle(t,()=>Vs({hiddenPMRef:o,hiddenHfPMsRef:n,documentRef:i,layout:l,runLayoutPipeline:p,scrollToPositionImpl:s,scrollToParaIdImpl:d,scrollToPageImpl:u,setIsFocused:a}),[l,p,s,d,u]),Zl.useEffect(()=>{m.current&&o.current&&m.current(Vs({hiddenPMRef:o,hiddenHfPMsRef:n,documentRef:i,layout:l,runLayoutPipeline:p,scrollToPositionImpl:s,scrollToParaIdImpl:d,scrollToPageImpl:u,setIsFocused:a}));},[l,p,d,u]);}function $s(e){let{hiddenPMRef:t,runLayoutPipeline:o,updateSelectionOverlay:n,headerContent:i,footerContent:l,firstPageHeaderContent:p,firstPageFooterContent:s}=e;Zl.useEffect(()=>{let u=()=>{let a=t.current?.getView();a&&(layoutBridge.resetCanvasContext(),layoutBridge.clearAllCaches(),o(a.state),n(a.state));};return window.document.fonts.addEventListener("loadingdone",u),()=>{window.document.fonts.removeEventListener("loadingdone",u);}},[]);let d=Zl.useRef(0);Zl.useEffect(()=>{if(d.current===0){d.current=1;return}let u=t.current?.getView();u&&o(u.state);},[i,l,p,s,o,t]);}function Ks({type:e,x:t,y:o,onMouseDown:n,onMouseEnter:i,onMouseLeave:l}){let p=e==="row"?"Insert row below":"Insert column to the right";return jsxRuntime.jsx("button",{type:"button",onMouseDown:n,onMouseEnter:i,onMouseLeave:l,style:{position:"absolute",left:t,top:o,width:20,height:20,borderRadius:"4px",border:"1px solid var(--doc-border-light)",backgroundColor:"var(--doc-bg)",color:"var(--doc-text-muted)",display:"flex",alignItems:"center",justifyContent:"center",cursor:"pointer",zIndex:200,padding:0,boxShadow:"none"},title:p,"aria-label":p,children:jsxRuntime.jsx("svg",{width:"12",height:"12",viewBox:"0 0 12 12",fill:"none",children:jsxRuntime.jsx("path",{d:"M6 1v10M1 6h10",stroke:"currentColor",strokeWidth:"1.5",strokeLinecap:"round"})})})}var qs={position:"absolute",zIndex:1e4,background:"var(--doc-surface)",borderRadius:"8px",boxShadow:"0 1px 3px var(--doc-shadow), 0 4px 12px var(--doc-shadow-subtle)",border:"1px solid var(--doc-border-light)",fontFamily:'-apple-system, BlinkMacSystemFont, "Segoe UI", Roboto, sans-serif',fontSize:"14px"},vh={...qs,padding:"8px 12px",display:"flex",alignItems:"center",gap:"8px",maxWidth:"400px"},Ch={...qs,padding:"12px",width:"320px"},Nr={width:"20px",height:"20px",flexShrink:0,color:"var(--doc-text-muted)",display:"flex",alignItems:"center",justifyContent:"center"},Sh={color:"var(--doc-link)",textDecoration:"none",overflow:"hidden",textOverflow:"ellipsis",whiteSpace:"nowrap",maxWidth:"220px",fontSize:"14px",lineHeight:"20px",cursor:"pointer"},xh={width:"28px",height:"28px",display:"flex",alignItems:"center",justifyContent:"center",border:"none",background:"none",borderRadius:"4px",cursor:"pointer",color:"var(--doc-text-muted)",padding:0,flexShrink:0},Rh={width:"1px",height:"20px",background:"var(--doc-border-light)",flexShrink:0},js={display:"flex",alignItems:"center",gap:"8px",marginBottom:"8px"},Ys={flex:1,padding:"6px 8px",border:"1px solid var(--doc-border-light)",borderRadius:"4px",fontSize:"14px",outline:"none",lineHeight:"20px"},Ph={color:"var(--doc-primary)",fontWeight:600,fontSize:"14px",border:"none",background:"none",cursor:"pointer",padding:"6px 12px",borderRadius:"4px",flexShrink:0},po={width:18,height:18,viewBox:"0 0 24 24",fill:"none",stroke:"currentColor",strokeWidth:2,strokeLinecap:"round",strokeLinejoin:"round"};function Th(){return jsxRuntime.jsxs("svg",{...po,children:[jsxRuntime.jsx("circle",{cx:"12",cy:"12",r:"10"}),jsxRuntime.jsx("path",{d:"M2 12h20"}),jsxRuntime.jsx("path",{d:"M12 2a15.3 15.3 0 0 1 4 10 15.3 15.3 0 0 1-4 10 15.3 15.3 0 0 1-4-10 15.3 15.3 0 0 1 4-10z"})]})}function wh(){return jsxRuntime.jsxs("svg",{...po,children:[jsxRuntime.jsx("rect",{x:"9",y:"9",width:"13",height:"13",rx:"2",ry:"2"}),jsxRuntime.jsx("path",{d:"M5 15H4a2 2 0 0 1-2-2V4a2 2 0 0 1 2-2h9a2 2 0 0 1 2 2v1"})]})}function Eh(){return jsxRuntime.jsx("svg",{...po,children:jsxRuntime.jsx("path",{d:"M17 3a2.85 2.83 0 1 1 4 4L7.5 20.5 2 22l1.5-5.5L17 3z"})})}function Ih(){return jsxRuntime.jsxs("svg",{...po,children:[jsxRuntime.jsx("path",{d:"M18.84 12.25l1.72-1.71h-.02a5.004 5.004 0 0 0-.12-7.07 5.006 5.006 0 0 0-6.95 0l-1.72 1.71"}),jsxRuntime.jsx("path",{d:"M5.17 11.75l-1.71 1.71a5.004 5.004 0 0 0 .12 7.07 5.006 5.006 0 0 0 6.95 0l1.71-1.71"}),jsxRuntime.jsx("line",{x1:"8",y1:"2",x2:"8",y2:"5"}),jsxRuntime.jsx("line",{x1:"2",y1:"8",x2:"5",y2:"8"}),jsxRuntime.jsx("line",{x1:"16",y1:"19",x2:"16",y2:"22"}),jsxRuntime.jsx("line",{x1:"19",y1:"16",x2:"22",y2:"16"})]})}function kh(){return jsxRuntime.jsxs("svg",{...po,children:[jsxRuntime.jsx("line",{x1:"4",y1:"9",x2:"20",y2:"9"}),jsxRuntime.jsx("line",{x1:"4",y1:"15",x2:"20",y2:"15"}),jsxRuntime.jsx("line",{x1:"10",y1:"3",x2:"8",y2:"21"}),jsxRuntime.jsx("line",{x1:"16",y1:"3",x2:"14",y2:"21"})]})}function Mh(){return jsxRuntime.jsxs("svg",{...po,children:[jsxRuntime.jsx("path",{d:"M10 13a5 5 0 0 0 7.54.54l3-3a5 5 0 0 0-7.07-7.07l-1.72 1.71"}),jsxRuntime.jsx("path",{d:"M14 11a5 5 0 0 0-7.54-.54l-3 3a5 5 0 0 0 7.07 7.07l1.71-1.71"})]})}function zr({title:e,onClick:t,children:o}){return jsxRuntime.jsx("button",{type:"button",className:"ep-hyperlink-popup__icon-btn",style:xh,title:e,onClick:t,children:o})}function Xs({data:e,onNavigate:t,onCopy:o,onEdit:n,onRemove:i,onClose:l,readOnly:p}){let{t:s}=chunk7JQV5Q34_js.b(),[d,u]=Zl.useState("view"),[a,m]=Zl.useState(""),[f,h]=Zl.useState(""),r=Zl.useRef(null),g=Zl.useRef(null);Zl.useEffect(()=>{e&&(u("view"),m(e.displayText),h(e.href));},[e]),Zl.useEffect(()=>{d==="edit"&&requestAnimationFrame(()=>{g.current?.focus(),g.current?.select();});},[d]),Zl.useEffect(()=>{if(!e)return;let v=false,C=k=>{r.current&&!r.current.contains(k.target)&&l();},P=setTimeout(()=>{v||document.addEventListener("mousedown",C);},0);return ()=>{v=true,clearTimeout(P),document.removeEventListener("mousedown",C);}},[e,l]),Zl.useEffect(()=>{if(!e)return;let v=C=>{C.key==="Escape"&&(d==="edit"?u("view"):l());};return document.addEventListener("keydown",v),()=>document.removeEventListener("keydown",v)},[e,d,l]);let y=Zl.useCallback(()=>{e&&(o(e.href),sonner.toast("Link copied to clipboard"));},[e,o]),R=Zl.useCallback(()=>{e&&(m(e.displayText),h(e.href),u("edit"));},[e]),S=Zl.useCallback(()=>{let v=f.trim();v&&n(a.trim()||v,v);},[a,f,n]),c=Zl.useCallback(v=>{v.key==="Enter"&&(v.preventDefault(),S());},[S]);if(!e)return null;let b=e.position.top,x=e.position.left;return d==="edit"?jsxRuntime.jsxs("div",{ref:r,className:"ep-hyperlink-popup ep-hyperlink-popup--edit",style:{...Ch,top:b,left:x},onMouseDown:v=>v.stopPropagation(),children:[jsxRuntime.jsxs("div",{style:js,children:[jsxRuntime.jsx("span",{style:Nr,children:jsxRuntime.jsx(kh,{})}),jsxRuntime.jsx("input",{ref:g,type:"text",style:Ys,value:a,"aria-label":s("hyperlinkPopup.displayTextPlaceholder"),onChange:v=>m(v.target.value),onKeyDown:c,placeholder:s("hyperlinkPopup.displayTextPlaceholder"),onFocus:v=>v.target.style.borderColor="var(--doc-primary)",onBlur:v=>v.target.style.borderColor="var(--doc-border-light)"})]}),jsxRuntime.jsxs("div",{style:{...js,marginBottom:0},children:[jsxRuntime.jsx("span",{style:Nr,children:jsxRuntime.jsx(Mh,{})}),jsxRuntime.jsx("input",{type:"text",style:Ys,value:f,"aria-label":s("hyperlinkPopup.urlPlaceholder"),onChange:v=>h(v.target.value),onKeyDown:c,placeholder:s("hyperlinkPopup.urlPlaceholder"),onFocus:v=>v.target.style.borderColor="var(--doc-primary)",onBlur:v=>v.target.style.borderColor="var(--doc-border-light)"}),jsxRuntime.jsx("button",{type:"button",style:{...Ph,opacity:f.trim()?1:.5,cursor:f.trim()?"pointer":"default"},onClick:S,disabled:!f.trim(),children:s("common.apply")})]})]}):jsxRuntime.jsxs("div",{ref:r,className:"ep-hyperlink-popup",style:{...vh,top:b,left:x},onMouseDown:v=>v.stopPropagation(),children:[jsxRuntime.jsx("span",{style:Nr,children:jsxRuntime.jsx(Th,{})}),jsxRuntime.jsx("a",{href:e.href,style:Sh,title:e.href,target:"_blank",rel:"noopener noreferrer",onClick:v=>{v.preventDefault(),t(e.href);},children:e.href}),jsxRuntime.jsx("span",{style:Rh}),jsxRuntime.jsx(zr,{title:s("hyperlinkPopup.copyLink"),onClick:y,children:jsxRuntime.jsx(wh,{})}),!p&&jsxRuntime.jsxs(jsxRuntime.Fragment,{children:[jsxRuntime.jsx(zr,{title:s("hyperlinkPopup.editLink"),onClick:R,children:jsxRuntime.jsx(Eh,{})}),jsxRuntime.jsx(zr,{title:s("hyperlinkPopup.removeLink"),onClick:i,children:jsxRuntime.jsx(Ih,{})})]})]})}function _h(e,t){let{selection:o}=e.state;if(!o.empty)return e.dispatch(e.state.tr.delete(o.from,o.to).scrollIntoView()),true;let{$from:n}=o;return t==="Backspace"&&n.parentOffset>0?(e.dispatch(e.state.tr.delete(o.from-1,o.from).scrollIntoView()),true):t==="Delete"&&n.parentOffset<n.parent.content.size?(e.dispatch(e.state.tr.delete(o.from,o.from+1).scrollIntoView()),true):false}var Vh=Zl.forwardRef(function(t,o){let{document:n,styles:i,theme:l,sectionProperties:p,finalSectionProperties:s,headerContent:d,footerContent:u,firstPageHeaderContent:a,firstPageFooterContent:m,readOnly:f=false,pageGap:h=24,zoom:r=1,onDocumentChange:g,onSelectionChange:y,externalPlugins:R=Qa,extensionManager:S,onReady:c,onRenderedDomContextReady:b,pluginOverlays:x,onHeaderFooterDoubleClick:v,hfEditMode:C,onBodyClick:P,onHfTransaction:k,className:I,style:E,commentsSidebarOpen:w=false,sidebarOverlay:M,scrollContainerRef:H,onHyperlinkClick:z,onContextMenu:A,onAnchorPositionsChange:F,onTotalPagesChange:W,resolvedCommentIds:j,hyperlinkPopupData:J,onHyperlinkPopupNavigate:ce,onHyperlinkPopupCopy:re,onHyperlinkPopupEdit:ue,onHyperlinkPopupRemove:fe,onHyperlinkPopupClose:De,isSuggesting:we=false,author:D="User"}=t,O=Zl.useCallback(()=>H&&typeof H=="object"?H.current:_.current,[H]),_=Zl.useRef(null),$=Zl.useRef(null),U=Zl.useRef(null),B=Zl.useRef(null),ie=Zl.useRef(null),ee=Zl.useRef(n);ee.current=n;let{handlePMKeyDown:Y}=chunk3LJETQ4X_js.a({pagesContainerRef:$}),pe=Zl.useRef(y),ae=Zl.useRef(g),X=Zl.useRef(c),me=Zl.useRef(b);pe.current=y,ae.current=g,X.current=c,me.current=b;let[be,Re]=Zl.useState(false);Zl.useEffect(()=>{if(C){let N=B.current?.getView();if(N){try{let Ce=N.state.tr.setSelection(prosemirrorState.TextSelection.create(N.state.doc,0));N.dispatch(Ce);}catch{}N.dom.blur?.();}Re(false);}},[C]);let ze=Zl.useRef(false),He=Zl.useMemo(()=>new LayoutSelectionGate.LayoutSelectionGate,[]),_e=Zl.useCallback(N=>{let Ce=ie.current;if(!Ce)return null;let le=n?.package;if(!le)return null;let ne=Ht=>{if(!Ht)return null;for(let[pt,no]of Ht)if(no===N)return pt;return null},$e=ne(le.headers)??ne(le.footers);return $e?Ce.getView($e)?.state.doc??null:null},[n]),{layout:Pe,blocks:Be,measures:Fe,decorationSyncToken:oe,notifyDecorationLayer:Ue,contentWidth:Ct,runLayoutPipeline:qe,scheduleLayout:Q}=bs({document:n,styles:i,theme:l,sectionProperties:p,finalSectionProperties:s,headerContent:d,footerContent:u,firstPageHeaderContent:a,firstPageFooterContent:m,getHfPmDoc:_e,pageGap:h,zoom:r,resolvedCommentIds:j,pagesContainerRef:$,viewportLayoutRef:U,hiddenPMRef:B,syncCoordinator:He,getScrollContainer:O,onTotalPagesChange:W,onAnchorPositionsChange:F,onRenderedDomContextReady:b}),{selectionRects:q,caretPosition:Z,selectedImageInfo:Se,setSelectionRects:Te,setCaretPosition:ve,setSelectedImageInfo:Ee,buildImageSelectionInfo:Le,clearSelectionOverlay:et,updateSelectionOverlay:Ve,handleSelectionChange:se}=vs({layout:Pe,blocks:Be,measures:Fe,zoom:r,containerRef:_,pagesContainerRef:$,hiddenPMRef:B,syncCoordinator:He,isImageInteractingRef:ze,onSelectionChangeRef:pe}),je=Zl.useCallback((N,Ce)=>{if(Ue(),N.docChanged){He.incrementStateSeq(),Q(Ce);let le=B.current?.getDocument();le&&ae.current?.(le);}Za(N.docChanged,Ce,{requestRender:()=>He.requestRender(),clearSelectionOverlay:et,updateSelectionOverlay:Ve});},[Q,et,Ve,He,Ue]),{scrollToPositionImpl:ge,scrollToPageImpl:We,scrollToParaIdImpl:Ie}=ws({layout:Pe,blocks:Be,measures:Fe,pagesContainerRef:$,hiddenPMRef:B,getScrollContainer:O}),{handlePagesMouseDown:it,handlePagesMouseMove:at,handlePagesClick:to,handlePagesContextMenu:Mt,handleTableInsertClick:_n,tableInsertButton:ut,clearTableInsertTimer:Vn,hideTableInsertButton:_t,getPositionFromMouse:Vt}=zs({pagesContainerRef:$,hiddenPMRef:B,getHfView:Zl.useCallback(()=>{let N=ie.current;if(!N)return null;let Ce=n?.package?.document?.finalSectionProperties,le=C==="header"?Ce?.headerReferences:Ce?.footerReferences,ne=le?.find($e=>$e.type==="default")??le?.find($e=>$e.type==="first")??null;return ne?.rId?N.getView(ne.rId):null},[C,n]),layout:Pe,blocks:Be,measures:Fe,zoom:r,readOnly:f,hfEditMode:C,onBodyClick:P,onContextMenu:A,onHyperlinkClick:z,onHeaderFooterDoubleClick:v,setSelectedImageInfo:Ee,setSelectionRects:Te,setCaretPosition:ve,buildImageSelectionInfo:Le,setIsFocused:Re,scrollToPositionImpl:ge}),$o=Zl.useCallback(N=>{if(f)return;let Ce=N.target;if(Ce.closest(".docx-comments-sidebar")||Ce.closest(".docx-unified-sidebar")||Ce.closest(".ep-hyperlink-popup")||Ce.closest("[data-hf-r-id]"))return;B.current?.focus(),Re(true);let le=B.current?.getState();le&&Ve(le);},[f,Ve]),oo=Zl.useCallback(N=>{let Ce=N.relatedTarget;Ce&&_.current?.contains(Ce)||Ce?.closest('[role="toolbar"], [data-radix-popper-content-wrapper], [data-radix-select-content], .docx-table-options-dropdown')||(Re(false),ve(null));},[ve]),{handleImageResize:yo,handleImageResizeStart:Wn,handleImageResizeEnd:vo,handleImageDragMove:Wt,handleImageDragStart:Un,handleImageDragEnd:$n}=Ss({pagesContainerRef:$,hiddenPMRef:B,zoom:r,isImageInteractingRef:ze,getPositionFromMouse:Vt}),{handleDragOver:Ko,handleDrop:Kn}=Rs({hiddenPMRef:B,getPositionFromMouse:Vt,readOnly:f||!!C}),Gn=Zl.useCallback(N=>{if(f)return;let Ce=N.target,le=N.key==="Backspace"||N.key==="Delete";if(!(N.defaultPrevented&&!le)&&!Ce?.closest("[data-hf-r-id]")&&!Ce?.closest(".ep-hyperlink-popup")){if(B.current?.isFocused()||(B.current?.focus(),Re(true)),N.key===" "&&!N.ctrlKey&&!N.metaKey&&!N.nativeEvent.isComposing){N.preventDefault();let ne=B.current?.getView();if(ne){let{from:$e,to:Ht}=ne.state.selection;ne.someProp("handleTextInput",no=>no(ne,$e,Ht," "))||ne.dispatch(ne.state.tr.insertText(" "));}return}if((N.key==="Backspace"||N.key==="Delete")&&!N.ctrlKey&&!N.metaKey&&!N.altKey&&!N.nativeEvent.isComposing){let ne=B.current?.getView();if(!ne)return;N.preventDefault();let $e=ne.state.doc;(!ne.someProp("handleKeyDown",pt=>pt(ne,N.nativeEvent))||ne.state.doc===$e)&&_h(ne,N.key);return}if((N.key==="Enter"||N.code==="NumpadEnter")&&!N.ctrlKey&&!N.metaKey&&!N.altKey&&!N.nativeEvent.isComposing){let ne=B.current?.getView();if(!ne)return;N.preventDefault();let $e=ne.state.doc;(!ne.someProp("handleKeyDown",pt=>pt(ne,N.nativeEvent))||ne.state.doc===$e)&&prosemirror.enterCommand(ne.state,ne.dispatch,ne);return}if(["PageUp","PageDown"].includes(N.key)&&!N.metaKey&&N.ctrlKey,N.key==="Home"&&(N.metaKey||N.ctrlKey)){let ne=O();ne&&(ne.scrollTop=0);}if(N.key==="End"&&(N.metaKey||N.ctrlKey)){let ne=O();ne&&(ne.scrollTop=ne.scrollHeight);}}},[f,O]),Dt=Zl.useCallback(N=>{f||N.target.closest(".docx-comments-sidebar")||N.target.closest(".docx-unified-sidebar")||B.current?.isFocused()||(B.current?.focus(),Re(true));},[f]),jn=Zl.useCallback(N=>{qe(N.state),Ve(N.state),f||requestAnimationFrame(()=>{N.focus(),Re(true);});},[qe,Ve,f]);$s({hiddenPMRef:B,runLayoutPipeline:qe,updateSelectionOverlay:Ve,headerContent:d,footerContent:u,firstPageHeaderContent:a,firstPageFooterContent:m}),Ws({ref:o,hiddenPMRef:B,hiddenHfPMsRef:ie,documentRef:ee,layout:Pe,runLayoutPipeline:qe,scrollToPositionImpl:ge,scrollToParaIdImpl:Ie,scrollToPageImpl:We,setIsFocused:Re,onReadyRef:X});let Xe=Zl.useMemo(()=>Pe?fn(Pe,h):layoutBridge.DEFAULT_PAGE_HEIGHT_PX+24+24,[Pe,h]);return jsxRuntime.jsxs("div",{ref:_,className:`docx-editor-root paged-editor ${I??""}`,style:{...Ja,...E},tabIndex:0,onFocus:$o,onBlur:oo,onKeyDown:Gn,onMouseDown:Dt,onDragOver:Ko,onDrop:Kn,children:[jsxRuntime.jsx(Na,{ref:B,document:n,styles:i,widthPx:Ct,readOnly:f||!!C,onTransaction:je,onSelectionChange:se,externalPlugins:R,extensionManager:S,onEditorViewReady:jn,onKeyDown:Y}),jsxRuntime.jsx(Rr,{ref:ie,document:n,styles:i,theme:l,isSuggesting:we,author:D,defaultTabStopTwips:n?.package?.settings?.defaultTabStop??null,onTransaction:(N,Ce,le)=>{if(le){let ne=B.current?.getState();ne&&qe(ne);}k?.(N,Ce,le);}}),jsxRuntime.jsxs("div",{ref:U,style:{...es,minHeight:Xe,marginBottom:r!==1?Xe*(r-1):void 0,transform:(()=>{let N=[];return w&&N.push(`translateX(-${sidebarConstants.SIDEBAR_DOCUMENT_SHIFT}px)`),r!==1&&N.push(`scale(${r})`),N.length>0?N.join(" "):void 0})(),transformOrigin:"top center",transition:"transform 0.2s ease"},children:[jsxRuntime.jsx("div",{ref:$,className:`paged-editor__pages${f?" paged-editor--readonly":""}${C?` paged-editor--hf-editing paged-editor--editing-${C}`:""}`,style:ts,onMouseDown:it,onMouseMove:at,onClick:to,onContextMenu:Mt,"aria-hidden":"true"}),jsxRuntime.jsx(_a,{selectionRects:C?[]:q,caretPosition:C?null:Z,isFocused:be&&!C,pageGap:h,readOnly:f}),jsxRuntime.jsx(Ga,{imageInfo:Se,zoom:r,isFocused:be,onResize:yo,onResizeStart:Wn,onResizeEnd:vo,onDragMove:Wt,onDragStart:Un,onDragEnd:$n,onContextMenu:Mt}),ut&&jsxRuntime.jsx(Ks,{type:ut.type,x:ut.x,y:ut.y,onMouseDown:_n,onMouseEnter:Vn,onMouseLeave:_t}),x&&jsxRuntime.jsx("div",{className:"paged-editor__plugin-overlays",style:os,children:x}),jsxRuntime.jsx(qa,{getView:()=>B.current?.getView()??null,getPagesContainer:()=>$.current,zoom:r,decorationSyncToken:oe,syncCoordinator:He})]}),M&&jsxRuntime.jsx("div",{style:{position:"absolute",top:0,left:0,right:0,height:Xe*r,pointerEvents:"none",overflow:"visible"},children:jsxRuntime.jsx("div",{style:{pointerEvents:"auto"},children:M})}),J&&ce&&re&&ue&&fe&&De&&jsxRuntime.jsx(Xs,{data:J,onNavigate:ce,onCopy:re,onEdit:ue,onRemove:fe,onClose:De,readOnly:f})]})}),Js=Zl.memo(Vh);var ol={position:"absolute",left:0,right:0,bottom:"100%",display:"flex",alignItems:"center",justifyContent:"space-between",padding:"2px 0",fontSize:11,color:"var(--doc-primary)",userSelect:"none",pointerEvents:"auto"},nl={fontWeight:500,letterSpacing:.3},qh={background:"none",border:"none",color:"var(--doc-primary)",cursor:"pointer",fontSize:11,padding:"2px 6px",borderRadius:3},Xh={position:"absolute",right:0,top:"100%",background:"var(--doc-surface)",border:"1px solid var(--doc-border-light)",borderRadius:4,boxShadow:"0 2px 6px var(--doc-shadow)",zIndex:chunkU7YE3IJN_js.h.dropdown,minWidth:160,padding:"4px 0"},Sn={display:"block",width:"100%",padding:"6px 12px",border:"none",background:"none",textAlign:"left",cursor:"pointer",fontSize:12,color:"var(--doc-text)"},il=Zl.forwardRef(function({headerFooter:t,position:o,view:n,targetElement:i,parentElement:l,onSave:p,onClose:s,onRemove:d},u){let a=Zl.useRef(n);a.current=n;let[m,f]=Zl.useState(false),h=Zl.useRef(null),[r,g]=Zl.useState(null);Zl.useLayoutEffect(()=>{let C=()=>{let k=l.getBoundingClientRect(),I=i.getBoundingClientRect();g({top:I.top-k.top+l.scrollTop,left:I.left-k.left+l.scrollLeft,width:I.width,height:I.height});};C();let P=l.closest('[style*="overflow"]')||l;return P.addEventListener("scroll",C),window.addEventListener("resize",C),()=>{P.removeEventListener("scroll",C),window.removeEventListener("resize",C);}},[i,l]);let y=Zl.useRef(false);Zl.useEffect(()=>{!n||y.current||(y.current=true,requestAnimationFrame(()=>n.focus()));},[n]);let R=Zl.useCallback(()=>{if(!a.current)return;let C=conversion.proseDocToBlocks(a.current.state.doc);p(C);},[p]),S=Zl.useCallback(()=>{R(),s();},[R,s]);Zl.useEffect(()=>{function C(P){P.key==="Escape"&&(P.preventDefault(),P.stopPropagation(),S());}return document.addEventListener("keydown",C,true),()=>document.removeEventListener("keydown",C,true)},[S]),Zl.useEffect(()=>{if(!m)return;function C(P){h.current&&!h.current.contains(P.target)&&f(false);}return document.addEventListener("mousedown",C),()=>document.removeEventListener("mousedown",C)},[m]),Zl.useImperativeHandle(u,()=>({getView:()=>a.current,focus:()=>a.current?.focus(),undo:()=>{let C=a.current;return C?prosemirrorHistory.undo(C.state,C.dispatch):false},redo:()=>{let C=a.current;return C?prosemirrorHistory.redo(C.state,C.dispatch):false}}));let{t:c}=chunk7JQV5Q34_js.b(),b=c(o==="header"?"headerFooter.header":"headerFooter.footer");if(!r)return null;let x={position:"absolute",top:r.top,left:r.left,width:r.width,height:r.height,zIndex:chunkU7YE3IJN_js.h.hfInlineEditor,pointerEvents:"none"},v={...ol,bottom:"auto",top:"100%"};return jsxRuntime.jsxs("div",{className:"hf-inline-editor",style:x,children:[o==="footer"&&jsxRuntime.jsxs("div",{className:"hf-separator-bar",style:v,children:[jsxRuntime.jsx("span",{style:nl,children:b}),jsxRuntime.jsx(rl,{label:b,showOptions:m,setShowOptions:f,optionsRef:h,onRemove:d,onClose:S,viewRef:a})]}),o==="header"&&jsxRuntime.jsxs("div",{className:"hf-separator-bar",style:ol,children:[jsxRuntime.jsx("span",{style:nl,children:b}),jsxRuntime.jsx(rl,{label:b,showOptions:m,setShowOptions:f,optionsRef:h,onRemove:d,onClose:S,viewRef:a})]})]})});function rl({label:e,showOptions:t,setShowOptions:o,optionsRef:n,onRemove:i,onClose:l,viewRef:p}){let{t:s}=chunk7JQV5Q34_js.b(),d=u=>{let a=p.current;if(!a)return;let{$from:m,from:f}=a.state.selection,h=a.state.storedMarks||m.marks(),r=prosemirror.schema.nodes.field.create({fieldType:u,instruction:` ${u} \\* MERGEFORMAT `,fieldKind:"simple",dirty:true}),g=a.state.tr.insert(f,r.mark(h));a.dispatch(g),a.focus();};return jsxRuntime.jsxs("div",{style:{position:"relative"},ref:n,children:[jsxRuntime.jsxs("button",{type:"button",style:qh,"aria-label":s("headerFooter.options"),onClick:u=>{u.stopPropagation(),o(a=>!a);},onMouseDown:u=>u.stopPropagation(),children:[s("headerFooter.options")," \u25BE"]}),t&&jsxRuntime.jsxs("div",{style:Xh,onMouseDown:u=>u.stopPropagation(),children:[jsxRuntime.jsx("button",{type:"button","aria-label":s("headerFooter.insertPageNumber"),style:Sn,onClick:()=>{o(false),d("PAGE");},onMouseOver:u=>{u.target.style.backgroundColor="var(--doc-bg-hover)";},onMouseOut:u=>{u.target.style.backgroundColor="transparent";},children:s("headerFooter.insertPageNumber")}),jsxRuntime.jsx("button",{type:"button","aria-label":s("headerFooter.insertTotalPages"),style:Sn,onClick:()=>{o(false),d("NUMPAGES");},onMouseOver:u=>{u.target.style.backgroundColor="var(--doc-bg-hover)";},onMouseOut:u=>{u.target.style.backgroundColor="transparent";},children:s("headerFooter.insertTotalPages")}),jsxRuntime.jsx("div",{style:{borderTop:"1px solid var(--doc-border-light)",margin:"4px 0"}}),i&&jsxRuntime.jsx("button",{type:"button","aria-label":s("headerFooter.remove",{label:e.toLowerCase()}),style:Sn,onClick:()=>{o(false),i();},onMouseOver:u=>{u.target.style.backgroundColor="var(--doc-bg-hover)";},onMouseOut:u=>{u.target.style.backgroundColor="transparent";},children:s("headerFooter.remove",{label:e.toLowerCase()})}),jsxRuntime.jsx("button",{type:"button","aria-label":s("headerFooter.closeEditing",{label:e.toLowerCase()}),style:Sn,onClick:()=>{o(false),l();},onMouseOver:u=>{u.target.style.backgroundColor="var(--doc-bg-hover)";},onMouseOut:u=>{u.target.style.backgroundColor="transparent";},children:s("headerFooter.closeEditing",{label:e.toLowerCase()})})]})]})}var al=resolveItemPositions.resolveItemPositions;function cl({items:e,anchorPositions:t,renderedDomContext:o,pageWidth:n,zoom:i,editorContainerRef:l,onExpandedItemChange:p,activeItemId:s}){let{t:d}=chunk7JQV5Q34_js.b(),u=s??null,a=Zl.useRef(u);a.current=u;let[m,f]=Zl.useState(false),h=Zl.useRef(new Map),r=Zl.useRef(new Map),g=Zl.useRef(new Set),y=Zl.useRef(null),R=Zl.useRef(new Map),S=Zl.useRef(new Map),[c,b]=Zl.useState(0),x=Zl.useMemo(()=>al(e,t,o,i,h.current,r.current),[e,t,o,i,c]),v=x.length>0,C=Zl.useMemo(()=>{let E=new Map;for(let w of x)E.set(w.item.id,w.y);return E},[x]);Zl.useEffect(()=>{for(let E of x)g.current.add(E.item.id);},[x]);let P=Zl.useCallback(()=>{let E=false;for(let[w,M]of R.current){let H=M.offsetHeight;h.current.get(w)!==H&&(h.current.set(w,H),E=true);}E&&b(w=>w+1);},[]);Zl.useEffect(()=>{let E=requestAnimationFrame(P),w=setTimeout(()=>{P(),f(true);},400);return ()=>{cancelAnimationFrame(E),clearTimeout(w);}},[e.length,P]),Zl.useEffect(()=>{let E=l?.current;if(!E)return;let w=new ResizeObserver(()=>{requestAnimationFrame(()=>b(M=>M+1));});return w.observe(E),()=>w.disconnect()},[l]),Zl.useEffect(()=>{let E=requestAnimationFrame(P);return ()=>cancelAnimationFrame(E)},[u,P]),Zl.useEffect(()=>{if(!u)return;let E=R.current.get(u);if(!E){let H=requestAnimationFrame(()=>b(z=>z+1));return ()=>cancelAnimationFrame(H)}let w,M=new ResizeObserver(()=>{cancelAnimationFrame(w),w=requestAnimationFrame(()=>{h.current.set(u,E.offsetHeight),b(H=>H+1);});});return M.observe(E),()=>{cancelAnimationFrame(w),M.disconnect();}},[u]);let k=Zl.useCallback(E=>{let w=S.current.get(E);return w||(w=M=>{M?(R.current.set(E,M),h.current.set(E,M.offsetHeight)):(R.current.delete(E),h.current.delete(E));},S.current.set(E,w)),w},[]),I=Zl.useCallback(E=>{p?.(a.current===E?null:E);},[p]);return e.length===0?null:jsxRuntime.jsx("aside",{ref:y,className:"docx-unified-sidebar",role:"complementary","aria-label":d("sidebar.ariaLabel"),style:{position:"absolute",top:0,left:`calc(50% - ${sidebarConstants.SIDEBAR_DOCUMENT_SHIFT}px + ${n*i/2+sidebarConstants.SIDEBAR_PAGE_GAP}px)`,width:sidebarConstants.SIDEBAR_WIDTH,fontFamily:"'Google Sans', Roboto, Arial, sans-serif",zIndex:40,backgroundColor:"transparent",overflowY:"visible",overflowX:"visible",opacity:v?1:0,transition:"opacity 0.15s ease"},onMouseDown:E=>E.stopPropagation(),children:jsxRuntime.jsx("div",{style:{position:"relative"},children:(()=>{let E=0;return e.map(w=>{let M=C.get(w.id),H=u===w.id,A=!g.current.has(w.id)&&M!==void 0,F=v&&!C.has(w.id),W=v?M!==void 0?{position:"absolute",top:M,left:0,right:0,opacity:1}:{position:"absolute",top:E,left:0,right:0,opacity:1}:{marginBottom:6};v&&M===void 0?E+=(w.estimatedHeight??80)+8:M!==void 0&&(E=Math.max(E,M+(w.estimatedHeight??80)+8));let j=F||A||w.isTemporary?"opacity 0.2s ease":m?"opacity 0.2s ease, top 0.15s ease":"none";return jsxRuntime.jsx("div",{style:{...W,transition:j},children:w.render({isExpanded:H,onToggleExpand:()=>I(w.id),measureRef:k(w.id)})},w.id)})})()})})}function dl({comments:e,anchorPositions:t,zoom:o,pageWidth:n,sidebarOpen:i,resolvedCommentIds:l,onMarkerClick:p}){let{t:s}=chunk7JQV5Q34_js.b(),u=e.filter(a=>a.parentId==null).map(a=>{let m=l.has(a.id);if(!m&&i||m&&i)return null;let f=t.get(`comment-${a.id}`);return f==null?null:{comment:a,isResolved:m,y:f}}).filter(Boolean);return u.length===0?null:jsxRuntime.jsx("div",{className:"docx-comment-margin-markers",style:{position:"absolute",top:0,left:`calc(50% + ${n*o/2+6}px)`,zIndex:30,pointerEvents:"none"},onMouseDown:a=>a.stopPropagation(),children:u.map(({comment:a,isResolved:m,y:f})=>jsxRuntime.jsx("button",{onClick:()=>p(a.id),title:s(m?"commentMarkers.resolvedComment":"commentMarkers.comment"),style:{position:"absolute",top:f*o,left:0,width:24,height:24,display:"flex",alignItems:"center",justifyContent:"center",border:"none",borderRadius:4,background:"transparent",cursor:"pointer",pointerEvents:"auto",color:"var(--doc-text-muted)",padding:0,fontFamily:"inherit"},onMouseOver:h=>{h.currentTarget.style.opacity="0.7";},onMouseOut:h=>{h.currentTarget.style.opacity="1";},children:jsxRuntime.jsx(chunkVFCUMHEL_js.b,{name:m?"chat_bubble_check":"chat_bubble_outline",size:18})},a.id))})}function ml({pagedEditorRef:e,hfEditorRef:t,scrollContainerRef:o,editorContentRef:n,document:i,theme:l,initialSectionProperties:p,finalSectionProperties:s,headerContent:d,footerContent:u,firstPageHeaderContent:a,firstPageFooterContent:m,hfEditPosition:f,setHfEditPosition:h,hfEditIsFirstPage:r,onHeaderFooterDoubleClick:g,onHeaderFooterSave:y,onRemoveHeaderFooter:R,onBodyClick:S,getHfTargetElement:c,zoom:b,readOnly:x,extensionManager:v,externalPlugins:C,onDocumentChange:P,onSelectionChange:k,onPagedSelectionChange:I,onReady:E,onEditorViewReady:w,onRenderedDomContextReady:M,pluginOverlays:H,onHyperlinkClick:z,hyperlinkPopupData:A,onHyperlinkPopupNavigate:F,onHyperlinkPopupCopy:W,onHyperlinkPopupEdit:j,onHyperlinkPopupRemove:J,onHyperlinkPopupClose:ce,onContextMenu:re,sidebarOpen:ue,sidebarItems:fe,anchorPositions:De,onAnchorPositionsChange:we,pluginRenderedDomContext:D,pageWidthPx:O,expandedSidebarItem:_,setExpandedSidebarItem:$,comments:U,resolvedCommentIds:B,resolvedIdsForRender:ie,setShowCommentsSidebar:ee,onTotalPagesChange:Y,floatingCommentBtn:pe,isAddingComment:ae,setCommentSelectionRange:X,setAddCommentYPosition:me,setIsAddingComment:be,setFloatingCommentBtn:Re,isSuggesting:ze=false,author:He="User",onHfTransaction:_e}){let Pe=f?r?f==="header"?a:m:f==="header"?d:u:null,[Be,Fe]=Zl.useState(null),[oe,Ue]=Zl.useState([]),Ct=Zl.useCallback(Q=>{let Z=window.document.querySelector(".paged-editor__pages")?.parentElement;if(!Z)return Q;let Se=Z.getBoundingClientRect();return {...Q,top:Q.top-Se.top+Z.scrollTop,left:Q.left-Se.left+Z.scrollLeft}},[]),qe=Zl.useCallback(Q=>{if(!f){Fe(null),Ue([]);return}let q=layoutBridge.computeHfCaretRectFromView(Q,f);Fe(q?Ct(q):null),Ue(layoutBridge.computeHfSelectionRectsFromView(Q,f).map(Ct));let Z=window.document.querySelector(".paged-editor__pages");Z&&layoutBridge.applyCellSelectionHighlight(Z,Q.state,{scope:f});},[f,Ct]);return Zl.useEffect(()=>{if(!f){Fe(null),Ue([]),layoutBridge.invalidateHfDomCache();return}let Q=()=>{let ve=t.current?.getView();ve&&qe(ve);},q=window.document.querySelector(".paged-editor__pages"),Z=()=>{layoutBridge.invalidateHfDomCache(),Q();};q?.addEventListener("painter:painted",Z);let Se=requestAnimationFrame(Q),Te=()=>Q();return window.addEventListener("resize",Te),()=>{cancelAnimationFrame(Se),q?.removeEventListener("painter:painted",Z),window.removeEventListener("resize",Te),layoutBridge.invalidateHfDomCache();}},[f,t,qe]),jsxRuntime.jsxs(jsxRuntime.Fragment,{children:[jsxRuntime.jsx(Js,{ref:e,document:i,styles:i?.package.styles,theme:i?.package.theme||l,sectionProperties:p,finalSectionProperties:s,headerContent:d,footerContent:u,firstPageHeaderContent:a,firstPageFooterContent:m,onHeaderFooterDoubleClick:g,hfEditMode:f,onBodyClick:S,isSuggesting:ze,author:He,onHfTransaction:(Q,q,Z)=>{let Se=window.document.querySelector(".paged-editor__pages"),Te=false,ve=()=>{Te||(Te=true,layoutBridge.invalidateHfDomCache(),qe(q));};Se?.addEventListener("painter:painted",ve,{once:true}),requestAnimationFrame(()=>{Te||(Se?.removeEventListener("painter:painted",ve),ve());}),k(prosemirror.extractSelectionState(q.state)),_e?.(Q,q,Z);},zoom:b,readOnly:x,extensionManager:v,onDocumentChange:P,onSelectionChange:I,externalPlugins:C,onReady:Q=>{E(Q);let q=Q.getView();q&&w?.(q);},onRenderedDomContextReady:M,pluginOverlays:H,onHyperlinkClick:z,hyperlinkPopupData:A,onHyperlinkPopupNavigate:F,onHyperlinkPopupCopy:W,onHyperlinkPopupEdit:j,onHyperlinkPopupRemove:J,onHyperlinkPopupClose:ce,onContextMenu:re,commentsSidebarOpen:ue,onAnchorPositionsChange:we,onTotalPagesChange:Y,resolvedCommentIds:ie,scrollContainerRef:o,sidebarOverlay:jsxRuntime.jsxs(jsxRuntime.Fragment,{children:[fe.length>0&&jsxRuntime.jsx(cl,{items:fe,anchorPositions:De,renderedDomContext:D??null,pageWidth:O,zoom:b,editorContainerRef:o,onExpandedItemChange:$,activeItemId:_}),jsxRuntime.jsx(dl,{comments:U,anchorPositions:De,zoom:b,pageWidth:O,sidebarOpen:ue,resolvedCommentIds:B,onMarkerClick:()=>ee(true)})]})}),pe!=null&&!ae&&!x&&jsxRuntime.jsx(chunkU7YE3IJN_js.r,{content:"Add comment",side:"bottom",delayMs:300,children:jsxRuntime.jsx("button",{type:"button",onMouseDown:Q=>{Q.preventDefault(),Q.stopPropagation();let q=e.current?.getView();if(q){let{from:Z,to:Se}=q.state.selection;if(Z!==Se){X({from:Z,to:Se});let Te=q.state.schema.marks.comment.create({commentId:commentIdAllocator.PENDING_COMMENT_ID}),ve=q.state.tr.addMark(Z,Se,Te);ve.setSelection(prosemirrorState.TextSelection.create(ve.doc,Se)),q.dispatch(ve);}}me(pe.top),ee(true),be(true),Re(null);},style:{position:"absolute",top:pe.top,left:pe.left,transform:"translate(-50%, -50%)",zIndex:50,width:28,height:28,borderRadius:6,border:"1px solid var(--doc-focus-ring)",backgroundColor:"var(--doc-surface)",color:"var(--doc-primary)",cursor:"pointer",display:"flex",alignItems:"center",justifyContent:"center",boxShadow:"0 1px 3px var(--doc-shadow)",transition:"background-color 0.15s ease, box-shadow 0.15s ease"},onMouseOver:Q=>{Q.currentTarget.style.backgroundColor="var(--doc-primary-light)",Q.currentTarget.style.boxShadow="0 1px 4px var(--doc-focus-ring)";},onMouseOut:Q=>{Q.currentTarget.style.backgroundColor="var(--doc-surface)",Q.currentTarget.style.boxShadow="0 1px 3px var(--doc-shadow)";},children:jsxRuntime.jsx(chunkVFCUMHEL_js.b,{name:"add_comment",size:16})})}),f&&(Be||oe.length>0)&&(()=>{let Q=window.document.querySelector(".paged-editor__pages"),q=Q?.parentElement;return !Q||!q?null:reactDom.createPortal(jsxRuntime.jsxs(jsxRuntime.Fragment,{children:[Be&&oe.length===0&&jsxRuntime.jsx(jsxRuntime.Fragment,{children:jsxRuntime.jsx("div",{"aria-hidden":"true",style:{position:"absolute",top:Be.top,left:Be.left,width:2,height:Be.height,background:"#4285f4",pointerEvents:"none",zIndex:11,animation:"hf-caret-blink 1.06s steps(1) infinite"}})}),oe.map((Z,Se)=>jsxRuntime.jsx("div",{"aria-hidden":"true",style:{position:"absolute",top:Z.top,left:Z.left,width:Z.width,height:Z.height,background:"rgba(66, 133, 244, 0.25)",pointerEvents:"none",zIndex:10}},`hf-sel-${Se}-${Z.top}-${Z.left}`))]}),q)})(),f&&Pe&&(()=>{let Q=c(f),q=n.current;if(!Q||!q)return null;let Z=e.current?.getHfPmView(Pe)??null;return jsxRuntime.jsx(il,{ref:t,headerFooter:Pe,position:f,view:Z,targetElement:Q,parentElement:q,onSave:y,onClose:()=>{h(null),Fe(null);},onRemove:R})})()]})}var Yr=".layout-sdt-widget, .layout-inline-sdt-widget";function gl(e){let t=/^sdt@(\d+)$/.exec(e??"");return t?Number(t[1]):null}function ub(e){if(e==null||e==="")return null;let t=Number(e);return Number.isFinite(t)?t:null}function pb(e){let t=gl(e.dataset.sdtGroupId)??ub(e.dataset.sdtPos),o=e.dataset.sdtTag;return t!=null?o?{pos:t,tag:o}:{pos:t}:o?{tag:o}:null}function mb(e,t){return prosemirror.findContentControlsInPM(e.state.doc,{tag:t})[0]}function fb(e,t){return t.pos!=null?prosemirror.findContentControlsInPM(e.state.doc).find(o=>o.pos===t.pos):t.tag?mb(e,t.tag):void 0}function hl({containerRef:e,getView:t}){let[o,n]=Zl.useState(null),i=Zl.useRef(null),l=Zl.useCallback((d,u)=>{let a=t();if(a){try{let m=d.pos!=null?prosemirror.setContentControlValueAtPosTr(a.state,d.pos,u):d.tag?prosemirror.setContentControlValueTr(a.state,{tag:d.tag},u):null;if(!m)return;a.dispatch(m),a.focus();}catch{}n(null);}},[t]);Zl.useEffect(()=>{let d=e.current;if(!d)return;let u=r=>{let g=t(),y=r.dataset.sdtWidget,R=pb(r);if(!g||!y||!R)return;let S=fb(g,R),c=r.getBoundingClientRect();y==="checkbox"?l(R,{kind:"checkbox",checked:!S?.checked}):y==="dropdown"?n({kind:"dropdown",target:R,items:S?.listItems??[],current:S?.text??"",rect:c}):y==="date"&&n({kind:"date",target:R,current:S?.dateValue??"",rect:c});},a=r=>{let g=t(),y=gl(r.dataset.sdtGroupId);if(!(!g||y==null))try{let R=r.dataset.sdtRepeat==="add"?prosemirror.addRepeatingSectionItemTr(g.state,y):prosemirror.removeRepeatingSectionItemTr(g.state,y);g.dispatch(R),g.focus();}catch{}},m=r=>{let g=r.target;(g?.closest?.(Yr)||g?.closest?.(".layout-sdt-repeat-btn"))&&r.preventDefault();},f=r=>{let g=r.target?.closest?.(".layout-sdt-repeat-btn");if(g){r.preventDefault(),r.stopPropagation(),a(g);return}let y=r.target?.closest?.(Yr);y&&(r.preventDefault(),r.stopPropagation(),u(y));},h=r=>{if(r.key!=="Enter"&&r.key!==" ")return;let g=r.target?.closest?.(Yr);g&&(r.preventDefault(),u(g));};return d.addEventListener("mousedown",m),d.addEventListener("click",f),d.addEventListener("keydown",h),()=>{d.removeEventListener("mousedown",m),d.removeEventListener("click",f),d.removeEventListener("keydown",h);}},[e,t,l]),Zl.useEffect(()=>{if(!o)return;let d=a=>{i.current?.contains(a.target)||n(null);},u=a=>{a.key==="Escape"&&n(null);};return document.addEventListener("mousedown",d),document.addEventListener("keydown",u),()=>{document.removeEventListener("mousedown",d),document.removeEventListener("keydown",u);}},[o]),Zl.useEffect(()=>{if(o?.kind!=="dropdown")return;let d=i.current?.querySelectorAll(".layout-sdt-widget-option");d?.length&&([...d].find(u=>u.getAttribute("aria-selected")==="true")??d[0]).focus();},[o]);let p=d=>{if(d.key!=="ArrowDown"&&d.key!=="ArrowUp")return;let u=[...i.current?.querySelectorAll(".layout-sdt-widget-option")??[]];if(!u.length)return;d.preventDefault();let a=u.indexOf(document.activeElement),m=d.key==="ArrowDown"?(a+1)%u.length:(a-1+u.length)%u.length;u[m].focus();};if(!o)return null;let s={position:"fixed",top:o.rect.bottom+2,left:o.rect.left,zIndex:1e3};return jsxRuntime.jsx("div",{ref:i,className:"layout-sdt-widget-popup",style:s,role:o.kind==="dropdown"?"listbox":void 0,onKeyDown:p,onMouseDown:d=>d.preventDefault(),children:o.kind==="dropdown"?o.items.length===0?jsxRuntime.jsx("div",{className:"layout-sdt-widget-empty",children:"No options"}):o.items.map(d=>{let u=d.displayText===o.current;return jsxRuntime.jsx("button",{type:"button",role:"option","aria-selected":u,className:`layout-sdt-widget-option${u?" is-selected":""}`,onClick:()=>l(o.target,{kind:"dropdown",value:d.value}),children:d.displayText},d.value)}):jsxRuntime.jsx("input",{type:"date",className:"layout-sdt-widget-date",autoFocus:true,"aria-label":"Date",defaultValue:o.current,onChange:d=>{d.target.value&&l(o.target,{kind:"date",date:d.target.value});}})})}function bl({commentsLoadedRef:e,trackedChangesLoadedRef:t,setComments:o,setHeadingInfos:n,setShowCommentsSidebar:i,setIsAddingComment:l,setCommentSelectionRange:p,setAddCommentYPosition:s,setFloatingCommentBtn:d,setHfEditPosition:u,setHfEditIsFirstPage:a,setAnchorPositions:m,clearFindReplaceMatches:f,cleanOrphanedCommentsTimerRef:h}){return {resetForNewDocument:Zl.useCallback(()=>{e.current=false,t.current=false,o([]),n([]),i(false),l(false),p(null),s(null),d(null),u(null),a(false),m(nn),f(),h.current&&(clearTimeout(h.current),h.current=null);},[e,t,o,n,i,l,p,s,d,u,a,m,f,h])}}var Sb=Zl.createContext(null);function vl({children:e}){let t=Zl.useMemo(()=>new docxEditorCore.ErrorManager,[]),o=Zl.useSyncExternalStore(t.subscribe,t.getSnapshot),n=Zl.useCallback((u,a)=>{t.showError(u,a);},[t]),i=Zl.useCallback((u,a)=>{t.showWarning(u,a);},[t]),l=Zl.useCallback((u,a)=>{t.showInfo(u,a);},[t]),p=Zl.useCallback(u=>{t.dismiss(u);},[t]),s=Zl.useCallback(()=>{t.clearAll();},[t]),d=Zl.useMemo(()=>({notifications:o.notifications,showError:n,showWarning:i,showInfo:l,dismissNotification:p,clearNotifications:s}),[o.notifications,n,i,l,p,s]);return jsxRuntime.jsxs(Sb.Provider,{value:d,children:[e,jsxRuntime.jsx(xb,{notifications:o.notifications,onDismiss:p})]})}function xb({notifications:e,onDismiss:t}){let o=e.filter(i=>!i.dismissed);return o.length===0?null:jsxRuntime.jsx("div",{className:"docx-notification-container",style:{position:"fixed",top:"16px",right:"16px",zIndex:10001,display:"flex",flexDirection:"column",gap:"8px",maxWidth:"400px"},children:o.map(i=>jsxRuntime.jsx(Rb,{notification:i,onDismiss:()=>t(i.id)},i.id))})}function Rb({notification:e,onDismiss:t}){let{t:o}=chunk7JQV5Q34_js.b(),[n,i]=Zl.useState(false),p=(g=>{switch(g){case "error":return {bg:"var(--doc-error-bg)",border:"var(--doc-error)",text:"var(--doc-error)",icon:"var(--doc-error)"};case "warning":return {bg:"var(--doc-warning-bg)",border:"var(--doc-warning)",text:"var(--doc-warning-text)",icon:"var(--doc-warning)"};case "info":return {bg:"var(--doc-primary-light)",border:"var(--doc-primary)",text:"var(--doc-primary)",icon:"var(--doc-primary)"}}})(e.severity),s={background:p.bg,border:`1px solid ${p.border}`,borderRadius:"8px",padding:"12px 16px",boxShadow:"0 2px 8px var(--doc-shadow)",animation:"slideIn 0.3s ease-out"},d={display:"flex",alignItems:"flex-start",gap:"8px"},u={color:p.icon,flexShrink:0},a={flex:1,minWidth:0},m={color:p.text,fontSize:"14px",fontWeight:500,wordBreak:"break-word"},f={marginTop:"8px",padding:"8px",background:"var(--doc-shadow-subtle)",borderRadius:"4px",fontSize:"12px",fontFamily:"monospace",whiteSpace:"pre-wrap",wordBreak:"break-word",color:p.text,maxHeight:"200px",overflow:"auto"},h={background:"transparent",border:"none",cursor:"pointer",padding:"4px",borderRadius:"4px",display:"flex",alignItems:"center",justifyContent:"center",color:p.text},r=g=>{switch(g){case "error":return jsxRuntime.jsxs("svg",{width:"20",height:"20",viewBox:"0 0 20 20",fill:"none",children:[jsxRuntime.jsx("circle",{cx:"10",cy:"10",r:"8",stroke:"currentColor",strokeWidth:"1.5"}),jsxRuntime.jsx("path",{d:"M10 6v5M10 13v1",stroke:"currentColor",strokeWidth:"1.5",strokeLinecap:"round"})]});case "warning":return jsxRuntime.jsxs("svg",{width:"20",height:"20",viewBox:"0 0 20 20",fill:"none",children:[jsxRuntime.jsx("path",{d:"M10 3L18 17H2L10 3z",stroke:"currentColor",strokeWidth:"1.5",strokeLinejoin:"round"}),jsxRuntime.jsx("path",{d:"M10 8v4M10 14v1",stroke:"currentColor",strokeWidth:"1.5",strokeLinecap:"round"})]});case "info":return jsxRuntime.jsxs("svg",{width:"20",height:"20",viewBox:"0 0 20 20",fill:"none",children:[jsxRuntime.jsx("circle",{cx:"10",cy:"10",r:"8",stroke:"currentColor",strokeWidth:"1.5"}),jsxRuntime.jsx("path",{d:"M10 9v5M10 6v1",stroke:"currentColor",strokeWidth:"1.5",strokeLinecap:"round"})]})}};return jsxRuntime.jsxs("div",{className:`docx-notification-toast docx-notification-${e.severity}`,style:s,children:[jsxRuntime.jsx("style",{children:`
              @keyframes slideIn {
                from {
                  opacity: 0;
                  transform: translateX(100%);
                }
                to {
                  opacity: 1;
                  transform: translateX(0);
                }
              }
            `}),jsxRuntime.jsxs("div",{style:d,children:[jsxRuntime.jsx("span",{style:u,children:r(e.severity)}),jsxRuntime.jsxs("div",{style:a,children:[jsxRuntime.jsx("div",{style:m,children:e.message}),e.details&&jsxRuntime.jsxs(jsxRuntime.Fragment,{children:[jsxRuntime.jsx("button",{type:"button",onClick:()=>i(!n),"aria-label":o(n?"errors.hideDetails":"errors.showDetails"),style:{...h,marginTop:"4px",fontSize:"12px",padding:"2px 8px"},children:o(n?"errors.hideDetails":"errors.showDetails")}),n&&jsxRuntime.jsx("div",{style:f,children:e.details})]})]}),jsxRuntime.jsx("button",{type:"button",onClick:t,style:h,"aria-label":o("common.dismiss"),children:jsxRuntime.jsx("svg",{width:"16",height:"16",viewBox:"0 0 16 16",fill:"none",children:jsxRuntime.jsx("path",{d:"M4 4l8 8M12 4l-8 8",stroke:"currentColor",strokeWidth:"1.5",strokeLinecap:"round"})})})]})]})}var Tn=class extends Zl.Component{constructor(o){super(o);chunkBJ5RZW6Y_js.b(this,"resetError",()=>{this.setState({hasError:false,error:null,errorInfo:null});});this.state={hasError:false,error:null,errorInfo:null};}static getDerivedStateFromError(o){return {hasError:true,error:o}}componentDidCatch(o,n){this.setState({errorInfo:n}),console.error("ErrorBoundary caught an error:",o,n),this.props.onError&&this.props.onError(o,n);}render(){if(this.state.hasError){let{fallback:o,showDetails:n=true}=this.props,{error:i,errorInfo:l}=this.state;return o?typeof o=="function"?o(i,this.resetError):o:jsxRuntime.jsx(Pb,{error:i,errorInfo:l,showDetails:n,onReset:this.resetError})}return this.props.children}};function Pb({error:e,errorInfo:t,showDetails:o,onReset:n}){let{t:i}=chunk7JQV5Q34_js.b(),l={display:"flex",flexDirection:"column",alignItems:"center",justifyContent:"center",padding:"40px",textAlign:"center",minHeight:"200px",background:"var(--doc-surface)",borderRadius:"8px",border:"1px solid var(--doc-border)",margin:"20px"},p={color:"var(--doc-error)",marginBottom:"16px"},s={fontSize:"18px",fontWeight:600,color:"var(--doc-text)",marginBottom:"8px"},d={fontSize:"14px",color:"var(--doc-text-muted)",marginBottom:"16px",maxWidth:"400px"},u={width:"100%",maxWidth:"600px",marginBottom:"16px",padding:"12px",background:"var(--doc-error-bg)",borderRadius:"4px",fontSize:"12px",fontFamily:"monospace",textAlign:"left",whiteSpace:"pre-wrap",wordBreak:"break-word",maxHeight:"200px",overflow:"auto"},a={padding:"10px 20px",background:"var(--doc-primary)",color:"var(--doc-on-primary)",border:"none",borderRadius:"4px",fontSize:"14px",cursor:"pointer"};return jsxRuntime.jsxs("div",{className:"docx-error-fallback",style:l,children:[jsxRuntime.jsx("div",{style:p,children:jsxRuntime.jsxs("svg",{width:"48",height:"48",viewBox:"0 0 48 48",fill:"none",children:[jsxRuntime.jsx("circle",{cx:"24",cy:"24",r:"20",stroke:"currentColor",strokeWidth:"2"}),jsxRuntime.jsx("path",{d:"M24 14v12M24 30v2",stroke:"currentColor",strokeWidth:"2",strokeLinecap:"round"})]})}),jsxRuntime.jsx("h2",{style:s,children:i("errors.somethingWentWrong")}),jsxRuntime.jsx("p",{style:d,children:i("errors.errorDescription")}),o&&jsxRuntime.jsxs("div",{style:u,children:[jsxRuntime.jsx("strong",{children:i("errors.errorLabel")})," ",e.message,t&&jsxRuntime.jsxs(jsxRuntime.Fragment,{children:[`

    `,jsxRuntime.jsx("strong",{children:i("errors.componentStack")}),t.componentStack]})]}),jsxRuntime.jsx("button",{type:"button",onClick:n,style:a,children:i("errors.tryAgain")})]})}var Ib=15840,xl=1440,kb=1440,Mb=567,Qt=20,Db="var(--doc-text-muted)",Hb="var(--doc-text-subtle)",Fb="var(--doc-primary)",Lb="var(--doc-primary)",Ab="var(--doc-primary-hover)";function Pl({sectionProps:e,zoom:t=1,editable:o=false,onTopMarginChange:n,onBottomMarginChange:i,unit:l="inch",className:p="",style:s}){let{t:d}=chunk7JQV5Q34_js.b(),[u,a]=Zl.useState(null),[m,f]=Zl.useState(null),h=Zl.useRef(null),r=e?.pageHeight??Ib,g=e?.marginTop??xl,y=e?.marginBottom??xl,R=utils.twipsToPixels(r)*t,S=utils.twipsToPixels(g)*t,c=utils.twipsToPixels(y)*t,b=Zl.useCallback((k,I)=>{o&&(k.preventDefault(),a(I));},[o]),x=Zl.useCallback(k=>{if(!u||!h.current)return;let I=h.current.getBoundingClientRect(),E=k.clientY-I.top,w=utils.pixelsToTwips(E/t);if(u==="topMargin"){let M=r-y-720,H=Math.max(0,Math.min(w,M));n?.(Math.round(H));}else if(u==="bottomMargin"){let M=r-w,H=r-g-720,z=Math.max(0,Math.min(M,H));i?.(Math.round(z));}},[u,t,r,g,y,n,i]),v=Zl.useCallback(()=>{a(null);},[]);Zl.useEffect(()=>{if(u)return document.addEventListener("mousemove",x),document.addEventListener("mouseup",v),()=>{document.removeEventListener("mousemove",x),document.removeEventListener("mouseup",v);}},[u,x,v]);let C=Bb(r,t,l),P={position:"relative",width:Qt,height:utils.formatPx(R),backgroundColor:"transparent",overflow:"visible",userSelect:"none",cursor:u?"ns-resize":"default",...s};return jsxRuntime.jsxs("div",{ref:h,className:`docx-vertical-ruler ${p}`,style:P,role:"slider","aria-label":d("ruler.vertical"),"aria-orientation":"vertical",children:[jsxRuntime.jsx("div",{style:{position:"absolute",top:0,left:0,right:0,bottom:0,pointerEvents:"none"},children:C.map((k,I)=>jsxRuntime.jsx(Ob,{tick:k},I))}),jsxRuntime.jsx(Rl,{type:"topMargin",position:S,editable:o,isDragging:u==="topMargin",isHovered:m==="topMargin",onMouseEnter:()=>f("topMargin"),onMouseLeave:()=>f(null),onMouseDown:k=>b(k,"topMargin")}),jsxRuntime.jsx(Rl,{type:"bottomMargin",position:R-c,editable:o,isDragging:u==="bottomMargin",isHovered:m==="bottomMargin",onMouseEnter:()=>f("bottomMargin"),onMouseLeave:()=>f(null),onMouseDown:k=>b(k,"bottomMargin")})]})}function Ob({tick:e}){let t={position:"absolute",top:utils.formatPx(e.position),right:0,height:1,width:e.width,backgroundColor:Hb},o={position:"absolute",top:utils.formatPx(e.position),left:2,transform:"translateY(-50%)",fontSize:"9px",color:Db,fontFamily:"sans-serif",whiteSpace:"nowrap"};return jsxRuntime.jsxs(jsxRuntime.Fragment,{children:[jsxRuntime.jsx("div",{style:t}),e.label&&jsxRuntime.jsx("div",{style:o,children:e.label})]})}function Rl({type:e,position:t,editable:o,isDragging:n,isHovered:i,onMouseEnter:l,onMouseLeave:p,onMouseDown:s}){let{t:d}=chunk7JQV5Q34_js.b(),u=n?Ab:i?Lb:Fb,a={position:"absolute",top:utils.formatPx(t-5),right:0,width:Qt,height:10,cursor:o?"ns-resize":"default",zIndex:n?10:1},m={position:"absolute",top:0,right:2,width:0,height:0,borderTop:"5px solid transparent",borderBottom:"5px solid transparent",borderRight:`8px solid ${u}`,transition:"border-right-color 0.1s"};return jsxRuntime.jsx("div",{className:`docx-ruler-marker docx-ruler-marker-${e}`,style:a,onMouseEnter:l,onMouseLeave:p,onMouseDown:s,role:"slider","aria-label":d(e==="topMargin"?"ruler.topMargin":"ruler.bottomMargin"),"aria-orientation":"vertical",tabIndex:o?0:-1,children:jsxRuntime.jsx("div",{style:m})})}function Bb(e,t,o){let n=[];if(o==="inch"){let i=kb/8,l=Math.ceil(e/i);for(let p=0;p<=l;p++){let s=p*i;if(s>e)break;let d=utils.twipsToPixels(s)*t;if(p%8===0){let u=p/8;n.push({position:d,width:10,label:u>0?String(u):void 0});}else p%4===0?n.push({position:d,width:6}):p%2===0?n.push({position:d,width:4}):n.push({position:d,width:2});}}else {let i=Mb/10,l=Math.ceil(e/i);for(let p=0;p<=l;p++){let s=p*i;if(s>e)break;let d=utils.twipsToPixels(s)*t;if(p%10===0){let u=p/10;n.push({position:d,width:10,label:u>0?String(u):void 0});}else p%5===0?n.push({position:d,width:6}):n.push({position:d,width:3});}}return n}var En=12,Xr=240,El=16,Wb=24,Il=En+Xr+El,zo=12,Ub=36,kl=zo+Ub+El,Ml=Zl__default.default.memo(function({headings:t,onHeadingClick:o,onClose:n,topOffset:i=0,scrollLeft:l=0,leftOffset:p=En}){let{t:s}=chunk7JQV5Q34_js.b(),[d,u]=Zl.useState(false),a=t.length?Math.min(...t.map(m=>m.level)):0;return Zl.useEffect(()=>{requestAnimationFrame(()=>u(true));},[]),jsxRuntime.jsxs("nav",{className:"docx-outline-nav",role:"navigation","aria-label":s("documentOutline.ariaLabel"),style:{position:"absolute",top:i,left:p-l,bottom:0,width:Xr,paddingTop:Wb,display:"flex",flexDirection:"column",overflow:"hidden",fontFamily:"'Google Sans', Roboto, Arial, sans-serif",zIndex:40,transform:d?"translateX(0)":`translateX(-${p+Xr}px)`,transition:"transform 0.15s ease-out"},onMouseDown:m=>m.stopPropagation(),children:[jsxRuntime.jsxs("div",{style:{display:"flex",alignItems:"center",gap:8,padding:"16px 16px 12px 0"},children:[jsxRuntime.jsx("button",{onClick:n,"aria-label":s("documentOutline.closeAriaLabel"),style:{background:"none",border:"none",cursor:"pointer",padding:4,borderRadius:"50%",display:"flex",alignItems:"center",color:"var(--doc-text-muted)"},title:s("documentOutline.closeTitle"),children:jsxRuntime.jsx(chunkVFCUMHEL_js.b,{name:"arrow_back",size:20})}),jsxRuntime.jsx("span",{style:{fontWeight:400,fontSize:14,color:"var(--doc-text)",letterSpacing:"0.01em"},children:s("documentOutline.title")})]}),jsxRuntime.jsx("div",{style:{overflowY:"auto",flex:1,paddingLeft:4},children:t.length===0?jsxRuntime.jsx("div",{style:{padding:"8px 16px",color:"var(--doc-text-subtle)",fontSize:13,lineHeight:"20px"},children:s("documentOutline.noHeadings")}):t.map((m,f)=>jsxRuntime.jsx("div",{style:{marginLeft:(m.level-a)*16},children:jsxRuntime.jsx("button",{className:"docx-outline-heading-btn",onClick:()=>o(m.pmPos),style:{display:"block",width:"100%",textAlign:"left",background:"none",border:"none",cursor:"pointer",padding:"5px 8px",fontSize:13,fontWeight:400,color:"var(--doc-text)",lineHeight:"18px",whiteSpace:"nowrap",overflow:"hidden",textOverflow:"ellipsis",borderRadius:0,letterSpacing:"0.01em"},title:m.text,children:m.text})},`${m.pmPos}-${f}`))})]})});function Hl({onClick:e,topPx:t,scrollLeft:o=0,leftOffset:n=zo}){let{t:i}=chunk7JQV5Q34_js.b();return jsxRuntime.jsx("button",{className:"docx-outline-toggle",onClick:e,onMouseDown:l=>l.stopPropagation(),title:i("editor.showDocumentOutline"),"aria-label":i("editor.showDocumentOutline"),style:{position:"absolute",left:n-o,top:t,zIndex:chunkU7YE3IJN_js.h.outline},children:jsxRuntime.jsx(chunkVFCUMHEL_js.b,{name:"format_list_bulleted",size:20})})}function Fl({currentPage:e,totalPages:t,visible:o}){let{t:n}=chunk7JQV5Q34_js.b();return jsxRuntime.jsx("div",{style:{position:"absolute",right:24,top:"50%",transform:"translateY(-50%)",backgroundColor:"var(--doc-overlay)",color:"#fff",padding:"6px 12px",borderRadius:"4px",fontSize:"12px",fontFamily:'-apple-system, BlinkMacSystemFont, "Segoe UI", Roboto, sans-serif',fontWeight:500,whiteSpace:"nowrap",pointerEvents:"none",zIndex:1e3,opacity:o?1:0,transition:"opacity 0.3s ease",userSelect:"none"},"aria-live":"polite",role:"status",children:n("viewer.pageIndicator",{current:e,total:t})})}function Ll({i18n:e,isDark:t,onEditorError:o,containerRef:n,scrollContainerRef:i,editorContentRef:l,className:p,containerStyle:s,mainContentStyle:d,editorContainerStyle:u,showRuler:a,readOnlyProp:m,showOutline:f,showOutlineButton:h,sidebarOpen:r,minLayoutWidth:g,toolbarHeight:y,editorScrollLeft:R,expandedSidebarItem:S,trackedChanges:c,onScrollContainerMouseDown:b,onEditorBgMouseDown:x,onEditorContextMenu:v,horizontalRulerProps:C,verticalRulerProps:P,outlineProps:k,onToggleOutline:I,scrollPageInfo:E,toolbar:w,pagedArea:M,overlays:H,dialogs:z,fileInputs:A}){return jsxRuntime.jsx(chunk7JQV5Q34_js.a,{i18n:e,children:jsxRuntime.jsx(chunkU7YE3IJN_js.o,{isDark:!!t,children:jsxRuntime.jsx(vl,{children:jsxRuntime.jsx(Tn,{onError:o,children:jsxRuntime.jsxs("div",{ref:n,className:chunkU7YE3IJN_js.a("docx-editor-root docx-editor",t&&"dark",p),style:s,"data-testid":"docx-editor",children:[jsxRuntime.jsx("div",{style:d,children:jsxRuntime.jsxs("div",{style:{position:"relative",flex:1,minHeight:0,minWidth:0,display:"flex",flexDirection:"column"},children:[w,jsxRuntime.jsxs("div",{ref:i,className:"docx-editor__scroll-container",style:u,onMouseDown:b,children:[a&&jsxRuntime.jsx("div",{className:"flex justify-center py-1 flex-shrink-0 bg-doc-bg",style:{position:"sticky",top:0,zIndex:chunkU7YE3IJN_js.h.ruler,paddingLeft:20,paddingRight:20+(r?sidebarConstants.SIDEBAR_DOCUMENT_SHIFT*2:0),minWidth:g,transition:"padding 0.2s ease"},children:jsxRuntime.jsx(chunkU7YE3IJN_js.G,{...C})}),jsxRuntime.jsx("div",{style:{display:"flex",flex:1,minHeight:0,position:"relative",minWidth:g},children:jsxRuntime.jsxs("div",{ref:l,style:{position:"relative",flex:1,minWidth:0},onMouseDown:x,onContextMenu:v,children:[a&&!m&&jsxRuntime.jsx("div",{style:{position:"absolute",left:0,top:0,zIndex:chunkU7YE3IJN_js.h.ruler,paddingTop:48},children:jsxRuntime.jsx(Pl,{...P})}),S&&S.startsWith("comment-")&&jsxRuntime.jsx("style",{children:`.paged-editor__pages [data-comment-id="${S.replace("comment-","")}"] { background-color: rgba(255, 212, 0, 0.35) !important; border-bottom: 2px solid rgba(255, 212, 0, 0.7) !important; }`}),S?.startsWith("tc-")&&(()=>{let F=S.split("-")[1],j=c.find(J=>String(J.revisionId)===F)?.insertionRevisionId;return jsxRuntime.jsx("style",{children:`
                                .paged-editor__pages .docx-insertion[data-revision-id="${j??F}"] { background-color: rgba(52, 168, 83, 0.2) !important; border-bottom: 2px solid #2e7d32 !important; }
                                .paged-editor__pages .docx-deletion[data-revision-id="${F}"] { background-color: rgba(211, 47, 47, 0.2) !important; text-decoration-thickness: 2px !important; }
                              `})})(),M]})})]}),E.totalPages>1&&jsxRuntime.jsx(Fl,{currentPage:E.currentPage,totalPages:E.totalPages,visible:E.visible}),f&&jsxRuntime.jsx(Ml,{...k,leftOffset:En+(a?Qt:0)}),h&&!f&&jsxRuntime.jsx(Hl,{onClick:I,topPx:y+(a?30:0)+48,scrollLeft:R,leftOffset:zo+(a?Qt:0)})]})}),H,z,A]})})})})})}var fo={background:"none",border:"none",cursor:"pointer",padding:4,color:"var(--doc-text-muted)",display:"flex",borderRadius:"50%"},kn={padding:"6px 16px",fontSize:14,border:"none",background:"none",color:"var(--doc-primary)",cursor:"pointer",fontWeight:500,fontFamily:"inherit"};function go(e,t=32){return {width:t,height:t,borderRadius:"50%",backgroundColor:comments.getAvatarColor(e),color:"#fff",display:"flex",alignItems:"center",justifyContent:"center",fontSize:t===32?13:11,fontWeight:500,flexShrink:0}}function Mn(e){return {padding:"6px 16px",fontSize:14,border:"none",borderRadius:20,background:e?"var(--doc-primary)":"var(--doc-bg-hover)",color:e?"#fff":"var(--doc-text-subtle)",cursor:e?"pointer":"default",fontWeight:500,fontFamily:"inherit"}}function Fn({replies:e,isExpanded:t}){let{t:o}=chunk7JQV5Q34_js.b();if(e.length===0)return null;let n=t?e:e.slice(-1),i=t?0:e.length-1;return jsxRuntime.jsxs("div",{style:{marginTop:8},children:[i>0&&jsxRuntime.jsx("div",{style:{fontSize:12,fontWeight:500,color:"var(--doc-primary)",paddingTop:6,paddingBottom:6,borderTop:"1px solid var(--doc-border-light)"},children:o("comments.replyCount",{count:i})}),n.map(l=>jsxRuntime.jsxs("div",{style:{marginBottom:t?8:0,paddingTop:8,borderTop:"1px solid var(--doc-border-light)"},children:[jsxRuntime.jsxs("div",{style:{display:"flex",alignItems:"flex-start",gap:10},children:[jsxRuntime.jsx("div",{style:go(l.author||"U",28),children:comments.getInitials(l.author||"U")}),jsxRuntime.jsxs("div",{style:{flex:1,minWidth:0},children:[jsxRuntime.jsx("div",{style:{fontSize:13,fontWeight:600,color:"var(--doc-text)"},children:l.author||o("comments.unknown")}),jsxRuntime.jsx("div",{style:{fontSize:11,color:"var(--doc-text-muted)"},children:comments.formatDate(l.date)})]})]}),jsxRuntime.jsx("div",{style:{fontSize:13,color:"var(--doc-text)",lineHeight:"20px",marginTop:4,...t?{}:{overflow:"hidden",display:"-webkit-box",WebkitLineClamp:2,WebkitBoxOrient:"vertical"}},children:comments.getCommentText(l.content)})]},l.id))]})}var Gb={width:"100%",border:"1px solid var(--doc-primary)",borderRadius:20,outline:"none",fontSize:14,padding:"8px 16px",fontFamily:"inherit",boxSizing:"border-box",color:"var(--doc-text)"},jb={width:"100%",border:"1px solid var(--doc-border-light)",borderRadius:20,outline:"none",fontSize:14,padding:"8px 16px",fontFamily:"inherit",color:"var(--doc-text-subtle)",cursor:"text",backgroundColor:"var(--doc-surface)",boxSizing:"border-box"};function Ln({onSubmit:e}){let[t,o]=Zl.useState(false),[n,i]=Zl.useState(""),{t:l}=chunk7JQV5Q34_js.b();if(!t)return jsxRuntime.jsx("div",{onClick:s=>s.stopPropagation(),style:{marginTop:12},children:jsxRuntime.jsx("input",{readOnly:true,onMouseDown:s=>s.stopPropagation(),onClick:s=>{s.stopPropagation(),o(true);},"aria-label":l("comments.replyPlaceholder"),placeholder:l("comments.replyPlaceholder"),style:jb})});let p=n.trim();return jsxRuntime.jsxs("div",{onClick:s=>s.stopPropagation(),style:{marginTop:12},children:[jsxRuntime.jsx("input",{ref:s=>s?.focus({preventScroll:true}),type:"text",value:n,"aria-label":l("comments.replyPlaceholder"),onChange:s=>i(s.target.value),onMouseDown:s=>s.stopPropagation(),onKeyDown:s=>{s.stopPropagation(),s.key==="Enter"&&(s.preventDefault(),p&&e(p),i(""),o(false)),s.key==="Escape"&&(o(false),i(""));},placeholder:l("comments.replyPlaceholder"),style:Gb}),jsxRuntime.jsxs("div",{style:{display:"flex",justifyContent:"flex-end",gap:8,marginTop:8},children:[jsxRuntime.jsx("button",{onClick:s=>{s.stopPropagation(),o(false),i("");},style:kn,children:l("common.cancel")}),jsxRuntime.jsx("button",{onClick:s=>{s.stopPropagation(),p&&e(p),i(""),o(false);},disabled:!p,style:Mn(!!p),children:l("common.reply")})]})]})}var An=cardStyles.CARD_STYLE_COLLAPSED,On=cardStyles.CARD_STYLE_EXPANDED;function Bl({comment:e,replies:t,isExpanded:o,onToggleExpand:n,measureRef:i,onReply:l,onResolve:p,onUnresolve:s,onDelete:d}){let[u,a]=Zl.useState(false),{t:m}=chunk7JQV5Q34_js.b();return jsxRuntime.jsxs("div",{ref:i,"data-comment-id":e.id,className:"docx-comment-card",role:"button",tabIndex:0,"aria-label":e.author||m("comments.unknown"),onClick:n,onKeyDown:f=>{(f.key==="Enter"||f.key===" ")&&(f.preventDefault(),n());},onMouseDown:f=>f.stopPropagation(),style:{...o?On:An},children:[e.done&&jsxRuntime.jsxs("div",{style:{display:"inline-flex",alignItems:"center",gap:4,padding:"2px 8px",marginBottom:8,fontSize:11,fontWeight:500,color:"var(--doc-success)",backgroundColor:"var(--doc-success-bg)",borderRadius:10},children:[jsxRuntime.jsx(chunkVFCUMHEL_js.b,{name:"check",size:12}),m("comments.resolved")]}),jsxRuntime.jsxs("div",{style:{display:"flex",alignItems:"flex-start",gap:10},children:[jsxRuntime.jsx("div",{style:go(e.author||"U"),children:comments.getInitials(e.author||"U")}),jsxRuntime.jsxs("div",{style:{flex:1,minWidth:0},children:[jsxRuntime.jsx("div",{style:{fontSize:13,fontWeight:600,color:"var(--doc-text)"},children:e.author||m("comments.unknown")}),jsxRuntime.jsx("div",{style:{fontSize:11,color:"var(--doc-text-muted)"},children:comments.formatDate(e.date)})]}),o&&jsxRuntime.jsxs("div",{style:{display:"flex",gap:4,marginTop:2,position:"relative"},children:[jsxRuntime.jsx("button",{onClick:f=>{f.stopPropagation(),e.done?s?.(e.id):p?.(e.id);},"aria-label":e.done?m("comments.reopen"):m("comments.resolve"),title:e.done?m("comments.reopen"):m("comments.resolve"),style:fo,children:jsxRuntime.jsx(chunkVFCUMHEL_js.b,{name:e.done?"undo":"check",size:20})}),jsxRuntime.jsx("button",{onClick:f=>{f.stopPropagation(),a(!u);},"aria-label":m("comments.moreOptions"),title:m("comments.moreOptions"),style:fo,children:jsxRuntime.jsx(chunkVFCUMHEL_js.b,{name:"more_vert",size:20})}),u&&jsxRuntime.jsx("div",{onClick:f=>f.stopPropagation(),onMouseDown:f=>f.stopPropagation(),style:{position:"absolute",top:32,right:0,background:"var(--doc-surface)",borderRadius:8,boxShadow:"0 2px 6px var(--doc-shadow-strong), 0 1px 2px var(--doc-shadow)",zIndex:100,minWidth:120,padding:"4px 0"},children:jsxRuntime.jsx("button",{onClick:()=>{a(false),d?.(e.id);},style:{display:"block",width:"100%",padding:"8px 16px",border:"none",background:"none",textAlign:"left",fontSize:14,color:"var(--doc-text)",cursor:"pointer",fontFamily:"inherit"},onMouseOver:f=>{f.target.style.backgroundColor="var(--doc-bg-hover)";},onMouseOut:f=>{f.target.style.backgroundColor="transparent";},children:m("common.delete")})})]})]}),jsxRuntime.jsx("div",{style:{fontSize:13,color:"var(--doc-text)",lineHeight:"20px",marginTop:6},children:comments.getCommentText(e.content)}),jsxRuntime.jsx(Fn,{replies:t,isExpanded:o}),o&&!e.done&&jsxRuntime.jsx(Ln,{onSubmit:f=>l?.(e.id,f)})]})}function Nl({change:e,replies:t,isExpanded:o,onToggleExpand:n,measureRef:i,onAccept:l,onReject:p,onAcceptById:s,onRejectById:d,onReply:u}){let{t:a}=chunk7JQV5Q34_js.b(),m=e.author||a("trackedChanges.unknown"),f=()=>{let g=new Set([e.revisionId]);e.type==="replacement"&&e.insertionRevisionId!=null&&g.add(e.insertionRevisionId);for(let y of e.coalescedRevisionIds??[])g.add(y);return [...g]},h=g=>{if(g.stopPropagation(),s)for(let y of f())s(y);else l?.(e.from,e.to);},r=g=>{if(g.stopPropagation(),d)for(let y of f())d(y);else p?.(e.from,e.to);};return jsxRuntime.jsxs("div",{ref:i,className:"docx-tracked-change-card",role:"button",tabIndex:0,"aria-label":m,onClick:()=>n(),onKeyDown:g=>{(g.key==="Enter"||g.key===" ")&&(g.preventDefault(),n());},onMouseDown:g=>g.stopPropagation(),style:o?On:An,children:[jsxRuntime.jsxs("div",{style:{display:"flex",alignItems:"flex-start",gap:10},children:[jsxRuntime.jsx("div",{style:go(m),children:comments.getInitials(m)}),jsxRuntime.jsxs("div",{style:{flex:1,minWidth:0},children:[jsxRuntime.jsx("div",{style:{fontSize:13,fontWeight:600,color:"var(--doc-text)"},children:m}),e.date&&jsxRuntime.jsx("div",{style:{fontSize:11,color:"var(--doc-text-muted)"},children:comments.formatDate(e.date)})]}),o&&jsxRuntime.jsxs("div",{style:{display:"flex",gap:4,marginTop:2},children:[jsxRuntime.jsx("button",{onClick:h,"aria-label":a("common.accept"),title:a("common.accept"),style:fo,children:jsxRuntime.jsx(chunkVFCUMHEL_js.b,{name:"check",size:20})}),jsxRuntime.jsx("button",{onClick:r,"aria-label":a("common.reject"),title:a("common.reject"),style:fo,children:jsxRuntime.jsx(chunkVFCUMHEL_js.b,{name:"close",size:20})})]})]}),jsxRuntime.jsx("div",{style:{fontSize:13,lineHeight:"20px",color:"var(--doc-text)",marginTop:6},children:e.type==="replacement"?jsxRuntime.jsxs(jsxRuntime.Fragment,{children:[a("trackedChanges.replaced")," ",jsxRuntime.jsxs("span",{style:{color:"var(--doc-error)",fontWeight:500},children:['"',comments.truncateText(e.deletedText||""),'"']})," ",a("trackedChanges.with")," ",jsxRuntime.jsxs("span",{style:{color:"var(--doc-success)",fontWeight:500},children:['"',comments.truncateText(e.text),'"']})]}):e.type==="paragraphMarkInsertion"?jsxRuntime.jsxs(jsxRuntime.Fragment,{children:[a("revisions.paragraphMarkInserted"),e.text?jsxRuntime.jsxs(jsxRuntime.Fragment,{children:[": ",jsxRuntime.jsxs("span",{style:{color:"var(--doc-success)",fontWeight:500},children:['"',comments.truncateText(e.text),'"']})]}):null]}):e.type==="paragraphMarkDeletion"?jsxRuntime.jsxs(jsxRuntime.Fragment,{children:[a("revisions.paragraphMarkDeleted"),e.text?jsxRuntime.jsxs(jsxRuntime.Fragment,{children:[": ",jsxRuntime.jsxs("span",{style:{color:"var(--doc-error)",fontWeight:500},children:['"',comments.truncateText(e.text),'"']})]}):null]}):e.type==="paragraphPropertiesChanged"?jsxRuntime.jsxs(jsxRuntime.Fragment,{children:[a("revisions.paragraphPropertiesChanged"),e.text?jsxRuntime.jsxs(jsxRuntime.Fragment,{children:[": ",jsxRuntime.jsxs("span",{style:{color:"var(--doc-text-muted)",fontWeight:500},children:['"',comments.truncateText(e.text),'"']})]}):null]}):e.type==="rowInserted"?jsxRuntime.jsx("span",{style:{color:"var(--doc-success)",fontWeight:500},children:a("revisions.rowInserted")}):e.type==="rowDeleted"?jsxRuntime.jsx("span",{style:{color:"var(--doc-error)",fontWeight:500},children:a("revisions.rowDeleted")}):e.type==="cellInserted"?jsxRuntime.jsx("span",{style:{color:"var(--doc-success)",fontWeight:500},children:a("revisions.cellInserted")}):e.type==="cellDeleted"?jsxRuntime.jsx("span",{style:{color:"var(--doc-error)",fontWeight:500},children:a("revisions.cellDeleted")}):e.type==="cellMerged"?jsxRuntime.jsx("span",{style:{color:"var(--doc-text-muted)",fontWeight:500},children:a("revisions.cellMerged")}):e.type==="rowPropertiesChanged"?jsxRuntime.jsx("span",{style:{color:"var(--doc-text-muted)"},children:a("revisions.rowPropertiesChanged")}):e.type==="cellPropertiesChanged"?jsxRuntime.jsx("span",{style:{color:"var(--doc-text-muted)"},children:a("revisions.cellPropertiesChanged")}):e.type==="tablePropertiesChanged"?jsxRuntime.jsx("span",{style:{color:"var(--doc-text-muted)"},children:a("revisions.tablePropertiesChanged")}):e.type==="tableInserted"?jsxRuntime.jsx("span",{style:{color:"var(--doc-success)",fontWeight:500},children:a("revisions.tableInserted")}):e.type==="tableDeleted"?jsxRuntime.jsx("span",{style:{color:"var(--doc-error)",fontWeight:500},children:a("revisions.tableDeleted")}):jsxRuntime.jsxs(jsxRuntime.Fragment,{children:[e.type==="insertion"?a("trackedChanges.added"):a("trackedChanges.deleted")," ",jsxRuntime.jsxs("span",{style:{color:e.type==="insertion"?"var(--doc-success)":"var(--doc-error)",fontWeight:500},children:['"',comments.truncateText(e.text),'"']})]})}),jsxRuntime.jsx(Fn,{replies:t,isExpanded:o}),o&&jsxRuntime.jsx(Ln,{onSubmit:g=>u?.(e.revisionId,g)})]})}function _l({measureRef:e,onSubmit:t,onCancel:o}){let[n,i]=Zl.useState(""),{t:l}=chunk7JQV5Q34_js.b(),p=()=>{n.trim()&&(t?.(n.trim()),i(""));};return jsxRuntime.jsxs("div",{ref:e,onMouseDown:s=>s.stopPropagation(),style:{padding:12,borderRadius:8,backgroundColor:"var(--doc-surface)",boxShadow:"0 1px 3px var(--doc-shadow-strong), 0 4px 8px 3px var(--doc-shadow)",zIndex:50},children:[jsxRuntime.jsx("textarea",{ref:s=>s?.focus({preventScroll:true}),value:n,onChange:s=>i(s.target.value),onMouseDown:s=>s.stopPropagation(),onKeyDown:s=>{s.stopPropagation(),s.key==="Enter"&&!s.shiftKey&&(s.preventDefault(),p()),s.key==="Escape"&&(o?.(),i(""));},placeholder:l("comments.addComment"),style:{width:"100%",border:"1px solid var(--doc-primary)",borderRadius:20,outline:"none",resize:"none",fontSize:14,lineHeight:"20px",padding:"8px 16px",fontFamily:"inherit",minHeight:40,boxSizing:"border-box",color:"var(--doc-text)"}}),jsxRuntime.jsxs("div",{style:{display:"flex",justifyContent:"flex-end",gap:8,marginTop:8},children:[jsxRuntime.jsx("button",{onClick:()=>{o?.(),i("");},style:kn,children:l("common.cancel")}),jsxRuntime.jsx("button",{onClick:p,disabled:!n.trim(),style:Mn(!!n.trim()),children:l("common.comment")})]})]})}function Wl({comment:e,measureRef:t,onToggleExpand:o}){let{t:n}=chunk7JQV5Q34_js.b();return jsxRuntime.jsx("div",{ref:t,"data-comment-id":e.id,"data-comment-resolved":"true",role:"button",tabIndex:0,"aria-label":n("commentMarkers.resolvedComment"),onClick:o,onKeyDown:i=>{(i.key==="Enter"||i.key===" ")&&(i.preventDefault(),o());},onMouseDown:i=>i.stopPropagation(),style:{display:"inline-flex",alignItems:"center",cursor:"pointer",color:"var(--doc-text-muted)",padding:2},onMouseOver:i=>{i.currentTarget.style.opacity="0.7";},onMouseOut:i=>{i.currentTarget.style.opacity="1";},children:jsxRuntime.jsx(chunkVFCUMHEL_js.b,{name:"chat_bubble_check",size:20})})}function Ul({comments:e,trackedChanges:t,callbacks:o,showResolved:n=false,isAddingComment:i=false,addCommentYPosition:l=null}){let p=Zl.useMemo(()=>e.filter(d=>!(d.parentId!=null||d.done&&!n)),[e,n]),s=Zl.useMemo(()=>{let d=new Map;for(let u of e)if(u.parentId!=null){let a=d.get(u.parentId);a?a.push(u):d.set(u.parentId,[u]);}return d},[e]);return Zl.useMemo(()=>{let d=[];i&&l!=null&&d.push({id:"new-comment-input",anchorPos:0,fixedY:l,priority:-1e3,isTemporary:true,estimatedHeight:120,render:u=>jsxRuntime.jsx(_l,{...u,onSubmit:o.onAddComment,onCancel:o.onCancelAddComment})});for(let u of p){let a=s.get(u.id)??[];d.push({id:`comment-${u.id}`,anchorPos:0,anchorKey:`comment-${u.id}`,priority:0,estimatedHeight:u.done?28:80,render:m=>u.done&&!m.isExpanded?jsxRuntime.jsx(Wl,{...m,comment:u}):jsxRuntime.jsx(Bl,{...m,comment:u,replies:a,onReply:o.onCommentReply,onResolve:o.onCommentResolve,onUnresolve:o.onCommentUnresolve,onDelete:o.onCommentDelete})});}return t.forEach((u,a)=>{let m=s.get(u.revisionId)??[];d.push({id:`tc-${u.revisionId}-${a}`,anchorPos:u.from,anchorKey:`revision-${u.revisionId}`,priority:1,estimatedHeight:80,render:f=>jsxRuntime.jsx(Nl,{...f,change:u,replies:m,onAccept:o.onAcceptChange,onReject:o.onRejectChange,onAcceptById:o.onAcceptChangeById,onRejectById:o.onRejectChangeById,onReply:o.onTrackedChangeReply})});}),d},[p,t,s,o,i,l])}function $l(){let{t:e}=chunk7JQV5Q34_js.b();return jsxRuntime.jsxs("div",{style:{display:"flex",flexDirection:"column",alignItems:"center",justifyContent:"center",height:"100%",gap:"20px",color:"var(--doc-text-muted)"},children:[jsxRuntime.jsx("div",{style:{width:"36px",height:"36px",border:"3px solid var(--doc-border)",borderTopColor:"var(--doc-primary)",borderRadius:"50%",animation:"docx-spin 0.8s linear infinite"}}),jsxRuntime.jsx("style",{children:`
              @keyframes docx-spin {
                to { transform: rotate(360deg); }
              }
            `}),jsxRuntime.jsx("div",{style:{fontSize:"14px"},children:e("errors.loadingDocument")})]})}function Kl(){let{t:e}=chunk7JQV5Q34_js.b();return jsxRuntime.jsxs("div",{style:{display:"flex",flexDirection:"column",alignItems:"center",justifyContent:"center",height:"100%",color:"var(--doc-text-placeholder)"},children:[jsxRuntime.jsxs("svg",{width:"64",height:"64",viewBox:"0 0 24 24",fill:"none",stroke:"currentColor",strokeWidth:"1.5",children:[jsxRuntime.jsx("path",{d:"M14 2H6a2 2 0 0 0-2 2v16a2 2 0 0 0 2 2h12a2 2 0 0 0 2-2V8z"}),jsxRuntime.jsx("polyline",{points:"14 2 14 8 20 8"})]}),jsxRuntime.jsx("div",{style:{marginTop:"16px"},children:e("errors.noDocumentLoaded")})]})}function Gl({message:e}){let{t}=chunk7JQV5Q34_js.b();return jsxRuntime.jsxs("div",{style:{display:"flex",flexDirection:"column",alignItems:"center",justifyContent:"center",height:"100%",padding:"20px",textAlign:"center"},children:[jsxRuntime.jsx("div",{style:{color:"var(--doc-error)",marginBottom:"16px"},children:jsxRuntime.jsxs("svg",{width:"48",height:"48",viewBox:"0 0 24 24",fill:"none",stroke:"currentColor",strokeWidth:"2",children:[jsxRuntime.jsx("circle",{cx:"12",cy:"12",r:"10"}),jsxRuntime.jsx("path",{d:"M12 8v4M12 16v.01"})]})}),jsxRuntime.jsx("h3",{style:{color:"var(--doc-error)",marginBottom:"8px"},children:t("errors.failedToLoad")}),jsxRuntime.jsx("p",{style:{color:"var(--doc-text-muted)",maxWidth:"400px"},children:e})]})}function jl(e,t,o){Zl.useEffect(()=>{utils.loadFontDefinitions(e);},[e]),Zl.useEffect(()=>utils.onFontsLoaded(()=>t?.()),[t]);let n=Zl.useRef(o);Zl.useEffect(()=>{n.current=o;},[o]),Zl.useEffect(()=>utils.onFontError(i=>n.current?.(i)),[]);}var Jr=Zl.forwardRef(function({documentBuffer:t,document:o,onSave:n,onOpen:i,author:l="User",onChange:p,onSelectionChange:s,onError:d,onFontsLoaded:u,colorMode:a="light",theme:m,showToolbar:f=true,showFileOpen:h=true,showHelpMenu:r=true,showZoomControl:g=true,showMarginGuides:y=false,marginGuideColor:R,showRuler:S=false,rulerUnit:c="inch",initialZoom:b=1,readOnly:x=false,disableFindReplaceShortcuts:v=false,toolbarExtra:C,className:P="",style:k,placeholder:I,loadingIndicator:E,showOutline:w=false,showOutlineButton:M=true,fontFamilies:H,fonts:z,watermarkPresets:A,printOptions:F,onPrint:W,onCopy:j,onCut:J,onPaste:ce,mode:re,onModeChange:ue,onCommentAdd:fe,onCommentResolve:De,onCommentUnresolve:we,onCommentDelete:D,onCommentReply:O,comments:_,onCommentsChange:$,commentsSidebarOpen:U,onCommentsSidebarOpenChange:B,externalPlugins:ie,externalContent:ee=false,onEditorViewReady:Y,onRenderedDomContextReady:pe,pluginOverlays:ae,pluginSidebarItems:X,pluginRenderedDomContext:me,renderLogo:be,documentName:Re,onDocumentNameChange:ze,documentNameEditable:He=true,renderTitleBarRight:_e,i18n:Pe},Be){let{t:Fe}=chunk7JQV5Q34_js.b(),[oe,Ue]=Zl.useState({isLoading:!!t&&!ee,parseError:null,zoom:b,selectionFormatting:{},paragraphIndentLeft:0,paragraphIndentRight:0,paragraphFirstLineIndent:0,paragraphHangingIndent:false,paragraphTabs:null,pmTableContext:null,pmImageContext:null}),[Ct,qe]=Zl.useState(utils.prefersColorSchemeDark);Zl.useEffect(()=>{if(a==="system")return utils.subscribeSystemDark(qe)},[a]);let Q=utils.resolveIsDark(a,Ct),[q,Z]=Zl.useState(null),[Se,Te]=Zl.useState(false),[ve,Ee]=Ji(U,B),Le=Zl.useRef(false),[et,Ve]=Zl.useState(null),se=Zl.useRef(null),{comments:je,setComments:ge,getComments:We,isAddingComment:Ie,setIsAddingComment:it,isAddingCommentRef:at,commentSelectionRange:to,setCommentSelectionRange:Mt,addCommentYPosition:_n,setAddCommentYPosition:ut,floatingCommentBtn:Vn,setFloatingCommentBtn:_t,cleanOrphanedCommentsTimerRef:Vt,cleanOrphanedComments:$o}=ha({commentsProp:_,onCommentDelete:D,onCommentsChange:$,pagedEditorRef:se}),[oo,yo]=Zl.useState(null),[Wn,vo]=Zl.useState(0),{entries:Wt,commentToRevision:Un}=Zl.useMemo(()=>{let T=chunk3LJETQ4X_js.c(oo),L=[...T.entries],V=new Map(T.commentToRevision),te=se.current?.getHfPmViews?.();if(te)for(let[he,Ke]of te.entries()){let Ae=chunk3LJETQ4X_js.c(Ke.state);for(let Lt of Ae.entries)Lt.hfRid=he,L.push(Lt);for(let[Lt,io]of Ae.commentToRevision.entries())V.set(Lt,io);}return {entries:L,commentToRevision:V}},[oo,Wn]),[$n,Ko]=Zl.useState(nn),[Kn,Gn]=Zl.useState(re??"editing"),Dt=re??Kn,jn=T=>{re||Gn(T),ue?.(T);},Xe=x||Dt==="viewing",N=Zl.useRef(new Set),Ce=Zl.useRef(new Set),le=chunk3LJETQ4X_js.i(o||null,{maxEntries:100,groupingInterval:500,enableKeyboardShortcuts:true}),ne=Zl.useMemo(()=>{let T=new extensions.ExtensionManager(extensions.createStarterKit());return T.buildSchema(),T.initializeRuntime(),T},[]),$e=Zl.useMemo(()=>plugins.createSuggestionModePlugin(Dt==="suggesting",l),[]),Ht=Zl.useMemo(()=>[$e,...ie??[]],[$e,ie]),pt=Zl.useRef(null),no=Zl.useRef(null),Go=Zl.useRef(null),ei=Zl.useRef(null),jo=Zl.useRef(null),ro=Zl.useRef(null),[Ql,Jl]=Zl.useState([]),{showOutline:Yn,setShowOutline:ti,showOutlineRef:ec,outlineHeadings:tc,setHeadingInfos:qn,toolbarHeight:oi,toolbarRefCallback:oc,editorScrollLeft:ni}=Hi({showOutlineProp:w,pagedEditorRef:se,scrollContainerRef:ro,isLoading:oe.isLoading}),Co=Zl.useRef(le.state);Co.current=le.state;let ri=Zl.useRef({style:"single",size:4,color:{rgb:"000000"}}),ii=Zl.useRef(null),Yo=Zl.useCallback(T=>{let L=ii.current;if(L&&L.styles===T)return L.resolver;let V=prosemirror.createStyleResolver(T);return ii.current={styles:T,resolver:V},V},[]),{getActiveEditorView:St,focusActiveEditor:Ut,undoActiveEditor:nc,redoActiveEditor:rc}=Ra({hfEditPosition:q,hfEditorRef:pt,pagedEditorRef:se}),So=chunkA3T6FIPN_js.b(),qo=chunkVVSAOECP_js.m(),ai=Zl.useRef(false),si=Zl.useRef(false),xo=Zl.useRef(commentIdAllocator.createCommentIdAllocator()),{resetForNewDocument:ic}=bl({commentsLoadedRef:ai,trackedChangesLoadedRef:si,setComments:ge,setHeadingInfos:qn,setShowCommentsSidebar:Ee,setIsAddingComment:it,setCommentSelectionRange:Mt,setAddCommentYPosition:ut,setFloatingCommentBtn:_t,setHfEditPosition:Z,setHfEditIsFirstPage:Te,setAnchorPositions:Ko,clearFindReplaceMatches:Zl.useCallback(()=>So.setMatches([],0),[So]),cleanOrphanedCommentsTimerRef:Vt}),{loadParsedDocument:ac,loadBuffer:li}=aa({documentBuffer:t,initialDocument:o,externalContent:ee,history:le,documentRef:no,pagedEditorRef:se,setLoadingState:Zl.useCallback(T=>{Ue(L=>({...L,isLoading:T.isLoading,parseError:T.parseError}));},[]),setComments:ge,setShowCommentsSidebar:Ee,onError:d,resetForNewDocument:ic,commentsLoadedRef:ai,commentIdAllocator:xo.current,setDocumentFonts:Jl}),{imageInputRef:sc,docxInputRef:lc,handleSave:cc,handleDirectPrint:ci,handleDownloadDocument:dc,handleOpenDocument:di,handleDocxFileChange:uc,handleInsertImageClick:pc,handleImageFileChange:mc}=Oi({documentRef:no,pagedEditorRef:se,containerRef:Go,getComments:We,documentName:Re,onSave:n,onOpen:i,onError:d,onPrint:W,onDocumentNameChange:ze,loadBuffer:li,getActiveEditorView:St,focusActiveEditor:Ut});Zl.useEffect(()=>{if(oe.isLoading||!le.state)return;let T=se.current?.getView();T&&yo(T.state);},[oe.isLoading,le.state]),ya({commentToRevision:Un,setComments:ge,pmState:oo,isLoading:oe.isLoading,trackedChangesCount:Wt.length,setShowCommentsSidebar:Ee,trackedChangesLoadedRef:si}),jl(z,u,d),Zl.useEffect(()=>{let T=se.current?.getView();T&&plugins.setSuggestionMode(Dt==="suggesting",T.state,T.dispatch,l);},[Dt,l]);let Xo=Zl.useCallback(T=>(le.push(T),T),[le]),Xn=Zl.useCallback(T=>{Xo(T),p?.(T);for(let V of N.current)try{V(T);}catch(te){console.error("contentChange subscriber threw:",te);}if(ec.current){let V=se.current?.getView();V&&qn(utils.collectHeadings(V.state.doc));}let L=se.current?.getView();L&&yo(L.state),Vt.current&&clearTimeout(Vt.current),Vt.current=setTimeout($o,300);},[p,Xo,$o]),{recomputeFloatingCommentBtn:fc}=xa({pagedEditorRef:se,scrollContainerRef:ro,editorContentRef:jo,isAddingCommentRef:at,setFloatingCommentBtn:_t,readOnly:Xe,isLoading:oe.isLoading,zoom:oe.zoom}),{handleSelectionChange:Zo}=Ca({getActiveEditorView:St,lastSelectionRef:ei,borderSpecRef:ri,theme:m,historyStateRef:Co,getCachedStyleResolver:Yo,setFloatingCommentBtn:_t,applySelectionDelta:Zl.useCallback(T=>Ue(L=>({...L,...T})),[]),recomputeFloatingCommentBtn:fc,onSelectionChange:s,selectionChangeSubscribersRef:Ce}),ui=chunk3LJETQ4X_js.e({document:le.state,onChange:Xn,onSelectionChange:T=>{}});Fi({pagedEditorRef:se,disableFindReplaceShortcuts:v,showFileOpen:h,onOpenDocument:di,findReplace:So,hyperlinkDialog:qo,tableSelection:ui});let gc=Zl.useCallback(()=>{ti(T=>{if(!T){let L=se.current?.getView();L&&qn(utils.collectHeadings(L.state.doc));}return !T});},[]),hc=Zl.useCallback(T=>{se.current?.scrollToPosition(T),se.current?.setSelection(T+1),se.current?.focus();},[]),{imagePositionOpen:bc,setImagePositionOpen:yc,imagePropsOpen:vc,setImagePropsOpen:Cc,footnotePropsOpen:Sc,setFootnotePropsOpen:xc,handleImageWrapType:Rc,handleImageTransform:Pc,handleApplyImagePosition:Tc,handleOpenImageProperties:pi,handleApplyImageProperties:wc,handleApplyFootnoteProperties:Ec}=Xi({document:le.state,pmImageContext:oe.pmImageContext,zoom:oe.zoom,getActiveEditorView:St,focusActiveEditor:Ut,pushDocument:Xo}),{tablePropsOpen:Ic,setTablePropsOpen:kc,splitCellDialogState:Mc,openSplitCellDialog:Dc,handleTableAction:Hc,handleSplitCellDialogClose:Fc,handleSplitCellDialogApply:Lc}=oa({getActiveEditorView:St,focusActiveEditor:Ut,tableSelection:ui,borderSpecRef:ri,historyStateRef:Co,getCachedStyleResolver:Yo}),{handleFormat:Ac,handleInsertTable:Oc,handleInsertPageBreak:Bc,handleInsertSectionBreakNextPage:Nc,handleInsertSectionBreakContinuous:zc,handleInsertTOC:_c}=qi({getActiveEditorView:St,focusActiveEditor:Ut,pagedEditorRef:se,lastSelectionRef:ei,hyperlinkDialog:qo,historyStateRef:Co,getCachedStyleResolver:Yo}),Vc=Zl.useCallback(T=>{Ue(L=>({...L,zoom:T}));},[]),{hyperlinkPopupData:Wc,handleHyperlinkSubmit:Uc,handleHyperlinkRemove:$c,handleHyperlinkClick:Kc,handleHyperlinkPopupNavigate:Gc,handleHyperlinkPopupCopy:jc,handleHyperlinkPopupEdit:Yc,handleHyperlinkPopupRemove:qc,handleHyperlinkPopupClose:Xc}=Ui({hyperlinkDialog:qo,getActiveEditorView:St,focusActiveEditor:Ut}),{contextMenu:Zc,imageContextMenu:Qc,handleEditorContextMenu:Jc,handleContextMenu:ed,handleContextMenuClose:td,handleImageWrapApply:od,imageContextMenuTextActions:nd,contextMenuItems:rd,handleContextMenuAction:id}=ga({getActiveEditorView:St,focusActiveEditor:Ut,openSplitCellDialog:Dc,scrollContainerRef:ro,editorContentRef:jo,i18n:Pe,onAddComment:Zl.useCallback(({from:T,to:L,yPos:V})=>{Mt({from:T,to:L}),ut(V),Ee(true),it(true),_t(null);},[])}),{showPageSetup:ad,setShowPageSetup:sd,handleOpenPageSetup:ld,handleLeftMarginChange:cd,handleRightMarginChange:dd,handleTopMarginChange:ud,handleBottomMarginChange:pd,handlePageSetupApply:md,handleIndentLeftChange:fd,handleIndentRightChange:gd,handleFirstLineIndentChange:hd,handleTabStopRemove:bd}=Ni({document:le.state,readOnly:Xe,handleDocumentChange:Xn,getActiveEditorView:St}),{showWatermark:yd,setShowWatermark:vd,handleOpenWatermark:Cd,currentWatermark:Sd,handleWatermarkApply:xd}=_i({readOnly:Xe,getBodyEditorView:()=>se.current?.getView()}),{scrollPageInfo:mi,setScrollPageInfo:Rd}=Pa({scrollContainerRef:ro,pagedEditorRef:se}),Pd=Zl.useCallback(T=>{d?.(T);},[d]),{findResultRef:Td,handleFind:wd,handleFindNext:Ed,handleFindPrevious:Id,handleReplace:kd,handleReplaceAll:Md}=Gi({pagedEditorRef:se,findReplace:So});Qi({ref:Be,document:le.state,historyStateRef:Co,pagedEditorRef:se,handleSave:cc,handleDirectPrint:ci,zoom:oe.zoom,setZoom:T=>Ue(L=>({...L,zoom:T})),scrollPageInfo:mi,loadParsedDocument:ac,loadBuffer:li,comments:je,getComments:We,setComments:ge,setShowCommentsSidebar:Ee,contentChangeSubscribersRef:N,selectionChangeSubscribersRef:Ce,getCachedStyleResolver:Yo,commentIdAllocator:xo.current});let Zn=Zl.useMemo(()=>ua(le.state),[le.state]),fi=le.state?.package.document?.finalSectionProperties,{headerContent:Dd,footerContent:Hd,firstPageHeaderContent:Fd,firstPageFooterContent:Ld,handleHeaderFooterDoubleClick:Ad,handleHeaderFooterSave:Od,handleBodyClick:Bd,handleRemoveHeaderFooter:Nd,getHfTargetElement:zd}=na({document:le.state,pushDocument:Xo,hfEditorRef:pt,containerRef:Go,initialSectionProperties:Zn,finalSectionProperties:fi,hfEditPosition:q,setHfEditPosition:Z,hfEditIsFirstPage:Se,setHfEditIsFirstPage:Te}),Qo={display:"flex",flexDirection:"column",height:"100%",width:"100%",backgroundColor:"var(--doc-bg)",...k},_d={display:"flex",flex:1,minHeight:0,minWidth:0,flexDirection:"row"},tt=Zl.useRef({});tt.current={onCommentReply:(T,L)=>{let V=commentOps.createComment(xo.current,L,l,T),te=je.find(he=>he.id===T);ge(he=>[...he,V]),te&&O?.(V,te);},onCommentResolve:T=>{let L=je.find(V=>V.id===T);ge(V=>V.map(te=>te.id===T?{...te,done:true}:te)),et===`comment-${T}`&&Ve(null),L&&De?.({...L,done:true});},onCommentUnresolve:T=>{let L=je.find(V=>V.id===T);ge(V=>V.map(te=>te.id===T?{...te,done:void 0}:te)),L&&we?.({...L,done:void 0});},onCommentDelete:T=>{let L=je.find(te=>te.id===T);ge(te=>te.filter(he=>he.id!==T&&he.parentId!==T));let V=se.current?.getView();if(V){let te=V.state.schema.marks.comment?.create({commentId:T});if(te){let he=V.state.tr.removeMark(0,V.state.doc.content.size,te);he.docChanged&&V.dispatch(he);}}L&&D?.(L);},onAddComment:T=>{let L=commentOps.createComment(xo.current,T,l),V=se.current?.getView();if(V&&to){let{from:te,to:he}=to,Ke=V.state.schema.marks.comment.create({commentId:commentIdAllocator.PENDING_COMMENT_ID}),Ae=V.state.schema.marks.comment.create({commentId:L.id}),Lt=V.state.tr.removeMark(te,he,Ke).addMark(te,he,Ae);V.dispatch(Lt);}ge(te=>[...te,L]),it(false),Mt(null),ut(null),fe?.(L);},onCancelAddComment:()=>{let T=se.current?.getView();if(T&&to){let{from:L,to:V}=to,te=T.state.schema.marks.comment.create({commentId:commentIdAllocator.PENDING_COMMENT_ID});T.dispatch(T.state.tr.removeMark(L,V,te));}it(false),Mt(null),ut(null);},onAcceptChange:(T,L)=>{let V=se.current?.getView();V&&commands.acceptChange(T,L)(V.state,V.dispatch);},onRejectChange:(T,L)=>{let V=se.current?.getView();V&&commands.rejectChange(T,L)(V.state,V.dispatch);},onAcceptChangeById:T=>{let L=se.current?.getHfPmViews?.(),V=null;if(L)for(let he of L.values()){let{entries:Ke}=chunk3LJETQ4X_js.c(he.state);if(Ke.some(Ae=>Ae.revisionId===T||Ae.insertionRevisionId===T||Ae.coalescedRevisionIds?.includes(T))){V=he;break}}let te=V||se.current?.getView();te&&(commands.acceptChangeById(T)(te.state,te.dispatch),V&&vo(he=>he+1));},onRejectChangeById:T=>{let L=se.current?.getHfPmViews?.(),V=null;if(L)for(let he of L.values()){let{entries:Ke}=chunk3LJETQ4X_js.c(he.state);if(Ke.some(Ae=>Ae.revisionId===T||Ae.insertionRevisionId===T||Ae.coalescedRevisionIds?.includes(T))){V=he;break}}let te=V||se.current?.getView();te&&(commands.rejectChangeById(T)(te.state,te.dispatch),V&&vo(he=>he+1));},onTrackedChangeReply:(T,L)=>{ge(V=>[...V,commentOps.createComment(xo.current,L,l,T)]);}};let Vd=Zl.useMemo(()=>({onCommentReply:(...T)=>tt.current.onCommentReply?.(...T),onCommentResolve:(...T)=>tt.current.onCommentResolve?.(...T),onCommentUnresolve:(...T)=>tt.current.onCommentUnresolve?.(...T),onCommentDelete:(...T)=>tt.current.onCommentDelete?.(...T),onAddComment:(...T)=>tt.current.onAddComment?.(...T),onCancelAddComment:(...T)=>tt.current.onCancelAddComment?.(...T),onAcceptChange:(...T)=>tt.current.onAcceptChange?.(...T),onRejectChange:(...T)=>tt.current.onRejectChange?.(...T),onAcceptChangeById:(...T)=>tt.current.onAcceptChangeById?.(...T),onRejectChangeById:(...T)=>tt.current.onRejectChangeById?.(...T),onTrackedChangeReply:(...T)=>tt.current.onTrackedChangeReply?.(...T)}),[]),$t=Ul({comments:je,trackedChanges:Wt,callbacks:Vd,showResolved:ve,isAddingComment:ve?Ie:false,addCommentYPosition:_n}),gi=Zl.useMemo(()=>{let T=[];return ve&&T.push(...$t),X&&T.push(...X),T},[ve,$t,X]),Qn=Zl.useMemo(()=>{let T=new Map;return Wt.forEach((L,V)=>{L.type==="replacement"&&L.insertionRevisionId!=null&&T.set(String(L.insertionRevisionId),`tc-${L.revisionId}-${V}`);}),T},[Wt]),Jn=gi.length>0,Wd=(Yn?Il:M?kl:20)+(S&&(Yn||M)?Qt:0),er=le.state?.package?.document,hi=[er?.finalSectionProperties?.pageWidth,...er?.sections?.map(T=>T.properties?.pageWidth)??[]].filter(T=>typeof T=="number"&&T>0),Ud=hi.length?Math.round(Math.max(...hi)/15):816,$d=2*Wd+Ud+(Jn?sidebarConstants.SIDEBAR_DOCUMENT_SHIFT*2:0),bi=er?.finalSectionProperties?.pageWidth,Kd=bi?Math.round(bi/15):816,Ft=Zl.useMemo(()=>{let T=new Set;for(let L of je)L.done&&L.parentId==null&&T.add(L.id);return T},[je]),Gd=Zl.useCallback(()=>{let T=se.current?.getView();if(!T){Zo(null);return}let L=prosemirror.extractSelectionState(T.state);Zo(L);let V=T.state.selection.$from,te=[...T.state.storedMarks??[],...V.nodeAfter?.marks??[],...V.nodeBefore?.marks??[],...V.marks()],he=null;for(let Ke of te){if(Ke.type.name==="comment"&&Ke.attrs.commentId!=null){let Ae=Ke.attrs.commentId;if(Ft.has(Ae))continue;he=`comment-${Ae}`;break}if((Ke.type.name==="insertion"||Ke.type.name==="deletion")&&Ke.attrs.revisionId!=null){let Ae=String(Ke.attrs.revisionId),Lt=`tc-${Ae}-`,io=$t.find(Jo=>Jo.id.startsWith(Lt));if(!io&&Qn){let Jo=Qn.get(Ae);Jo&&(io=$t.find(qd=>qd.id===Jo));}if(io){he=io.id;break}}}he&&Ee(true),Ve(he);},[Zo,Ft,$t,Qn]);Zl.useEffect(()=>{Le.current||$t.length!==0&&(Le.current=true,Ee(true));},[$t]);let jd=Zl.useMemo(()=>{if(!et?.startsWith("comment-"))return Ft;let T=parseInt(et.slice(8),10);if(isNaN(T)||!Ft.has(T))return Ft;let L=new Set(Ft);return L.delete(T),L},[Ft,et]),Yd={flex:1,minHeight:0,minWidth:0,overflow:"auto",position:"relative",overflowAnchor:"none"};return oe.isLoading?jsxRuntime.jsx("div",{className:chunkU7YE3IJN_js.a("docx-editor-root docx-editor docx-editor-loading",Q&&"dark",P),style:Qo,"data-testid":"docx-editor",children:E||jsxRuntime.jsx($l,{})}):oe.parseError?jsxRuntime.jsx("div",{className:chunkU7YE3IJN_js.a("docx-editor-root docx-editor docx-editor-error",Q&&"dark",P),style:Qo,"data-testid":"docx-editor",children:jsxRuntime.jsx(Gl,{message:oe.parseError})}):le.state?jsxRuntime.jsx(Ll,{i18n:Pe,isDark:Q,onEditorError:Pd,containerRef:Go,scrollContainerRef:ro,editorContentRef:jo,className:P,containerStyle:Qo,mainContentStyle:_d,editorContainerStyle:Yd,showRuler:S,readOnlyProp:x,showOutline:Yn,showOutlineButton:M,sidebarOpen:Jn,minLayoutWidth:$d,toolbarHeight:oi,editorScrollLeft:ni,expandedSidebarItem:et,trackedChanges:Wt,onScrollContainerMouseDown:T=>{let L=T.target;L.closest(".paged-editor__pages")||L.closest(".docx-unified-sidebar")||L.closest(".docx-comment-margin-markers")||Ve(null);},onEditorBgMouseDown:T=>{T.target===T.currentTarget&&(T.preventDefault(),se.current?.focus());},onEditorContextMenu:Jc,horizontalRulerProps:{sectionProps:le.state?.package.document?.finalSectionProperties,zoom:oe.zoom,unit:c,editable:!Xe,onLeftMarginChange:cd,onRightMarginChange:dd,indentLeft:oe.paragraphIndentLeft,indentRight:oe.paragraphIndentRight,onIndentLeftChange:fd,onIndentRightChange:gd,firstLineIndent:oe.paragraphFirstLineIndent,hangingIndent:oe.paragraphHangingIndent,onFirstLineIndentChange:hd,tabStops:oe.paragraphTabs,onTabStopRemove:bd},verticalRulerProps:{sectionProps:Zn,zoom:oe.zoom,unit:c,editable:!Xe,onTopMarginChange:ud,onBottomMarginChange:pd},outlineProps:{headings:tc,onHeadingClick:hc,onClose:()=>ti(false),topOffset:oi,scrollLeft:ni},onToggleOutline:gc,scrollPageInfo:mi,toolbar:f&&!x?jsxRuntime.jsx(Da,{toolbarRefCallback:oc,document:le.state,theme:m,pmState:oo,selectionFormatting:oe.selectionFormatting,tableContext:oe.pmTableContext,imageContext:oe.pmImageContext,readOnly:Xe,editingMode:Dt,setEditingMode:jn,setShowCommentsSidebar:Ee,setExpandedSidebarItem:Ve,showCommentsSidebar:ve,renderLogo:be,documentName:Re,onDocumentNameChange:ze,documentNameEditable:He,renderTitleBarRight:_e,toolbarExtra:C,fontFamilies:H,documentFonts:Ql,zoom:oe.zoom,showZoomControl:g,onFormat:Ac,onUndo:nc,onRedo:rc,onPrint:ci,showFileOpen:h,showHelpMenu:r,onOpen:di,onSave:dc,onZoomChange:Vc,onRefocusEditor:Ut,onInsertTable:Oc,onInsertImage:pc,onInsertPageBreak:Bc,onInsertSectionBreakNextPage:Nc,onInsertSectionBreakContinuous:zc,onInsertTOC:_c,onImageWrapType:Rc,onImageTransform:Pc,onOpenImageProperties:pi,onPageSetup:ld,onWatermark:Cd,onTableAction:Hc}):null,pagedArea:jsxRuntime.jsxs(jsxRuntime.Fragment,{children:[jsxRuntime.jsx(ml,{pagedEditorRef:se,hfEditorRef:pt,scrollContainerRef:ro,editorContentRef:jo,document:le.state,theme:m,initialSectionProperties:Zn,finalSectionProperties:fi,headerContent:Dd,footerContent:Hd,firstPageHeaderContent:Fd,firstPageFooterContent:Ld,hfEditPosition:q,setHfEditPosition:Z,hfEditIsFirstPage:Se,onHeaderFooterDoubleClick:Ad,onHeaderFooterSave:Od,onRemoveHeaderFooter:Nd,onBodyClick:Bd,getHfTargetElement:zd,zoom:oe.zoom,readOnly:Xe,isSuggesting:Dt==="suggesting",author:l,onHfTransaction:(T,L,V)=>{V&&vo(te=>te+1);},extensionManager:ne,externalPlugins:Ht,onDocumentChange:Xn,onSelectionChange:Zo,onPagedSelectionChange:Gd,onReady:T=>{let L=T.getView();L&&yo(L.state);},onEditorViewReady:Y,onRenderedDomContextReady:pe,pluginOverlays:ae,onHyperlinkClick:Kc,hyperlinkPopupData:Wc,onHyperlinkPopupNavigate:Gc,onHyperlinkPopupCopy:jc,onHyperlinkPopupEdit:Yc,onHyperlinkPopupRemove:qc,onHyperlinkPopupClose:Xc,onContextMenu:ed,sidebarOpen:Jn,sidebarItems:gi,anchorPositions:$n,onAnchorPositionsChange:Ko,pluginRenderedDomContext:me,pageWidthPx:Kd,expandedSidebarItem:et,setExpandedSidebarItem:Ve,comments:je,resolvedCommentIds:Ft,resolvedIdsForRender:jd,setShowCommentsSidebar:Ee,onTotalPagesChange:T=>{Rd(L=>L.totalPages===T?L:{...L,totalPages:T});},floatingCommentBtn:Vn,isAddingComment:Ie,setCommentSelectionRange:Mt,setAddCommentYPosition:ut,setIsAddingComment:it,setFloatingCommentBtn:_t}),!Xe&&jsxRuntime.jsx(hl,{containerRef:Go,getView:()=>se.current?.getView()??null})]}),overlays:jsxRuntime.jsx(Ta,{contextMenu:Zc,contextMenuItems:rd,onContextMenuAction:id,onContextMenuClose:td,imageContextMenu:Qc,onImageWrapApply:od,imageContextMenuTextActions:nd,onOpenImageProperties:pi,readOnly:Xe}),dialogs:jsxRuntime.jsx(wa,{findReplace:So,findResultRef:Td,onFind:wd,onFindNext:Ed,onFindPrevious:Id,onReplace:kd,onReplaceAll:Md,hyperlinkDialog:qo,onHyperlinkSubmit:Uc,onHyperlinkRemove:$c,tablePropsOpen:Ic,onTablePropsClose:()=>kc(false),pmTableContext:oe.pmTableContext,getActiveEditorView:St,splitCellDialogState:Mc,onSplitCellDialogClose:Fc,onSplitCellDialogApply:Lc,imagePositionOpen:bc,onImagePositionClose:()=>yc(false),onApplyImagePosition:Tc,imagePropsOpen:vc,onImagePropsClose:()=>Cc(false),onApplyImageProperties:wc,pmImageContext:oe.pmImageContext,showPageSetup:ad,onPageSetupClose:()=>sd(false),onPageSetupApply:md,showWatermark:yd,onWatermarkClose:()=>vd(false),onWatermarkApply:xd,currentWatermark:Sd,watermarkPresets:A,document:le.state,footnotePropsOpen:Sc,onFootnotePropsClose:()=>xc(false),onApplyFootnoteProperties:Ec}),fileInputs:jsxRuntime.jsxs(jsxRuntime.Fragment,{children:[jsxRuntime.jsx("input",{ref:sc,type:"file",accept:"image/*",style:{display:"none"},"aria-label":Fe("dialogs.insertImage.uploadAriaLabel"),onChange:mc}),jsxRuntime.jsx("input",{ref:lc,type:"file",accept:".docx,application/vnd.openxmlformats-officedocument.wordprocessingml.document",style:{display:"none"},"aria-label":Fe("toolbar.open"),onChange:uc})]})}):jsxRuntime.jsx("div",{className:chunkU7YE3IJN_js.a("docx-editor-root docx-editor docx-editor-empty",Q&&"dark",P),style:Qo,"data-testid":"docx-editor",children:I||jsxRuntime.jsx(Kl,{})})});function by(e,t,o={}){return new Promise((n,i)=>{let l=Zl__default.default.createRef(),p=null;try{p=client.createRoot(t);}catch(a){i(a);return}let s={save:async()=>{let a=await(l.current?.save()??Promise.resolve(null));return a?new Blob([a],{type:"application/vnd.openxmlformats-officedocument.wordprocessingml.document"}):null},getDocument:()=>l.current?.getDocument()??null,focus:()=>l.current?.focus(),setZoom:a=>l.current?.setZoom(a),scrollToParaId:(a,m)=>l.current?.scrollToParaId(a,m)??false,scrollToPosition:a=>l.current?.scrollToPosition(a),destroy:()=>{p?.unmount(),p=null;}},d=false,u=Zl__default.default.createElement(Jr,{...o,documentBuffer:e,onError:a=>{o.onError?.(a),d||(d=true,i(a));},onChange:a=>{o.onChange?.(a),d||(d=true,n(s));},ref:l});p.render(u);})}var FE="0.0.2";Object.defineProperty(exports,"LocaleProvider",{enumerable:true,get:function(){return chunk7JQV5Q34_js.a}});Object.defineProperty(exports,"useTranslation",{enumerable:true,get:function(){return chunk7JQV5Q34_js.b}});Object.defineProperty(exports,"createDocumentWithText",{enumerable:true,get:function(){return docxEditorCore.createDocumentWithText}});Object.defineProperty(exports,"createEmptyDocument",{enumerable:true,get:function(){return docxEditorCore.createEmptyDocument}});exports.DocxEditor=Jr;exports.VERSION=FE;exports.renderAsync=by;
  operator: 'match'
  stack: |-
    TestContext.<anonymous> (file:///app/tests/docx-space-input-routing.test.mjs:34:12)
    async Test.run (node:internal/test_runner/test:1054:7)
    async Test.processPendingSubtests (node:internal/test_runner/test:744:7)
  ...
# Subtest: DOCX space routes emit bounded, text-free diagnostics
ok 267 - DOCX space routes emit bounded, text-free diagnostics
  ---
  duration_ms: 7.268937
  type: 'test'
  ...
# Subtest: parseStableLocation parses body locations correctly
ok 268 - parseStableLocation parses body locations correctly
  ---
  duration_ms: 29.128501
  type: 'test'
  ...
# Subtest: parseStableLocation parses header locations correctly
ok 269 - parseStableLocation parses header locations correctly
  ---
  duration_ms: 14.215675
  type: 'test'
  ...
# Subtest: parseStableLocation parses footer locations correctly
ok 270 - parseStableLocation parses footer locations correctly
  ---
  duration_ms: 7.432508
  type: 'test'
  ...
# Subtest: parseStableLocation parses footnote and endnote locations correctly
ok 271 - parseStableLocation parses footnote and endnote locations correctly
  ---
  duration_ms: 6.885712
  type: 'test'
  ...
# Subtest: parseStableLocation returns null for invalid IDs
ok 272 - parseStableLocation returns null for invalid IDs
  ---
  duration_ms: 5.830934
  type: 'test'
  ...
# Subtest: location builders construct correct IDs
ok 273 - location builders construct correct IDs
  ---
  duration_ms: 7.600706
  type: 'test'
  ...
# Subtest: extractDocxText includes document text, tabs, line breaks, and entities
ok 274 - extractDocxText includes document text, tabs, line breaks, and entities
  ---
  duration_ms: 113.006349
  type: 'test'
  ...
# Subtest: findHiddenDocxText reports hidden and near-white suspicious text
ok 275 - findHiddenDocxText reports hidden and near-white suspicious text
  ---
  duration_ms: 84.32146
  type: 'test'
  ...
# Subtest: findHiddenDocxText applies document default run properties
ok 276 - findHiddenDocxText applies document default run properties
  ---
  duration_ms: 5.214006
  type: 'test'
  ...
# Subtest: ensureDocxDefaultStyles adds default paragraph styles to style-less DOCX files
ok 277 - ensureDocxDefaultStyles adds default paragraph styles to style-less DOCX files
  ---
  duration_ms: 103.215256
  type: 'test'
  ...
# Subtest: ensureDocxDefaultStyles fills missing built-in paragraph styles
ok 278 - ensureDocxDefaultStyles fills missing built-in paragraph styles
  ---
  duration_ms: 10.139106
  type: 'test'
  ...
# Subtest: ensureDocxDefaultStyles leaves complete style packages untouched
ok 279 - ensureDocxDefaultStyles leaves complete style packages untouched
  ---
  duration_ms: 8.349878
  type: 'test'
  ...
# Subtest: hasReviewMarkup detects tracked changes outside the main document body
ok 280 - hasReviewMarkup detects tracked changes outside the main document body
  ---
  duration_ms: 90.594638
  type: 'test'
  ...
# Subtest: hasReviewMarkup ignores ordinary DOCX text parts
ok 281 - hasReviewMarkup ignores ordinary DOCX text parts
  ---
  duration_ms: 3.127852
  type: 'test'
  ...
# [Native PowerPoint Doc Editor] embed: Could not register DOCX file embed extension Error: Simulated registration failure
#     at Object.registerExtension (file:///app/tests/docx-support.test.mjs:188:17)
#     at registerDocxFileEmbed (/tmp/native-powerpoint-tests-wID6Ng/docx-embed-loader.cjs:351:16)
#     at TestContext.<anonymous> (file:///app/tests/docx-support.test.mjs:195:18)
#     at process.processTicksAndRejections (node:internal/process/task_queues:103:5)
#     at async Test.run (node:internal/test_runner/test:1054:7)
#     at async Test.processPendingSubtests (node:internal/test_runner/test:744:7)
# Subtest: registerDocxFileEmbed logs error and returns false on exception during registration
ok 282 - registerDocxFileEmbed logs error and returns false on exception during registration
  ---
  duration_ms: 12.441331
  type: 'test'
  ...
# Subtest: DOCX table font-size fixture keeps 24 pt direct cell-run formatting
ok 283 - DOCX table font-size fixture keeps 24 pt direct cell-run formatting
  ---
  duration_ms: 14.480231
  type: 'test'
  ...
# Subtest: preserveDocxTableCellFontSizes restores lost direct table-cell font sizes
ok 284 - preserveDocxTableCellFontSizes restores lost direct table-cell font sizes
  ---
  duration_ms: 206.858957
  type: 'test'
  ...
# Subtest: preserveDocxTableCellFontSizes leaves explicit new table-cell font sizes alone
ok 285 - preserveDocxTableCellFontSizes leaves explicit new table-cell font sizes alone
  ---
  duration_ms: 29.458072
  type: 'test'
  ...
# Subtest: toolbar focus retains a selected text range
ok 286 - toolbar focus retains a selected text range
  ---
  duration_ms: 25.995336
  type: 'test'
  ...
# Subtest: editor navigation clears a stale text range before an empty paragraph is formatted
ok 287 - editor navigation clears a stale text range before an empty paragraph is formatted
  ---
  duration_ms: 5.436259
  type: 'test'
  ...
# Subtest: hidden editor keyboard navigation clears a stale text range
ok 288 - hidden editor keyboard navigation clears a stale text range
  ---
  duration_ms: 8.559506
  type: 'test'
  ...
# Subtest: portaled font choices apply only to the active DOCX leaf
ok 289 - portaled font choices apply only to the active DOCX leaf
  ---
  duration_ms: 4.467572
  type: 'test'
  ...
# Subtest: empty-paragraph font changes preserve existing default marks
ok 290 - empty-paragraph font changes preserve existing default marks
  ---
  duration_ms: 4.062419
  type: 'test'
  ...
# Subtest: tooltip text contract uses data-tooltip, aria-label, then title
ok 291 - tooltip text contract uses data-tooltip, aria-label, then title
  ---
  duration_ms: 37.930879
  type: 'test'
  ...
# Subtest: native title is suspended and restored while still resolving tooltip text
ok 292 - native title is suspended and restored while still resolving tooltip text
  ---
  duration_ms: 0.496918
  type: 'test'
  ...
# Subtest: controller keeps one tooltip and switches targets with title restoration
ok 293 - controller keeps one tooltip and switches targets with title restoration
  ---
  duration_ms: 12.131819
  type: 'test'
  ...
# Subtest: moving between an icon and parent button does not restart the timer
ok 294 - moving between an icon and parent button does not restart the timer
  ---
  duration_ms: 0.660314
  type: 'test'
  ...
# Subtest: scroll, resize, blur, and detach remove active tooltip
ok 295 - scroll, resize, blur, and detach remove active tooltip
  ---
  duration_ms: 1.426359
  type: 'test'
  ...
# Subtest: positioning clamps left and right viewport edges
ok 296 - positioning clamps left and right viewport edges
  ---
  duration_ms: 0.46269
  type: 'test'
  ...
# Subtest: DOCX resolver matches toolbar controls but not links, menus, or popovers
ok 297 - DOCX resolver matches toolbar controls but not links, menus, or popovers
  ---
  duration_ms: 1.641672
  type: 'test'
  ...
# Subtest: DOCX tooltip metadata sync leaves formatting labels alone
ok 298 - DOCX tooltip metadata sync leaves formatting labels alone
  ---
  duration_ms: 0.65473
  type: 'test'
  ...
# Subtest: DOCX suppression hides inline vendor toolbar tooltips without touching body portals
ok 299 - DOCX suppression hides inline vendor toolbar tooltips without touching body portals
  ---
  duration_ms: 0.984953
  type: 'test'
  ...
# Subtest: DOCX toolbar tooltip manager is scoped and singleton per editor root
ok 300 - DOCX toolbar tooltip manager is scoped and singleton per editor root
  ---
  duration_ms: 2.665065
  type: 'test'
  ...
# Subtest: PowerPoint resolver matches toolbar controls but not popovers
ok 301 - PowerPoint resolver matches toolbar controls but not popovers
  ---
  duration_ms: 10.321102
  type: 'test'
  ...
# Subtest: tooltip CSS keeps the same dark palette and semantic vendor marker
ok 302 - tooltip CSS keeps the same dark palette and semantic vendor marker
  ---
  duration_ms: 4.342363
  type: 'test'
  ...
# Subtest: selectDocxViewForPath prefers the active matching duplicate view
ok 303 - selectDocxViewForPath prefers the active matching duplicate view
  ---
  duration_ms: 21.394222
  type: 'test'
  ...
# Subtest: selectDocxViewForPath falls back to the first matching view
ok 304 - selectDocxViewForPath falls back to the first matching view
  ---
  duration_ms: 0.43676
  type: 'test'
  ...
# Subtest: decodeDocxXmlEntities decodes standard XML entities
ok 305 - decodeDocxXmlEntities decodes standard XML entities
  ---
  duration_ms: 1.345961
  type: 'test'
  ...
# Subtest: decodeDocxXmlEntities decodes decimal code points
ok 306 - decodeDocxXmlEntities decodes decimal code points
  ---
  duration_ms: 0.568698
  type: 'test'
  ...
# Subtest: decodeDocxXmlEntities decodes hex code points
ok 307 - decodeDocxXmlEntities decodes hex code points
  ---
  duration_ms: 0.398271
  type: 'test'
  ...
# Subtest: decodeDocxXmlEntities ignores invalid entities or leaves them unchanged
ok 308 - decodeDocxXmlEntities ignores invalid entities or leaves them unchanged
  ---
  duration_ms: 0.173748
  type: 'test'
  ...
# Subtest: decodeDocxXmlEntities handles mixed content
ok 309 - decodeDocxXmlEntities handles mixed content
  ---
  duration_ms: 0.197737
  type: 'test'
  ...
# Subtest: decodeDocxXmlEntities returns original string if no entities
ok 310 - decodeDocxXmlEntities returns original string if no entities
  ---
  duration_ms: 0.147487
  type: 'test'
  ...
# Subtest: decodeDocxXmlEntities handles invalid high code points gracefully
ok 311 - decodeDocxXmlEntities handles invalid high code points gracefully
  ---
  duration_ms: 0.616156
  type: 'test'
  ...
# Subtest: edited text bodies default to shrink-to-fit only when no auto-fit mode is explicit
ok 312 - edited text bodies default to shrink-to-fit only when no auto-fit mode is explicit
  ---
  duration_ms: 44.312966
  type: 'test'
  ...
# Subtest: text boxes get spAutoFit instead of shrink-to-fit, and legacy normAutofit is healed
ok 313 - text boxes get spAutoFit instead of shrink-to-fit, and legacy normAutofit is healed
  ---
  duration_ms: 1.902299
  type: 'test'
  ...
# Subtest: setDrawingText populates an empty template placeholder paragraph
ok 314 - setDrawingText populates an empty template placeholder paragraph
  ---
  duration_ms: 1.001847
  type: 'test'
  ...
# Subtest: setDrawingParagraphText populates an empty paragraph while retaining its paragraph structure
ok 315 - setDrawingParagraphText populates an empty paragraph while retaining its paragraph structure
  ---
  duration_ms: 2.278401
  type: 'test'
  ...
# Subtest: setDrawingParagraphText keeps existing run fonts when inline text changes
ok 316 - setDrawingParagraphText keeps existing run fonts when inline text changes
  ---
  duration_ms: 1.750725
  type: 'test'
  ...
# Subtest: removeEmptyDrawingParagraphBefore removes only a structurally empty predecessor
ok 317 - removeEmptyDrawingParagraphBefore removes only a structurally empty predecessor
  ---
  duration_ms: 1.112273
  type: 'test'
  ...
# Subtest: removeEmptyDrawingParagraphBefore keeps a soft break and non-empty text
ok 318 - removeEmptyDrawingParagraphBefore keeps a soft break and non-empty text
  ---
  duration_ms: 1.085914
  type: 'test'
  ...
# Subtest: mergeDrawingParagraphWithPrevious joins non-empty paragraphs without flattening their runs
ok 319 - mergeDrawingParagraphWithPrevious joins non-empty paragraphs without flattening their runs
  ---
  duration_ms: 1.208888
  type: 'test'
  ...
# Subtest: deleteDrawingTextRanges joins a cross-paragraph selection without flattening run formatting
ok 320 - deleteDrawingTextRanges joins a cross-paragraph selection without flattening run formatting
  ---
  duration_ms: 2.700486
  type: 'test'
  ...
# Subtest: replaceDrawingParagraphs does not inherit heading bold onto later body paragraphs
ok 321 - replaceDrawingParagraphs does not inherit heading bold onto later body paragraphs
  ---
  duration_ms: 3.632839
  type: 'test'
  ...
# Subtest: Enter at end of ZWSP-only paragraph keeps styled anchor on source
ok 322 - Enter at end of ZWSP-only paragraph keeps styled anchor on source
  ---
  duration_ms: 1.803159
  type: 'test'
  ...
# Subtest: Enter at EOF seeds empty suffix from caret run, not first run
ok 323 - Enter at EOF seeds empty suffix from caret run, not first run
  ---
  duration_ms: 2.145128
  type: 'test'
  ...
# Subtest: font summary includes ea and endParaRPr typefaces
ok 324 - font summary includes ea and endParaRPr typefaces
  ---
  duration_ms: 0.980399
  type: 'test'
  ...
# Subtest: font summary reads rPr typeface attribute and pPr/defRPr
ok 325 - font summary reads rPr typeface attribute and pPr/defRPr
  ---
  duration_ms: 1.547662
  type: 'test'
  ...
# Subtest: DEFAULT_SETTINGS does not define editorLanguage
ok 326 - DEFAULT_SETTINGS does not define editorLanguage
  ---
  duration_ms: 31.740863
  type: 'test'
  ...
# Subtest: mergeNativePowerPointDocEditorSettings drops legacy editorLanguage
ok 327 - mergeNativePowerPointDocEditorSettings drops legacy editorLanguage
  ---
  duration_ms: 19.983769
  type: 'test'
  ...
# Subtest: resolveAutomaticLocale matches exact, base, then English
ok 328 - resolveAutomaticLocale matches exact, base, then English
  ---
  duration_ms: 8.15582
  type: 'test'
  ...
# Subtest: DOCX editor language stays automatic even when plugin UI falls back
ok 329 - DOCX editor language stays automatic even when plugin UI falls back
  ---
  duration_ms: 1121.112801
  type: 'test'
  ...
# Subtest: electronMainEnv strips only the Node-mode Electron flag
ok 330 - electronMainEnv strips only the Node-mode Electron flag
  ---
  duration_ms: 1.213835
  type: 'test'
  ...
# Subtest: Backspace engine mutation removes an empty predecessor and preserves the current paragraph
ok 331 - Backspace engine mutation removes an empty predecessor and preserves the current paragraph
  ---
  duration_ms: 826.003317
  type: 'test'
  ...
# Subtest: wrapMatchIndex handles empty or zero match counts
ok 332 - wrapMatchIndex handles empty or zero match counts
  ---
  duration_ms: 23.707732
  type: 'test'
  ...
# Subtest: wrapMatchIndex wraps correctly in forward and backward directions
ok 333 - wrapMatchIndex wraps correctly in forward and backward directions
  ---
  duration_ms: 0.593871
  type: 'test'
  ...
# Subtest: formatFindResultStatus formats search status labels correctly
ok 334 - formatFindResultStatus formats search status labels correctly
  ---
  duration_ms: 0.307749
  type: 'test'
  ...
# Subtest: splitCssFontFamilies
ok 335 - splitCssFontFamilies
  ---
  duration_ms: 27.932494
  type: 'test'
  ...
# Subtest: FontFidelity constructor options
ok 336 - FontFidelity constructor options
  ---
  duration_ms: 0.604838
  type: 'test'
  ...
# Subtest: FontFidelity.prototype.measureText delegates to measureTextFn and safely fallbacks
ok 337 - FontFidelity.prototype.measureText delegates to measureTextFn and safely fallbacks
  ---
  duration_ms: 0.95215
  type: 'test'
  ...
# Subtest: FontFidelity.prototype.applySvgSubstitutions substitutes fonts and styles
ok 338 - FontFidelity.prototype.applySvgSubstitutions substitutes fonts and styles
  ---
  duration_ms: 16.416426
  type: 'test'
  ...
# Subtest: FontFidelity caches isFontAvailableFn results
ok 339 - FontFidelity caches isFontAvailableFn results
  ---
  duration_ms: 0.477594
  type: 'test'
  ...
# Subtest: AI capability generation is byte-stable when semantics are unchanged
ok 340 - AI capability generation is byte-stable when semantics are unchanged
  ---
  duration_ms: 288.264489
  type: 'test'
  ...
# Subtest: group move live-previews selected SVG shapes, not only selection outlines
ok 341 - group move live-previews selected SVG shapes, not only selection outlines
  ---
  duration_ms: 7.080127
  type: 'test'
  ...
# Subtest: heic-decode brand check needs Uint8Array not ArrayBuffer
ok 342 - heic-decode brand check needs Uint8Array not ArrayBuffer
  ---
  duration_ms: 2.028738
  type: 'test'
  ...
# Subtest: fitWithinMaxEdge downscales phone-sized HEIC rasters
ok 343 - fitWithinMaxEdge downscales phone-sized HEIC rasters
  ---
  duration_ms: 20.235137
  type: 'test'
  ...
# Subtest: looksLikeHeicBytes recognizes common HEIC/HEIF brands
ok 344 - looksLikeHeicBytes recognizes common HEIC/HEIF brands
  ---
  duration_ms: 13.697319
  type: 'test'
  ...
# Subtest: clipboard image helper prefers HEIC MIME types
ok 345 - clipboard image helper prefers HEIC MIME types
  ---
  duration_ms: 4.673791
  type: 'test'
  ...
# Subtest: mapEditorRangeToOoxml reproduces start/end semantics from aligned tiles
ok 346 - mapEditorRangeToOoxml reproduces start/end semantics from aligned tiles
  ---
  duration_ms: 3.085025
  type: 'test'
  ...
# Subtest: mapEditorRangeToOoxml matches the per-call mapper, tiling dropped spaces to one line
ok 347 - mapEditorRangeToOoxml matches the per-call mapper, tiling dropped spaces to one line
  ---
  duration_ms: 10.381722
  type: 'test'
  ...
# Subtest: alignRunTspansToOoxml: identity when no whitespace is dropped
ok 348 - alignRunTspansToOoxml: identity when no whitespace is dropped
  ---
  duration_ms: 0.366459
  type: 'test'
  ...
# Subtest: alignRunTspansToOoxml: dropped wrap space is absorbed into the preceding line's end
ok 349 - alignRunTspansToOoxml: dropped wrap space is absorbed into the preceding line's end
  ---
  duration_ms: 0.479424
  type: 'test'
  ...
# Subtest: alignRunTspansToOoxml: multiple wrapped lines tile the full OOXML text
ok 350 - alignRunTspansToOoxml: multiple wrapped lines tile the full OOXML text
  ---
  duration_ms: 0.381561
  type: 'test'
  ...
# Subtest: alignRunTspansToOoxml: empty paragraph reconciles
ok 351 - alignRunTspansToOoxml: empty paragraph reconciles
  ---
  duration_ms: 0.194841
  type: 'test'
  ...
# Subtest: trailing-gap mapping absorbs dropped wrap whitespace but never real characters
ok 352 - trailing-gap mapping absorbs dropped wrap whitespace but never real characters
  ---
  duration_ms: 0.459494
  type: 'test'
  ...
# Subtest: soft-break newlines are editor-only glyphs: split offsets skip them in OOXML run text
ok 353 - soft-break newlines are editor-only glyphs: split offsets skip them in OOXML run text
  ---
  duration_ms: 0.202017
  type: 'test'
  ...
# Subtest: empty editor vs ZWSP-only OOXML maps Enter to paragraph end (not offset 0)
ok 354 - empty editor vs ZWSP-only OOXML maps Enter to paragraph end (not offset 0)
  ---
  duration_ms: 0.497821
  type: 'test'
  ...
# Subtest: end-to-end: clearing the full editor selection removes every highlight (no residual)
ok 355 - end-to-end: clearing the full editor selection removes every highlight (no residual)
  ---
  duration_ms: 523.745164
  type: 'test'
  ...
# Subtest: end-to-end: clearing a wrapped sub-word clears exactly that word, not its neighbors
ok 356 - end-to-end: clearing a wrapped sub-word clears exactly that word, not its neighbors
  ---
  duration_ms: 194.114901
  type: 'test'
  ...
# Subtest: highlight fidelity: moving a highlighted shape preserves <a:highlight> (no renderer drop)
ok 357 - highlight fidelity: moving a highlighted shape preserves <a:highlight> (no renderer drop)
  ---
  duration_ms: 187.767062
  type: 'test'
  ...
# Subtest: highlight fidelity: adding a text box keeps the existing shape's <a:highlight>
ok 358 - highlight fidelity: adding a text box keeps the existing shape's <a:highlight>
  ---
  duration_ms: 158.999655
  type: 'test'
  ...
# Subtest: highlight fidelity: deleting a lower shape remaps the surviving highlight index
ok 359 - highlight fidelity: deleting a lower shape remaps the surviving highlight index
  ---
  duration_ms: 319.441819
  type: 'test'
  ...
# Subtest: highlight fidelity: duplicating a highlighted shape highlights the copy too
ok 360 - highlight fidelity: duplicating a highlighted shape highlights the copy too
  ---
  duration_ms: 328.514525
  type: 'test'
  ...
# Subtest: highlight fidelity: an OOXML edit after a shape move keeps the highlight (re-graft path)
ok 361 - highlight fidelity: an OOXML edit after a shape move keeps the highlight (re-graft path)
  ---
  duration_ms: 114.308599
  type: 'test'
  ...
# Subtest: run-property fidelity: a shape move preserves hyperlink, underline fill, and normalizeH
ok 362 - run-property fidelity: a shape move preserves hyperlink, underline fill, and normalizeH
  ---
  duration_ms: 117.62332
  type: 'test'
  ...
# Subtest: run-property fidelity: an OOXML edit after a move keeps dropped run properties (re-graft path)
ok 363 - run-property fidelity: an OOXML edit after a move keeps dropped run properties (re-graft path)
  ---
  duration_ms: 166.737626
  type: 'test'
  ...
# Subtest: single-slide edit path: text edits reuse the renderer instead of reloading the deck
ok 364 - single-slide edit path: text edits reuse the renderer instead of reloading the deck
  ---
  duration_ms: 163.843848
  type: 'test'
  ...
# Subtest: run normalization: clearing a highlight collapses the split runs back to identical rPr
ok 365 - run normalization: clearing a highlight collapses the split runs back to identical rPr
  ---
  duration_ms: 40.931925
  type: 'test'
  ...
# Subtest: run normalization: repeated range edits do not grow the run count without bound
ok 366 - run normalization: repeated range edits do not grow the run count without bound
  ---
  duration_ms: 89.51861
  type: 'test'
  ...
# Subtest: incremental render: renderShape reproduces each slide shape group verbatim
ok 367 - incremental render: renderShape reproduces each slide shape group verbatim
  ---
  duration_ms: 55.500009
  type: 'test'
  ...
# Subtest: currentBuffer sync: a fast-path edit is folded in before applyListStyle reads currentBuffer
ok 368 - currentBuffer sync: a fast-path edit is folded in before applyListStyle reads currentBuffer
  ---
  duration_ms: 148.296357
  type: 'test'
  ...
# Subtest: incremental render: an edited shape's single render still matches the full slide
ok 369 - incremental render: an edited shape's single render still matches the full slide
  ---
  duration_ms: 60.434355
  type: 'test'
  ...
# Subtest: localeCandidates falls back through BCP-47 chain
ok 370 - localeCandidates falls back through BCP-47 chain
  ---
  duration_ms: 29.430756
  type: 'test'
  ...
# Subtest: resolveAutomaticLocale matches exact, base, then English
ok 371 - resolveAutomaticLocale matches exact, base, then English
  ---
  duration_ms: 12.29568
  type: 'test'
  ...
# Subtest: resolveAutomaticLocale ignores path-like and invalid locale entries
ok 372 - resolveAutomaticLocale ignores path-like and invalid locale entries
  ---
  duration_ms: 8.2562
  type: 'test'
  ...
# Subtest: getLocaleDirection marks RTL locales
ok 373 - getLocaleDirection marks RTL locales
  ---
  duration_ms: 23.241267
  type: 'test'
  ...
# Subtest: mergeNamespaceMessages flattens nested JSON
ok 374 - mergeNamespaceMessages flattens nested JSON
  ---
  duration_ms: 1230.523358
  type: 'test'
  ...
# Subtest: bundled locales load without release locale files
ok 375 - bundled locales load without release locale files
  ---
  duration_ms: 787.244199
  type: 'test'
  ...
# Subtest: listInstalledLocales includes bundled locales and normalizes adapter paths
ok 376 - listInstalledLocales includes bundled locales and normalizes adapter paths
  ---
  duration_ms: 818.390149
  type: 'test'
  ...
# Subtest: formatMessage replaces placeholders and plurals
ok 377 - formatMessage replaces placeholders and plurals
  ---
  duration_ms: 9.367148
  type: 'test'
  ...
# Subtest: scheduleIdleWork uses requestIdleCallback when available
ok 378 - scheduleIdleWork uses requestIdleCallback when available
  ---
  duration_ms: 54.014766
  type: 'test'
  ...
# Subtest: scheduleIdleWork uses custom timeout for requestIdleCallback
ok 379 - scheduleIdleWork uses custom timeout for requestIdleCallback
  ---
  duration_ms: 0.567192
  type: 'test'
  ...
# Subtest: scheduleIdleWork falls back to setTimeout when requestIdleCallback is unavailable
ok 380 - scheduleIdleWork falls back to setTimeout when requestIdleCallback is unavailable
  ---
  duration_ms: 0.489009
  type: 'test'
  ...
# Subtest: scheduleIdleWork falls back to setTimeout when requestIdleCallback is unavailable with smaller timeout
ok 381 - scheduleIdleWork falls back to setTimeout when requestIdleCallback is unavailable with smaller timeout
  ---
  duration_ms: 0.428282
  type: 'test'
  ...
# Subtest: scheduleIdleWork handles undefined cancelIdleCallback gracefully
ok 382 - scheduleIdleWork handles undefined cancelIdleCallback gracefully
  ---
  duration_ms: 1.312748
  type: 'test'
  ...
# Subtest: scheduleIdleWork falls back to setTimeout with timeout over 250
ok 383 - scheduleIdleWork falls back to setTimeout with timeout over 250
  ---
  duration_ms: 0.516886
  type: 'test'
  ...
# Subtest: scheduleIdleWork falls back to setTimeout without passing options
ok 384 - scheduleIdleWork falls back to setTimeout without passing options
  ---
  duration_ms: 0.436934
  type: 'test'
  ...
# Subtest: injectMissingTopLevelCommentRangeMarkers wraps paragraph content
ok 385 - injectMissingTopLevelCommentRangeMarkers wraps paragraph content
  ---
  duration_ms: 68.187638
  type: 'test'
  ...
# Subtest: injectMissingTopLevelCommentRangeMarkers repairs empty ranges onto text
ok 386 - injectMissingTopLevelCommentRangeMarkers repairs empty ranges onto text
  ---
  duration_ms: 0.75161
  type: 'test'
  ...
# Subtest: injectMissingTopLevelCommentRangeMarkers is a no-op when markers exist
ok 387 - injectMissingTopLevelCommentRangeMarkers is a no-op when markers exist
  ---
  duration_ms: 0.744042
  type: 'test'
  ...
# Subtest: previousTextForInlineApply prefers session baseline over live SVG preview
ok 388 - previousTextForInlineApply prefers session baseline over live SVG preview
  ---
  duration_ms: 46.537803
  type: 'test'
  ...
# Subtest: previousTextForInlineApply uses target text when no session baseline
ok 389 - previousTextForInlineApply uses target text when no session baseline
  ---
  duration_ms: 0.640683
  type: 'test'
  ...
# Subtest: previousTextForInlineApply falls back to live SVG only last
ok 390 - previousTextForInlineApply falls back to live SVG only last
  ---
  duration_ms: 0.403876
  type: 'test'
  ...
# Subtest: leafCharCount counts the editor string, never the glyph count
ok 391 - leafCharCount counts the editor string, never the glyph count
  ---
  duration_ms: 38.32842
  type: 'test'
  ...
# Subtest: getGlyphCount falls back to the string length when probing throws
ok 392 - getGlyphCount falls back to the string length when probing throws
  ---
  duration_ms: 0.552712
  type: 'test'
  ...
# Subtest: clampGlyphIndex keeps string offsets inside the rendered glyph range
ok 393 - clampGlyphIndex keeps string offsets inside the rendered glyph range
  ---
  duration_ms: 0.287131
  type: 'test'
  ...
# Subtest: double-click word ranges include the word under the caret
ok 394 - double-click word ranges include the word under the caret
  ---
  duration_ms: 60.736187
  type: 'test'
  ...
# [Native PowerPoint Doc Editor] text-edit: Inline text preview sync failed {
#   slide: 0,
#   shapeIndex: 42,
#   paragraphIndex: null,
#   textLength: 0,
#   replaceTextFrame: true,
#   error: 'test preview failure'
# }
# [Native PowerPoint Doc Editor] text-edit: Inline text preview sync failed {
#   slide: 0,
#   shapeIndex: 42,
#   paragraphIndex: null,
#   textLength: 13,
#   replaceTextFrame: true,
#   error: 'test preview failure'
# }
# [Native PowerPoint Doc Editor] text-edit: inline undo failed {
#   sourceDepth: 1,
#   destinationDepth: 0,
#   error: 'unrecoverable test failure'
# }
# [Native PowerPoint Doc Editor] text-edit: inline undo failed {
#   sourceDepth: 1,
#   destinationDepth: 0,
#   error: 'unrecoverable test failure'
# }
# [Native PowerPoint Doc Editor] text-edit: Inline editor text diverged before commit { slide: 0, editorTextLength: 13, canonicalTextLength: 12 }
# Subtest: font-size preview converts points to PPTX SVG user units
ok 395 - font-size preview converts points to PPTX SVG user units
  ---
  duration_ms: 1093.91165
  type: 'test'
  ...
# Subtest: font-size preview defers multi-paragraph selections to the renderer
ok 396 - font-size preview defers multi-paragraph selections to the renderer
  ---
  duration_ms: 0.713471
  type: 'test'
  ...
# Subtest: inline text multi-click selects a word, then the whole text box
ok 397 - inline text multi-click selects a word, then the whole text box
  ---
  duration_ms: 1.268996
  type: 'test'
  ...
# Subtest: inline caret is created detached by the owning SVG document
ok 398 - inline caret is created detached by the owning SVG document
  ---
  duration_ms: 0.992551
  type: 'test'
  ...
# Subtest: shape-render fallback invalidates a stale slide thumbnail before full rendering
ok 399 - shape-render fallback invalidates a stale slide thumbnail before full rendering
  ---
  duration_ms: 0.613808
  type: 'test'
  ...
# Subtest: inline caret creation removes every stale caret in the live SVG
ok 400 - inline caret creation removes every stale caret in the live SVG
  ---
  duration_ms: 0.746153
  type: 'test'
  ...
# Subtest: inline text selection captures and releases its pointer on the SVG canvas
ok 401 - inline text selection captures and releases its pointer on the SVG canvas
  ---
  duration_ms: 0.667088
  type: 'test'
  ...
# Subtest: a pointer-captured inline click cannot clear the active text editor
ok 402 - a pointer-captured inline click cannot clear the active text editor
  ---
  duration_ms: 0.922075
  type: 'test'
  ...
# Subtest: a pointer-captured double-click resolves back to its active text target
ok 403 - a pointer-captured double-click resolves back to its active text target
  ---
  duration_ms: 1.348179
  type: 'test'
  ...
# Subtest: live preview rebinds detached paragraph runs before deleting text
ok 404 - live preview rebinds detached paragraph runs before deleting text
  ---
  duration_ms: 1.635977
  type: 'test'
  ...
# Subtest: inline formatting follows the caret run instead of the paragraph's first run
ok 405 - inline formatting follows the caret run instead of the paragraph's first run
  ---
  duration_ms: 0.513862
  type: 'test'
  ...
# Subtest: live preview repairs an SVG reflow mismatch before text commit
ok 406 - live preview repairs an SVG reflow mismatch before text commit
  ---
  duration_ms: 0.583418
  type: 'test'
  ...
# Subtest: full selection replacement repaints the owning SVG text frame immediately
ok 407 - full selection replacement repaints the owning SVG text frame immediately
  ---
  duration_ms: 0.542702
  type: 'test'
  ...
# Subtest: live preview replaces connected SVG runs so deletion paints before commit
ok 408 - live preview replaces connected SVG runs so deletion paints before commit
  ---
  duration_ms: 0.423989
  type: 'test'
  ...
# Subtest: flushing an unedited inline editor does not rewrite rendered paragraph text
ok 409 - flushing an unedited inline editor does not rewrite rendered paragraph text
  ---
  duration_ms: 0.495873
  type: 'test'
  ...
# Subtest: Backspace at a paragraph start requests structural removal of an empty predecessor
ok 410 - Backspace at a paragraph start requests structural removal of an empty predecessor
  ---
  duration_ms: 0.790421
  type: 'test'
  ...
# Subtest: Backspace at a paragraph start merges a non-empty predecessor
ok 411 - Backspace at a paragraph start merges a non-empty predecessor
  ---
  duration_ms: 0.482656
  type: 'test'
  ...
# Subtest: Delete routes a visual cross-paragraph selection to the OOXML range mutation
ok 412 - Delete routes a visual cross-paragraph selection to the OOXML range mutation
  ---
  duration_ms: 0.720635
  type: 'test'
  ...
# Subtest: cross-paragraph drag keeps the anchor paragraph's wrapped visual lines selected
ok 413 - cross-paragraph drag keeps the anchor paragraph's wrapped visual lines selected
  ---
  duration_ms: 1.473452
  type: 'test'
  ...
# Subtest: Delete keeps a selected inline paragraph and its SVG preview in sync
ok 414 - Delete keeps a selected inline paragraph and its SVG preview in sync
  ---
  duration_ms: 0.870533
  type: 'test'
  ...
# Subtest: native full deletion and a final-character deletion request the SVG text-frame repaint
ok 415 - native full deletion and a final-character deletion request the SVG text-frame repaint
  ---
  duration_ms: 0.429597
  type: 'test'
  ...
# Subtest: metadata-free native input repaints the SVG frame before blur
ok 416 - metadata-free native input repaints the SVG frame before blur
  ---
  duration_ms: 2.153028
  type: 'test'
  ...
# Subtest: Backspace clears the final inline character through the owning SVG text frame
ok 417 - Backspace clears the final inline character through the owning SVG text frame
  ---
  duration_ms: 0.6272
  type: 'test'
  ...
# Subtest: Backspace on an already-empty first paragraph keeps the text box in the edit session
ok 418 - Backspace on an already-empty first paragraph keeps the text box in the edit session
  ---
  duration_ms: 0.431943
  type: 'test'
  ...
# Subtest: empty inline preview keeps a render anchor so the SVG text frame stays alive
ok 419 - empty inline preview keeps a render anchor so the SVG text frame stays alive
  ---
  duration_ms: 0.298385
  type: 'test'
  ...
# Subtest: Backspace repaints a partial inline deletion through the owning SVG text frame
ok 420 - Backspace repaints a partial inline deletion through the owning SVG text frame
  ---
  duration_ms: 0.464819
  type: 'test'
  ...
# Subtest: an active-paragraph Ctrl/Cmd+A range deletes synchronously before OOXML commit
ok 421 - an active-paragraph Ctrl/Cmd+A range deletes synchronously before OOXML commit
  ---
  duration_ms: 0.623146
  type: 'test'
  ...
# Subtest: deleting a full text-box selection stays in the inline replacement session
ok 422 - deleting a full text-box selection stays in the inline replacement session
  ---
  duration_ms: 0.604448
  type: 'test'
  ...
# Subtest: inline deletion retains a visible preview when incremental sync throws
ok 423 - inline deletion retains a visible preview when incremental sync throws
  ---
  duration_ms: 1.698826
  type: 'test'
  ...
# Subtest: inline undo restores through preview recovery without losing its snapshot
ok 424 - inline undo restores through preview recovery without losing its snapshot
  ---
  duration_ms: 1.16189
  type: 'test'
  ...
# Subtest: failed inline undo restoration keeps the history entry retryable
ok 425 - failed inline undo restoration keeps the history entry retryable
  ---
  duration_ms: 1.742693
  type: 'test'
  ...
# Subtest: document-history Ctrl/Cmd+Z fallback preserves the active text session
ok 426 - document-history Ctrl/Cmd+Z fallback preserves the active text session
  ---
  duration_ms: 0.590675
  type: 'test'
  ...
# Subtest: Ctrl/Cmd+A copies bullet paragraphs without marker-only or visual-wrap lines
ok 427 - Ctrl/Cmd+A copies bullet paragraphs without marker-only or visual-wrap lines
  ---
  duration_ms: 0.852631
  type: 'test'
  ...
# Subtest: Edit menu history follows the active inline editor before document history
ok 428 - Edit menu history follows the active inline editor before document history
  ---
  duration_ms: 0.632418
  type: 'test'
  ...
# Subtest: inline commit keeps the last transaction text if the hidden textarea regresses
ok 429 - inline commit keeps the last transaction text if the hidden textarea regresses
  ---
  duration_ms: 0.75056
  type: 'test'
  ...
# Subtest: loadSlideXml: uses restore_slide_ooxml when present and skips full reinit
ok 430 - loadSlideXml: uses restore_slide_ooxml when present and skips full reinit
  ---
  duration_ms: 3.573597
  type: 'test'
  ...
# Subtest: loadSlideXml: falls back to reinitializeWasm when restore_slide_ooxml is absent
ok 431 - loadSlideXml: falls back to reinitializeWasm when restore_slide_ooxml is absent
  ---
  duration_ms: 1.322854
  type: 'test'
  ...
# Subtest: loadSlideXml: falls back to reinitializeWasm when the per-slide reparse rejects
ok 432 - loadSlideXml: falls back to reinitializeWasm when the per-slide reparse rejects
  ---
  duration_ms: 2.860342
  type: 'test'
  ...
# [Native PowerPoint Doc Editor] diagnostics: still retained { reason: 'debug-disabled' }
# [Native PowerPoint Doc Editor] recovery: warning that must survive
# [Native PowerPoint Doc Editor] recovery: error that must survive
# Subtest: logger retains diagnostic history and reports dropped entries
ok 433 - logger retains diagnostic history and reports dropped entries
  ---
  duration_ms: 40.098726
  type: 'test'
  ...
# Subtest: logger serializes nested Error values
ok 434 - logger serializes nested Error values
  ---
  duration_ms: 0.553044
  type: 'test'
  ...
# Subtest: disabled debug logging does not evict diagnostic entries
ok 435 - disabled debug logging does not evict diagnostic entries
  ---
  duration_ms: 0.911911
  type: 'test'
  ...
# Subtest: debug floods retain earlier warnings and errors
ok 436 - debug floods retain earlier warnings and errors
  ---
  duration_ms: 39.775544
  type: 'test'
  ...
# Subtest: buildMarkdownDocxArrayBuffer creates an editable DOCX with Markdown structure
ok 437 - buildMarkdownDocxArrayBuffer creates an editable DOCX with Markdown structure
  ---
  duration_ms: 204.778789
  type: 'test'
  ...
# Subtest: buildMarkdownDocxArrayBuffer escapes XML and removes invalid control characters
ok 438 - buildMarkdownDocxArrayBuffer escapes XML and removes invalid control characters
  ---
  duration_ms: 12.065116
  type: 'test'
  ...
# Subtest: resolveMarkdownDocxOutputPath creates a numbered sibling on collisions
ok 439 - resolveMarkdownDocxOutputPath creates a numbered sibling on collisions
  ---
  duration_ms: 1.112894
  type: 'test'
  ...
# Subtest: nudge skips when no engine API exists
ok 440 - nudge skips when no engine API exists # SKIP nudgeShapes is not exposed by PresentationEngine
  ---
  duration_ms: 399.353249
  type: 'test'
  ...
# Subtest: align skips when no engine API exists
ok 441 - align skips when no engine API exists # SKIP alignShapes is not exposed by PresentationEngine
  ---
  duration_ms: 55.140068
  type: 'test'
  ...
# Subtest: distribute skips when no engine API exists
ok 442 - distribute skips when no engine API exists # SKIP distributeShapes is not exposed by PresentationEngine
  ---
  duration_ms: 58.781363
  type: 'test'
  ...
# Subtest: reorder front commits through PresentationEngine
ok 443 - reorder front commits through PresentationEngine
  ---
  duration_ms: 312.726626
  type: 'test'
  ...
# Subtest: reorder forward commits through PresentationEngine
ok 444 - reorder forward commits through PresentationEngine
  ---
  duration_ms: 163.700975
  type: 'test'
  ...
# Subtest: reorder backward commits through PresentationEngine
ok 445 - reorder backward commits through PresentationEngine
  ---
  duration_ms: 142.573076
  type: 'test'
  ...
# Subtest: reorder back commits through PresentationEngine
ok 446 - reorder back commits through PresentationEngine
  ---
  duration_ms: 146.8987
  type: 'test'
  ...
# Subtest: group and ungroup commit through PresentationEngine
ok 447 - group and ungroup commit through PresentationEngine
  ---
  duration_ms: 199.419302
  type: 'test'
  ...
# Subtest: resize and rotate commit through updateShapeTransform
ok 448 - resize and rotate commit through updateShapeTransform
  ---
  duration_ms: 95.395495
  type: 'test'
  ...
# Subtest: clipboard matrix: engine copy, paste, and duplicate preserve a usable deck
ok 449 - clipboard matrix: engine copy, paste, and duplicate preserve a usable deck
  ---
  duration_ms: 627.696089
  type: 'test'
  ...
# Subtest: clipboard matrix: engine copies and pastes a multi-selection atomically
ok 450 - clipboard matrix: engine copies and pastes a multi-selection atomically
  ---
  duration_ms: 218.169316
  type: 'test'
  ...
# Subtest: object matrix: engine deletes a multi-selection in one package reload
ok 451 - object matrix: engine deletes a multi-selection in one package reload
  ---
  duration_ms: 161.643966
  type: 'test'
  ...
# Subtest: find/replace matrix: scoped and deck-wide engine replacement
ok 452 - find/replace matrix: scoped and deck-wide engine replacement
  ---
  duration_ms: 146.153692
  type: 'test'
  ...
# Subtest: text-box mutation survives HistoryController undo then redo
ok 453 - text-box mutation survives HistoryController undo then redo
  ---
  duration_ms: 845.986846
  type: 'test'
  ...
# Subtest: insert shape action round-trips
ok 454 - insert shape action round-trips
  ---
  duration_ms: 624.166557
  type: 'test'
  ...
# Subtest: insert image action round-trips
ok 455 - insert image action round-trips
  ---
  duration_ms: 196.628587
  type: 'test'
  ...
# Subtest: insert table action round-trips
ok 456 - insert table action round-trips
  ---
  duration_ms: 174.170348
  type: 'test'
  ...
# Subtest: insert chart action round-trips
ok 457 - insert chart action round-trips
  ---
  duration_ms: 228.962118
  type: 'test'
  ...
# Subtest: insert text action round-trips
ok 458 - insert text action round-trips
  ---
  duration_ms: 134.853188
  type: 'test'
  ...
# Subtest: insert list action round-trips
ok 459 - insert list action round-trips
  ---
  duration_ms: 193.443668
  type: 'test'
  ...
# Subtest: modern editable decks load, render, and round-trip
    # Subtest: features.pptx
    ok 1 - features.pptx
      ---
      duration_ms: 564.331268
      type: 'test'
      ...
    # Subtest: simple-edit.pptx
    ok 2 - simple-edit.pptx
      ---
      duration_ms: 61.236207
      type: 'test'
      ...
    1..2
ok 460 - modern editable decks load, render, and round-trip
  ---
  duration_ms: 627.368014
  type: 'test'
  ...
# Subtest: unreadable malformed decks reject during engine load
    # Subtest: malformed-random.pptx
    ok 1 - malformed-random.pptx
      ---
      duration_ms: 16.274133
      type: 'test'
      ...
    # Subtest: malformed-truncated.pptx
    ok 2 - malformed-truncated.pptx
      ---
      duration_ms: 16.370513
      type: 'test'
      ...
    1..2
ok 461 - unreadable malformed decks reject during engine load
  ---
  duration_ms: 33.499618
  type: 'test'
  ...
# Subtest: structurally malformed packages report validation errors cleanly
    # Subtest: malformed-unsafe-path.pptx
    ok 1 - malformed-unsafe-path.pptx
      ---
      duration_ms: 2.455653
      type: 'test'
      ...
    # Subtest: malformed-duplicate-entry.pptx
    ok 2 - malformed-duplicate-entry.pptx
      ---
      duration_ms: 3.263079
      type: 'test'
      ...
    1..2
ok 462 - structurally malformed packages report validation errors cleanly
  ---
  duration_ms: 8.186723
  type: 'test'
  ...
# Subtest: package-authoritative mutation exports and reloads structurally
ok 463 - package-authoritative mutation exports and reloads structurally
  ---
  duration_ms: 806.707104
  type: 'test'
  ...
# Subtest: forced-JS package mutation exports and reloads structurally
ok 464 - forced-JS package mutation exports and reloads structurally
  ---
  duration_ms: 489.731272
  type: 'test'
  ...
# Subtest: matrix export remains structurally and content-valid for editable decks
    # Subtest: features.pptx
    ok 1 - features.pptx
      ---
      duration_ms: 564.579605
      type: 'test'
      ...
    # Subtest: simple-edit.pptx
    ok 2 - simple-edit.pptx
      ---
      duration_ms: 63.376625
      type: 'test'
      ...
    1..2
ok 465 - matrix export remains structurally and content-valid for editable decks
  ---
  duration_ms: 682.312296
  type: 'test'
  ...
# Subtest: matrix coordinator serializes queued saves and retains the final dirty version
ok 466 - matrix coordinator serializes queued saves and retains the final dirty version
  ---
  duration_ms: 7.727307
  type: 'test'
  ...
# Subtest: matrix coordinator re-serializes when dirty advances during serialize
ok 467 - matrix coordinator re-serializes when dirty advances during serialize
  ---
  duration_ms: 0.692966
  type: 'test'
  ...
# [Native PowerPoint Doc Editor] save: PowerPoint recovery export validation failed {
#   file: 'decks/fixture.pptx',
#   reason: 'closing the view',
#   error: Error: simulated validation failure
#       at view.saveController.validateExportOverride (file:///app/tests/matrix-pptx-save-export.test.mjs:243:13)
#       at SaveController.validateExport (/tmp/native-powerpoint-tests-V2X9ru/native-powerpoint-view.cjs:132655:19)
#       at SaveController.writeRecoveryCopy (/tmp/native-powerpoint-tests-V2X9ru/native-powerpoint-view.cjs:132693:20)
#       at process.processTicksAndRejections (node:internal/process/task_queues:103:5)
# }
# Subtest: matrix SaveController persists valid exports and preserves unvalidated recovery copies
    # Subtest: validated save writes a reloadable package
    ok 1 - validated save writes a reloadable package
      ---
      duration_ms: 132.521895
      type: 'test'
      ...
    # Subtest: validation failure still writes a labeled recovery copy
    ok 2 - validation failure still writes a labeled recovery copy
      ---
      duration_ms: 3.091079
      type: 'test'
      ...
    1..2
ok 468 - matrix SaveController persists valid exports and preserves unvalidated recovery copies
  ---
  duration_ms: 1229.748962
  type: 'test'
  ...
# Subtest: chart data matrix: edit an editable chart when the engine exposes one
ok 469 - chart data matrix: edit an editable chart when the engine exposes one # SKIP fixture chart is read-only: This chart has no embedded Excel workbook.
  ---
  duration_ms: 431.521971
  type: 'test'
  ...
# Subtest: slide matrix: add, duplicate, delete, reorder, and round-trip
ok 470 - slide matrix: add, duplicate, delete, reorder, and round-trip
  ---
  duration_ms: 908.512221
  type: 'test'
  ...
# Subtest: PPTX text edit and formatting matrix round-trips
ok 471 - PPTX text edit and formatting matrix round-trips
  ---
  duration_ms: 669.71166
  type: 'test'
  ...
# Subtest: repeating an identical font family is a true slide-XML no-op
ok 472 - repeating an identical font family is a true slide-XML no-op
  ---
  duration_ms: 51.005504
  type: 'test'
  ...
# Subtest: createDetachedMeasureCanvas prefers Window.createEl over Document.createEl
ok 473 - createDetachedMeasureCanvas prefers Window.createEl over Document.createEl
  ---
  duration_ms: 1.497849
  type: 'test'
  ...
# Subtest: createDetachedMeasureCanvas falls back to doc.win.createEl when Window.createEl missing
ok 474 - createDetachedMeasureCanvas falls back to doc.win.createEl when Window.createEl missing
  ---
  duration_ms: 0.228848
  type: 'test'
  ...
# Subtest: createDetachedMeasureCanvas uses a standard browser document when Obsidian helpers are unavailable
ok 475 - createDetachedMeasureCanvas uses a standard browser document when Obsidian helpers are unavailable
  ---
  duration_ms: 0.311625
  type: 'test'
  ...
# Subtest: createDetachedMeasureCanvas returns null when win.createEl throws HierarchyRequestError
ok 476 - createDetachedMeasureCanvas returns null when win.createEl throws HierarchyRequestError
  ---
  duration_ms: 0.215982
  type: 'test'
  ...
# Subtest: createDetachedMeasureCanvas returns null when no createEl host exists
ok 477 - createDetachedMeasureCanvas returns null when no createEl host exists
  ---
  duration_ms: 0.165078
  type: 'test'
  ...
# [Native PowerPoint Doc Editor] mutate: PowerPoint mutation failed {
#   op: 'update-shape-text',
#   error: Error: engine mutation failed
#       at Object.updateShapeText (file:///app/tests/mutations-pptx.test.mjs:146:34)
#       at PptxMutationService.apply (/tmp/npde-mutations-bW8VSA/PptxMutationService.cjs:306:23)
#       at PptxMutationService.executeTransaction (/tmp/npde-mutations-bW8VSA/PptxMutationService.cjs:213:33)
#       at process.processTicksAndRejections (node:internal/process/task_queues:103:5)
#       at async executeTransaction (/tmp/npde-mutations-bW8VSA/PptxMutationService.cjs:191:16)
# }
# [Native PowerPoint Doc Editor] mutate: PowerPoint mutation failed {
#   op: 'split-paragraph',
#   error: Error: split failed
#       at Object.splitParagraph (file:///app/tests/mutations-pptx.test.mjs:357:34)
#       at PptxMutationService.apply (/tmp/npde-mutations-bW8VSA/PptxMutationService.cjs:315:23)
#       at PptxMutationService.executeTransaction (/tmp/npde-mutations-bW8VSA/PptxMutationService.cjs:213:33)
#       at executeTransaction (/tmp/npde-mutations-bW8VSA/PptxMutationService.cjs:191:27)
#       at process.processTicksAndRejections (node:internal/process/task_queues:103:5)
# }
# Subtest: session command mutations commit a loadable package
ok 478 - session command mutations commit a loadable package
  ---
  duration_ms: 887.284968
  type: 'test'
  ...
# Subtest: session leaves unchanged run formatting clean
ok 479 - session leaves unchanged run formatting clean
  ---
  duration_ms: 0.536755
  type: 'test'
  ...
# Subtest: PptxMutationService commits successful mutations and restores failed ones
ok 480 - PptxMutationService commits successful mutations and restores failed ones
  ---
  duration_ms: 3.019809
  type: 'test'
  ...
# Subtest: PptxMutationService serializes overlapping engine transactions
ok 481 - PptxMutationService serializes overlapping engine transactions
  ---
  duration_ms: 0.647868
  type: 'test'
  ...
# Subtest: PptxMutationService routes shape fill color commands
ok 482 - PptxMutationService routes shape fill color commands
  ---
  duration_ms: 0.454523
  type: 'test'
  ...
# Subtest: PptxMutationService routes text-box origins
ok 483 - PptxMutationService routes text-box origins
  ---
  duration_ms: 0.373963
  type: 'test'
  ...
# Subtest: PptxMutationService routes paragraph split commands
ok 484 - PptxMutationService routes paragraph split commands
  ---
  duration_ms: 0.552516
  type: 'test'
  ...
# Subtest: PptxMutationService routes empty preceding paragraph removal commands
ok 485 - PptxMutationService routes empty preceding paragraph removal commands
  ---
  duration_ms: 0.383614
  type: 'test'
  ...
# Subtest: PptxMutationService routes preceding paragraph merge commands
ok 486 - PptxMutationService routes preceding paragraph merge commands
  ---
  duration_ms: 0.648988
  type: 'test'
  ...
# Subtest: PptxMutationService uses slide-XML rollback for slide-local text edits
ok 487 - PptxMutationService uses slide-XML rollback for slide-local text edits
  ---
  duration_ms: 1.517143
  type: 'test'
  ...
# Subtest: PptxMutationService uses the deferred slide-local commit when the engine supports it
ok 488 - PptxMutationService uses the deferred slide-local commit when the engine supports it
  ---
  duration_ms: 0.572077
  type: 'test'
  ...
# Subtest: deferred slide-local commit keeps edits through a later reorder
ok 489 - deferred slide-local commit keeps edits through a later reorder
  ---
  duration_ms: 456.63173
  type: 'test'
  ...
# Subtest: PptxMutationService uses slide-local commit for set-run-style-ranges
ok 490 - PptxMutationService uses slide-local commit for set-run-style-ranges
  ---
  duration_ms: 0.60186
  type: 'test'
  ...
# Subtest: PptxMutationService skips commit for unchanged run formatting
ok 491 - PptxMutationService skips commit for unchanged run formatting
  ---
  duration_ms: 0.612997
  type: 'test'
  ...
# Subtest: PptxMutationService keeps the full-export commit for non-slide-local commands
ok 492 - PptxMutationService keeps the full-export commit for non-slide-local commands
  ---
  duration_ms: 0.334877
  type: 'test'
  ...
# Subtest: PptxMutationService rejects commands before an engine is available
ok 493 - PptxMutationService rejects commands before an engine is available
  ---
  duration_ms: 0.245685
  type: 'test'
  ...
# Subtest: pptx, ppsx, and potx fixtures load, render, export, and validate
    # Subtest: features.pptx
    ok 1 - features.pptx
      ---
      duration_ms: 71.545557
      type: 'test'
      ...
    # Subtest: features.ppsx
    ok 2 - features.ppsx
      ---
      duration_ms: 33.530542
      type: 'test'
      ...
    # Subtest: features.potx
    ok 3 - features.potx
      ---
      duration_ms: 35.075002
      type: 'test'
      ...
    1..3
ok 494 - pptx, ppsx, and potx fixtures load, render, export, and validate
  ---
  duration_ms: 204.728985
  type: 'test'
  ...
# Subtest: feature fixture preserves rich OOXML parts during an untouched round trip
ok 495 - feature fixture preserves rich OOXML parts during an untouched round trip
  ---
  duration_ms: 30.212459
  type: 'test'
  ...
# Subtest: rendered layout backgrounds resolve image rels from the layout part
ok 496 - rendered layout backgrounds resolve image rels from the layout part
  ---
  duration_ms: 469.152579
  type: 'test'
  ...
# Subtest: rendered cropped layout backgrounds reconcile href without duplicating full-bleed image
ok 497 - rendered cropped layout backgrounds reconcile href without duplicating full-bleed image
  ---
  duration_ms: 65.989793
  type: 'test'
  ...
# Subtest: text formatting keeps authored picture crops through save and reload
ok 498 - text formatting keeps authored picture crops through save and reload
  ---
  duration_ms: 197.148021
  type: 'test'
  ...
# Subtest: content validation blocks lossy renderer rewrites of opaque slide markup
ok 499 - content validation blocks lossy renderer rewrites of opaque slide markup
  ---
  duration_ms: 26.896138
  type: 'test'
  ...
# Subtest: macro-enabled fixtures preserve VBA bytes during a renderer round trip
    # Subtest: macro-view-only.pptm
    ok 1 - macro-view-only.pptm
      ---
      duration_ms: 22.802354
      type: 'test'
      ...
    # Subtest: macro-view-only.ppsm
    ok 2 - macro-view-only.ppsm
      ---
      duration_ms: 17.347323
      type: 'test'
      ...
    # Subtest: macro-view-only.potm
    ok 3 - macro-view-only.potm
      ---
      duration_ms: 15.659219
      type: 'test'
      ...
    1..3
ok 500 - macro-enabled fixtures preserve VBA bytes during a renderer round trip
  ---
  duration_ms: 57.301357
  type: 'test'
  ...
# Subtest: malformed ZIP fixtures are rejected without crashing
ok 501 - malformed ZIP fixtures are rejected without crashing
  ---
  duration_ms: 13.766306
  type: 'test'
  ...
# Subtest: rapid text edits export one valid final presentation
ok 502 - rapid text edits export one valid final presentation
  ---
  duration_ms: 53.143959
  type: 'test'
  ...
# Subtest: pasted and duplicated shapes receive fresh a16:creationId GUIDs
ok 503 - pasted and duplicated shapes receive fresh a16:creationId GUIDs
  ---
  duration_ms: 55.472025
  type: 'test'
  ...
# Subtest: shape transforms preserve authored a16:creationId extensions
ok 504 - shape transforms preserve authored a16:creationId extensions
  ---
  duration_ms: 40.960216
  type: 'test'
  ...
# Subtest: connector extension lists survive renderer conversion to ordinary shapes
ok 505 - connector extension lists survive renderer conversion to ordinary shapes
  ---
  duration_ms: 27.768705
  type: 'test'
  ...
# Subtest: setRunStyleForRange formats only the selected characters within a paragraph
ok 506 - setRunStyleForRange formats only the selected characters within a paragraph
  ---
  duration_ms: 60.757046
  type: 'test'
  ...
# Subtest: setRunStyleForRanges applies every run style across paragraph selections
ok 507 - setRunStyleForRanges applies every run style across paragraph selections
  ---
  duration_ms: 70.362862
  type: 'test'
  ...
# Subtest: font-size readers use authoritative OOXML after a lossless mutation
ok 508 - font-size readers use authoritative OOXML after a lossless mutation
  ---
  duration_ms: 49.267889
  type: 'test'
  ...
# Subtest: font-size formatting survives a later paragraph split without restoring shrink-to-fit
ok 509 - font-size formatting survives a later paragraph split without restoring shrink-to-fit
  ---
  duration_ms: 169.165357
  type: 'test'
  ...
# Subtest: setParagraphAlignmentForRanges aligns only selected paragraphs
ok 510 - setParagraphAlignmentForRanges aligns only selected paragraphs
  ---
  duration_ms: 48.891371
  type: 'test'
  ...
# Subtest: updateParagraphText preserves line breaks within a paragraph
ok 511 - updateParagraphText preserves line breaks within a paragraph
  ---
  duration_ms: 143.49019
  type: 'test'
  ...
# Subtest: splitParagraph creates a native sibling paragraph and preserves list and run styling
ok 512 - splitParagraph creates a native sibling paragraph and preserves list and run styling
  ---
  duration_ms: 152.268965
  type: 'test'
  ...
# Subtest: applyListStyleForRange isolates selected text as one native bullet paragraph
ok 513 - applyListStyleForRange isolates selected text as one native bullet paragraph
  ---
  duration_ms: 147.1581
  type: 'test'
  ...
# Subtest: applyListStyleForRanges toggles every selected bullet paragraph in one mutation
ok 514 - applyListStyleForRanges toggles every selected bullet paragraph in one mutation
  ---
  duration_ms: 194.91307
  type: 'test'
  ...
# Subtest: applyListStyleForRanges preserves source indices while partial ranges split paragraphs
ok 515 - applyListStyleForRanges preserves source indices while partial ranges split paragraphs
  ---
  duration_ms: 88.962857
  type: 'test'
  ...
# Subtest: list toggle converts an imported literal bullet without leaving a duplicate marker
ok 516 - list toggle converts an imported literal bullet without leaving a duplicate marker
  ---
  duration_ms: 108.301104
  type: 'test'
  ...
# Subtest: replaceShapeParagraphs writes native list paragraphs and survives a round trip
ok 517 - replaceShapeParagraphs writes native list paragraphs and survives a round trip
  ---
  duration_ms: 145.305491
  type: 'test'
  ...
# Subtest: updateShapeTransform allows shapes outside the slide bounds
ok 518 - updateShapeTransform allows shapes outside the slide bounds
  ---
  duration_ms: 106.954823
  type: 'test'
  ...
# Subtest: slide add, reorder, and delete operations survive export
ok 519 - slide add, reorder, and delete operations survive export
  ---
  duration_ms: 627.228871
  type: 'test'
  ...
# Subtest: large 160-slide fixture loads, renders its bounds, and round-trips
ok 520 - large 160-slide fixture loads, renders its bounds, and round-trips
  ---
  duration_ms: 72.748689
  type: 'test'
  ...
# Subtest: joinParagraphVisualLines matches OOXML flat offsets for soft-wrapped lines
ok 521 - joinParagraphVisualLines matches OOXML flat offsets for soft-wrapped lines
  ---
  duration_ms: 1.56916
  type: 'test'
  ...
# Subtest: flat offset maps onto the correct wrapped run line
ok 522 - flat offset maps onto the correct wrapped run line
  ---
  duration_ms: 0.327153
  type: 'test'
  ...
# Subtest: flat range splits into per-line highlight segments without bullet drift
ok 523 - flat range splits into per-line highlight segments without bullet drift
  ---
  duration_ms: 0.42006
  type: 'test'
  ...
# Subtest: selection that wraps across two lines highlights exactly the selected text
ok 524 - selection that wraps across two lines highlights exactly the selected text
  ---
  duration_ms: 0.238886
  type: 'test'
  ...
# Subtest: renderer keeps the bullet glyph in a run-less line container
ok 525 - renderer keeps the bullet glyph in a run-less line container
  ---
  duration_ms: 411.117905
  type: 'test'
  ...
# Subtest: setRunStyleForRanges underlines exactly the run-only range on a bulleted paragraph
ok 526 - setRunStyleForRanges underlines exactly the run-only range on a bulleted paragraph
  ---
  duration_ms: 72.056168
  type: 'test'
  ...
# Subtest: geometry index skips bullet prefix when mapping to run-only offsets
ok 527 - geometry index skips bullet prefix when mapping to run-only offsets
  ---
  duration_ms: 0.663534
  type: 'test'
  ...
# Subtest: underlining 'om' inside automate does not drift to 'at' on a bulleted paragraph
ok 528 - underlining 'om' inside automate does not drift to 'at' on a bulleted paragraph
  ---
  duration_ms: 82.082403
  type: 'test'
  ...
# Subtest: editor offsets map across wrap-dropped whitespace into OOXML offsets
ok 529 - editor offsets map across wrap-dropped whitespace into OOXML offsets
  ---
  duration_ms: 0.982601
  type: 'test'
  ...
# Subtest: regression: clearing through 'to' includes the trailing run in OOXML space
ok 530 - regression: clearing through 'to' includes the trailing run in OOXML space
  ---
  duration_ms: 0.571674
  type: 'test'
  ...
# Subtest: identity mapping when editor and OOXML text are equal
ok 531 - identity mapping when editor and OOXML text are equal
  ---
  duration_ms: 0.30742
  type: 'test'
  ...
# Subtest: parseRenderedSlideSvg accepts SVG roots and augments missing query APIs
ok 532 - parseRenderedSlideSvg accepts SVG roots and augments missing query APIs
  ---
  duration_ms: 27.509144
  type: 'test'
  ...
# Subtest: parseRenderedSlideSvg rejects non-SVG document roots
ok 533 - parseRenderedSlideSvg rejects non-SVG document roots
  ---
  duration_ms: 1.300803
  type: 'test'
  ...
# Subtest: scaleCroppedPicturePreview doubles the frame and keeps crop ratios
ok 534 - scaleCroppedPicturePreview doubles the frame and keeps crop ratios
  ---
  duration_ms: 2.090439
  type: 'test'
  ...
# Subtest: scaleCroppedPicturePreview moves the frame without changing size ratios
ok 535 - scaleCroppedPicturePreview moves the frame without changing size ratios
  ---
  duration_ms: 0.281713
  type: 'test'
  ...
# Subtest: setupDevFileLog swallows errors on log append and write
ok 536 - setupDevFileLog swallows errors on log append and write
  ---
  duration_ms: 1240.451365
  type: 'test'
  ...
# Subtest: setupDevFileLog swallows errors on log read/write without append
ok 537 - setupDevFileLog swallows errors on log read/write without append
  ---
  duration_ms: 51.695923
  type: 'test'
  ...
# Subtest: slideSizeEmuToPdfPoints maps 24x36 poster EMUs to 1728x2592 pts
ok 538 - slideSizeEmuToPdfPoints maps 24x36 poster EMUs to 1728x2592 pts
  ---
  duration_ms: 32.730486
  type: 'test'
  ...
# Subtest: ArrangeController ignores a second reorder while the first reload is in flight
ok 539 - ArrangeController ignores a second reorder while the first reload is in flight
  ---
  duration_ms: 35.655737
  type: 'test'
  ...
# Subtest: ArrangeController does not record history or re-render when no object overlaps
ok 540 - ArrangeController does not record history or re-render when no object overlaps
  ---
  duration_ms: 0.619172
  type: 'test'
  ...
# Subtest: resolveThumbnailReorderIndex matches before/after drop math
ok 541 - resolveThumbnailReorderIndex matches before/after drop math
  ---
  duration_ms: 1.926117
  type: 'test'
  ...
# Subtest: filmstrip uses pointer reorder and shift/ctrl selection anchors
ok 542 - filmstrip uses pointer reorder and shift/ctrl selection anchors
  ---
  duration_ms: 10.368614
  type: 'test'
  ...
# Subtest: find search index filters shape text and falls back once per matching slide
ok 543 - find search index filters shape text and falls back once per matching slide
  ---
  duration_ms: 30.082435
  type: 'test'
  ...
# Subtest: find search index extracts shape text from OOXML without rendering SVG
ok 544 - find search index extracts shape text from OOXML without rendering SVG
  ---
  duration_ms: 17.215667
  type: 'test'
  ...
# Subtest: find highlights create a detached SVG rect before inserting it
ok 545 - find highlights create a detached SVG rect before inserting it
  ---
  duration_ms: 5.378589
  type: 'test'
  ...
# Subtest: PowerPoint image dimensions read raster headers without a browser decoder
ok 546 - PowerPoint image dimensions read raster headers without a browser decoder
  ---
  duration_ms: 32.966097
  type: 'test'
  ...
# Subtest: PowerPoint image fit center-crops to cover without distortion
ok 547 - PowerPoint image fit center-crops to cover without distortion
  ---
  duration_ms: 25.310586
  type: 'test'
  ...
# Subtest: PowerPoint image fit keeps direct insertions inside their default bounds
ok 548 - PowerPoint image fit keeps direct insertions inside their default bounds
  ---
  duration_ms: 7.266227
  type: 'test'
  ...
# Subtest: local pptxJsEngine version stamp matches installed pptx-svg
ok 549 - local pptxJsEngine version stamp matches installed pptx-svg
  ---
  duration_ms: 9.226584
  type: 'test'
  ...
# Subtest: formatPptxJsEngineVersionMismatch mentions regenerate path
ok 550 - formatPptxJsEngineVersionMismatch mentions regenerate path
  ---
  duration_ms: 0.396993
  type: 'test'
  ...
# Subtest: POTX view routes multi-selection copy and paste through plural clipboard APIs
ok 551 - POTX view routes multi-selection copy and paste through plural clipboard APIs
  ---
  duration_ms: 13.22192
  type: 'test'
  ...
# Subtest: POTX view deletes a multi-selection through one batched engine mutation
ok 552 - POTX view deletes a multi-selection through one batched engine mutation
  ---
  duration_ms: 17.817829
  type: 'test'
  ...
# Subtest: overlapping shape deletes queue a fresh-selection rerun
ok 553 - overlapping shape deletes queue a fresh-selection rerun
  ---
  duration_ms: 7.432412
  type: 'test'
  ...
# Subtest: cut and duplicate use multi-select indices like copy
ok 554 - cut and duplicate use multi-select indices like copy
  ---
  duration_ms: 7.314862
  type: 'test'
  ...
# Subtest: whole-shape and empty-paragraph previews hide list marker containers
ok 555 - whole-shape and empty-paragraph previews hide list marker containers
  ---
  duration_ms: 7.355196
  type: 'test'
  ...
# Subtest: Delete key routes filmstrip focus to slide deletion
ok 556 - Delete key routes filmstrip focus to slide deletion
  ---
  duration_ms: 14.352062
  type: 'test'
  ...
# Subtest: text within a multi-selection remains a group-drag surface
ok 557 - text within a multi-selection remains a group-drag surface
  ---
  duration_ms: 1278.726591
  type: 'test'
  ...
# Subtest: SVG text pointer handling routes multi-selection to drag before inline editing
ok 558 - SVG text pointer handling routes multi-selection to drag before inline editing
  ---
  duration_ms: 13.762642
  type: 'test'
  ...
# Subtest: PPTX header Search filters editor actions while presentation Find remains available
ok 559 - PPTX header Search filters editor actions while presentation Find remains available
  ---
  duration_ms: 5.965853
  type: 'test'
  ...
# Subtest: optional PowerPoint runtimes use the configured plugin resource URLs
ok 560 - optional PowerPoint runtimes use the configured plugin resource URLs
  ---
  duration_ms: 61.199689
  type: 'test'
  ...
# Subtest: resize previews resize text frames while compensating text glyph scale
ok 561 - resize previews resize text frames while compensating text glyph scale
  ---
  duration_ms: 1321.603705
  type: 'test'
  ...
# Subtest: resize snapping locks only the dragged edges and preserves the opposite anchor
ok 562 - resize snapping locks only the dragged edges and preserves the opposite anchor
  ---
  duration_ms: 0.786549
  type: 'test'
  ...
# Subtest: resize snapping does not shrink a frame below its minimum size
ok 563 - resize snapping does not shrink a frame below its minimum size
  ---
  duration_ms: 0.644845
  type: 'test'
  ...
# Subtest: multi-selection transforms scale and rotate every selected shape around one group frame
ok 564 - multi-selection transforms scale and rotate every selected shape around one group frame
  ---
  duration_ms: 1.926361
  type: 'test'
  ...
# Subtest: group resize preview transforms every object and gives text a reflow path
ok 565 - group resize preview transforms every object and gives text a reflow path
  ---
  duration_ms: 13.316277
  type: 'test'
  ...
# Subtest: group resize keeps later text frames moving when one preview reflow fails
ok 566 - group resize keeps later text frames moving when one preview reflow fails
  ---
  duration_ms: 6.16651
  type: 'test'
  ...
# Subtest: text resize previews preserve glyph size while moving each text anchor relatively
ok 567 - text resize previews preserve glyph size while moving each text anchor relatively
  ---
  duration_ms: 0.829041
  type: 'test'
  ...
# Subtest: resize handles can cross their opposite edge without producing negative OOXML extents
ok 568 - resize handles can cross their opposite edge without producing negative OOXML extents
  ---
  duration_ms: 2.613424
  type: 'test'
  ...
# Subtest: crossed resize styles move the active grip to the opposite outline edge
ok 569 - crossed resize styles move the active grip to the opposite outline edge
  ---
  duration_ms: 16.694772
  type: 'test'
  ...
# Subtest: multi-selection uses one interactive outline with the single-selection controls
ok 570 - multi-selection uses one interactive outline with the single-selection controls
  ---
  duration_ms: 8.047355
  type: 'test'
  ...
# Subtest: multi-select union outline passes through additive clicks until modifier release
ok 571 - multi-select union outline passes through additive clicks until modifier release
  ---
  duration_ms: 9.405688
  type: 'test'
  ...
# Subtest: outline edge strips leave a center gap so mid-edge resize dots stay reachable
ok 572 - outline edge strips leave a center gap so mid-edge resize dots stay reachable
  ---
  duration_ms: 7.178035
  type: 'test'
  ...
# Subtest: multi-selection edge strips move the group instead of stretching it
ok 573 - multi-selection edge strips move the group instead of stretching it
  ---
  duration_ms: 9.605269
  type: 'test'
  ...
# Subtest: south group resize grows height from the fixed north edge
ok 574 - south group resize grows height from the fixed north edge
  ---
  duration_ms: 1.20765
  type: 'test'
  ...
# Subtest: pure vertical group resize skips text inverse compensation
ok 575 - pure vertical group resize skips text inverse compensation
  ---
  duration_ms: 15.140777
  type: 'test'
  ...
# Subtest: text preview anchors normalize nested body-local coordinates into slide space
ok 576 - text preview anchors normalize nested body-local coordinates into slide space
  ---
  duration_ms: 2.943288
  type: 'test'
  ...
# Subtest: multi-select SVG pointer near a resize dot redirects to stretch, not move
ok 577 - multi-select SVG pointer near a resize dot redirects to stretch, not move
  ---
  duration_ms: 23.660502
  type: 'test'
  ...
# Subtest: marquee selection previews a passive union outline before pointer-up
ok 578 - marquee selection previews a passive union outline before pointer-up
  ---
  duration_ms: 1.795875
  type: 'test'
  ...
# Subtest: rotate previews turn the rendered shape group with its selection outline
ok 579 - rotate previews turn the rendered shape group with its selection outline
  ---
  duration_ms: 0.831384
  type: 'test'
  ...
# Subtest: selected PowerPoint shapes use an outline without a glow
ok 580 - selected PowerPoint shapes use an outline without a glow
  ---
  duration_ms: 5.076054
  type: 'test'
  ...
# Subtest: inline text edits restore a canvas position changed by native caret reveal
ok 581 - inline text edits restore a canvas position changed by native caret reveal
  ---
  duration_ms: 0.87928
  type: 'test'
  ...
# Subtest: PowerPoint canvas disables browser scroll anchoring during text preview updates
ok 582 - PowerPoint canvas disables browser scroll anchoring during text preview updates
  ---
  duration_ms: 5.473032
  type: 'test'
  ...
# Subtest: shape fill menu uses the shared color popover and excludes unsupported objects
ok 583 - shape fill menu uses the shared color popover and excludes unsupported objects
  ---
  duration_ms: 0.867752
  type: 'test'
  ...
# Subtest: poster at ~206% flips floor size when scrollbar width is subtracted from available box
ok 584 - poster at ~206% flips floor size when scrollbar width is subtracted from available box
  ---
  duration_ms: 41.80299
  type: 'test'
  ...
# Subtest: stable sizing settles when horizontal bar would flip height-limited fitScale
ok 585 - stable sizing settles when horizontal bar would flip height-limited fitScale
  ---
  duration_ms: 21.421948
  type: 'test'
  ...
# Subtest: computeSlideDisplaySize floors width/height from fitScale * zoom
ok 586 - computeSlideDisplaySize floors width/height from fitScale * zoom
  ---
  duration_ms: 11.977989
  type: 'test'
  ...
# Subtest: bullet toolbar toggles matching native style and removes a legacy literal marker
ok 587 - bullet toolbar toggles matching native style and removes a legacy literal marker
  ---
  duration_ms: 924.967378
  type: 'test'
  ...
# Subtest: bullet toolbar removes a legacy literal bullet in one click
ok 588 - bullet toolbar removes a legacy literal bullet in one click
  ---
  duration_ms: 0.612551
  type: 'test'
  ...
# Subtest: color formatting keeps context after selection clears while the popover is open
ok 589 - color formatting keeps context after selection clears while the popover is open
  ---
  duration_ms: 1003.758019
  type: 'test'
  ...
# Subtest: preserveFormattingContext stores the live text target before the editor closes
ok 590 - preserveFormattingContext stores the live text target before the editor closes
  ---
  duration_ms: 54.138991
  type: 'test'
  ...
# Subtest: closing the inline editor does not wipe a preserved formatting snapshot
ok 591 - closing the inline editor does not wipe a preserved formatting snapshot
  ---
  duration_ms: 5.295147
  type: 'test'
  ...
# Subtest: list formatting captures the active paragraph and selected sentence before editor teardown
ok 592 - list formatting captures the active paragraph and selected sentence before editor teardown
  ---
  duration_ms: 1.187383
  type: 'test'
  ...
# Subtest: list formatting preserves every selected paragraph before editor teardown
ok 593 - list formatting preserves every selected paragraph before editor teardown
  ---
  duration_ms: 0.635018
  type: 'test'
  ...
# Subtest: list formatting expands a selected text box to every paragraph
ok 594 - list formatting expands a selected text box to every paragraph
  ---
  duration_ms: 0.836807
  type: 'test'
  ...
# Subtest: text-box list ranges combine visual wrap-lines into their OOXML paragraphs
ok 595 - text-box list ranges combine visual wrap-lines into their OOXML paragraphs
  ---
  duration_ms: 3.854822
  type: 'test'
  ...
# Subtest: bullet toolbar adds a bullet to every paragraph in a selected text box
ok 596 - bullet toolbar adds a bullet to every paragraph in a selected text box
  ---
  duration_ms: 1.687524
  type: 'test'
  ...
# Subtest: bullet toolbar removes one matching style across every selected paragraph
ok 597 - bullet toolbar removes one matching style across every selected paragraph
  ---
  duration_ms: 0.884109
  type: 'test'
  ...
# Subtest: bullet toolbar removes whole paragraphs when a cross-paragraph drag starts mid-line
ok 598 - bullet toolbar removes whole paragraphs when a cross-paragraph drag starts mid-line
  ---
  duration_ms: 0.860468
  type: 'test'
  ...
# Subtest: clicking off a text box hides formatting context when no popover is open
ok 599 - clicking off a text box hides formatting context when no popover is open
  ---
  duration_ms: 0.708117
  type: 'test'
  ...
# Subtest: font-size increments accumulate and immediately update the toolbar value
ok 600 - font-size increments accumulate and immediately update the toolbar value
  ---
  duration_ms: 64.503031
  type: 'test'
  ...
# Subtest: font-size selection retains its latest value when the toolbar rerenders
ok 601 - font-size selection retains its latest value when the toolbar rerenders
  ---
  duration_ms: 1.332299
  type: 'test'
  ...
# Subtest: rapid font-size steps coalesce to the latest size
ok 602 - rapid font-size steps coalesce to the latest size
  ---
  duration_ms: 0.879758
  type: 'test'
  ...
# Subtest: filmstrip preview uses the PPTX slide dimensions instead of a fixed format
ok 603 - filmstrip preview uses the PPTX slide dimensions instead of a fixed format
  ---
  duration_ms: 42.970663
  type: 'test'
  ...
# Subtest: single-shape transform mirrors its current thumbnail instead of scheduling a full render
ok 604 - single-shape transform mirrors its current thumbnail instead of scheduling a full render
  ---
  duration_ms: 1.867994
  type: 'test'
  ...
# Subtest: group transforms mirror changed shape groups instead of scheduling a full thumbnail render
ok 605 - group transforms mirror changed shape groups instead of scheduling a full thumbnail render
  ---
  duration_ms: 0.468858
  type: 'test'
  ...
# Subtest: active slide thumbnails clone the visible canvas instead of re-rendering the poster
ok 606 - active slide thumbnails clone the visible canvas instead of re-rendering the poster
  ---
  duration_ms: 10.616442
  type: 'test'
  ...
# Subtest: completed thumbnails are reusable slide renders and refreshes invalidate them first
ok 607 - completed thumbnails are reusable slide renders and refreshes invalidate them first
  ---
  duration_ms: 1.760694
  type: 'test'
  ...
# Subtest: Find-result slide changes use the normal queued navigation path
ok 608 - Find-result slide changes use the normal queued navigation path
  ---
  duration_ms: 1.652336
  type: 'test'
  ...
# Subtest: closed Find never repaints matches on a newly rendered slide
ok 609 - closed Find never repaints matches on a newly rendered slide
  ---
  duration_ms: 1.480519
  type: 'test'
  ...
# Subtest: structural inserts invalidate the filmstrip slide cache before canvas redraw
ok 610 - structural inserts invalidate the filmstrip slide cache before canvas redraw
  ---
  duration_ms: 1.666983
  type: 'test'
  ...
# Subtest: legacy view insert helpers invalidate the filmstrip cache before redraw
ok 611 - legacy view insert helpers invalidate the filmstrip cache before redraw
  ---
  duration_ms: 3.352669
  type: 'test'
  ...
# Subtest: shape delete invalidates the filmstrip cache before canvas redraw
ok 612 - shape delete invalidates the filmstrip cache before canvas redraw
  ---
  duration_ms: 0.787909
  type: 'test'
  ...
# Subtest: presentation word count skips formatting-only PowerPoint commands
ok 613 - presentation word count skips formatting-only PowerPoint commands
  ---
  duration_ms: 22.397793
  type: 'test'
  ...
# Subtest: presentation word count refreshes after text-changing PowerPoint commands
ok 614 - presentation word count refreshes after text-changing PowerPoint commands
  ---
  duration_ms: 0.331119
  type: 'test'
  ...
# Subtest: presentation word count is deferred while inline editing so Enter does not render the whole deck
ok 615 - presentation word count is deferred while inline editing so Enter does not render the whole deck
  ---
  duration_ms: 5.169021
  type: 'test'
  ...
# Subtest: incremental PowerPoint shape replacement keeps non-chart display work local
ok 616 - incremental PowerPoint shape replacement keeps non-chart display work local
  ---
  duration_ms: 4.541038
  type: 'test'
  ...
# Subtest: Enter uses the local paragraph preview before falling back to the expensive PowerPoint renderer
ok 617 - Enter uses the local paragraph preview before falling back to the expensive PowerPoint renderer
  ---
  duration_ms: 4.536725
  type: 'test'
  ...
# Subtest: Backspace structural edits use local paragraph previews before the renderer fallback
ok 618 - Backspace structural edits use local paragraph previews before the renderer fallback
  ---
  duration_ms: 6.654376
  type: 'test'
  ...
# Subtest: PowerPoint canvas scroll gestures pan, while pinch directions zoom
ok 619 - PowerPoint canvas scroll gestures pan, while pinch directions zoom
  ---
  duration_ms: 1332.435871
  type: 'test'
  ...
# Subtest: right-click text-box origins use the original slide point rather than the menu click
ok 620 - right-click text-box origins use the original slide point rather than the menu click
  ---
  duration_ms: 0.954867
  type: 'test'
  ...
# Subtest: rendered PDF export uses detached canvases and prefers the SVG renderer
ok 621 - rendered PDF export uses detached canvases and prefers the SVG renderer
  ---
  duration_ms: 10.668475
  type: 'test'
  ...
# Subtest: createRenderedImagePdf builds valid single-page PDF binary with correct structure and xref offsets
ok 622 - createRenderedImagePdf builds valid single-page PDF binary with correct structure and xref offsets
  ---
  duration_ms: 37.06002
  type: 'test'
  ...
# Subtest: createRenderedImagePdf handles multi-page documents with distinct resource object mappings
ok 623 - createRenderedImagePdf handles multi-page documents with distinct resource object mappings
  ---
  duration_ms: 0.811488
  type: 'test'
  ...
# Subtest: createRenderedImagePdf formats text runs with WinAnsi character encoding and escaping
ok 624 - createRenderedImagePdf formats text runs with WinAnsi character encoding and escaping
  ---
  duration_ms: 0.715853
  type: 'test'
  ...
# Subtest: dataUrlToBytes decodes standard data URLs, raw base64, empty payloads, and binary byte ranges
ok 625 - dataUrlToBytes decodes standard data URLs, raw base64, empty payloads, and binary byte ranges
  ---
  duration_ms: 1.396852
  type: 'test'
  ...
# Subtest: ensurePptxRuntimeArtifacts writes missing gzip-embedded sidecars
ok 626 - ensurePptxRuntimeArtifacts writes missing gzip-embedded sidecars
  ---
  duration_ms: 74.86865
  type: 'test'
  ...
# Subtest: ensurePptxRuntimeArtifacts skips matching on-disk sidecars
ok 627 - ensurePptxRuntimeArtifacts skips matching on-disk sidecars
  ---
  duration_ms: 15.901023
  type: 'test'
  ...
# Subtest: PresentationSession publishes selection snapshots
ok 628 - PresentationSession publishes selection snapshots
  ---
  duration_ms: 113.601405
  type: 'test'
  ...
# Subtest: PresentationSession emits command intent without dirtying a noop
ok 629 - PresentationSession emits command intent without dirtying a noop
  ---
  duration_ms: 0.647406
  type: 'test'
  ...
# Subtest: PresentationSession commits mutations through its executor before marking dirty
ok 630 - PresentationSession commits mutations through its executor before marking dirty
  ---
  duration_ms: 1.000154
  type: 'test'
  ...
# Subtest: PresentationSession does not dirty an overlap-aware reorder with no structural target
ok 631 - PresentationSession does not dirty an overlap-aware reorder with no structural target
  ---
  duration_ms: 0.424409
  type: 'test'
  ...
# Subtest: PresentationSession leaves state unchanged when a mutation fails
ok 632 - PresentationSession leaves state unchanged when a mutation fails
  ---
  duration_ms: 1.002175
  type: 'test'
  ...
# Subtest: PresentationSession exposes history outcomes and snapshots
ok 633 - PresentationSession exposes history outcomes and snapshots
  ---
  duration_ms: 0.519397
  type: 'test'
  ...
# Subtest: PresentationSession waits for async history completion before reporting an undo
ok 634 - PresentationSession waits for async history completion before reporting an undo
  ---
  duration_ms: 0.584449
  type: 'test'
  ...
# Subtest: createSlideObjectsClipboard should create a clipboard object with normalized shape indexes
ok 635 - createSlideObjectsClipboard should create a clipboard object with normalized shape indexes
  ---
  duration_ms: 51.635029
  type: 'test'
  ...
# Subtest: createSlideObjectClipboard should create a clipboard object for a single shape
ok 636 - createSlideObjectClipboard should create a clipboard object for a single shape
  ---
  duration_ms: 0.400137
  type: 'test'
  ...
# Subtest: createSlideObjectsClipboard throws error if shape indexes are empty
ok 637 - createSlideObjectsClipboard throws error if shape indexes are empty
  ---
  duration_ms: 0.72964
  type: 'test'
  ...
# Subtest: pasteSlideObject pastes a single shape
ok 638 - pasteSlideObject pastes a single shape
  ---
  duration_ms: 29.904021
  type: 'test'
  ...
# Subtest: pasteSlideObjects pastes multiple shapes
ok 639 - pasteSlideObjects pastes multiple shapes
  ---
  duration_ms: 22.200796
  type: 'test'
  ...
# Subtest: shape fill color survives export and reload
ok 640 - shape fill color survives export and reload
  ---
  duration_ms: 609.809877
  type: 'test'
  ...
# Subtest: shape fill rejects invalid colors and unsupported objects
ok 641 - shape fill rejects invalid colors and unsupported objects
  ---
  duration_ms: 76.152975
  type: 'test'
  ...
# Subtest: text box detection excludes ordinary labeled auto shapes
ok 642 - text box detection excludes ordinary labeled auto shapes
  ---
  duration_ms: 147.779203
  type: 'test'
  ...
# Subtest: flipShape toggles flipH in the exported OOXML model
ok 643 - flipShape toggles flipH in the exported OOXML model
  ---
  duration_ms: 480.295615
  type: 'test'
  ...
# Subtest: flipTransformForShape builds a center-anchored mirror transform
ok 644 - flipTransformForShape builds a center-anchored mirror transform
  ---
  duration_ms: 8.761394
  type: 'test'
  ...
# Subtest: live SVG flip wrappers are created detached from their owning document
ok 645 - live SVG flip wrappers are created detached from their owning document
  ---
  duration_ms: 1.548289
  type: 'test'
  ...
# Subtest: flipShape works for autoshapes, not only pictures
ok 646 - flipShape works for autoshapes, not only pictures
  ---
  duration_ms: 61.669685
  type: 'test'
  ...
# Subtest: lists each attached custom layout once and keeps its insertion source slide
ok 647 - lists each attached custom layout once and keeps its insertion source slide
  ---
  duration_ms: 9.208177
  type: 'test'
  ...
# Subtest: ignores missing and external slide-layout relationships
ok 648 - ignores missing and external slide-layout relationships
  ---
  duration_ms: 0.70262
  type: 'test'
  ...
# Subtest: speaker notes text updates preserve the rest of an existing notes part and its relationships
ok 649 - speaker notes text updates preserve the rest of an existing notes part and its relationships
  ---
  duration_ms: 95.893807
  type: 'test'
  ...
# Subtest: speaker notes creation adds a notes slide and preserves the existing notes master
ok 650 - speaker notes creation adds a notes slide and preserves the existing notes master
  ---
  duration_ms: 60.701624
  type: 'test'
  ...
# Subtest: speaker notes creation supplies a notes master when a modern deck has none
ok 651 - speaker notes creation supplies a notes master when a modern deck has none
  ---
  duration_ms: 19.625686
  type: 'test'
  ...
# Subtest: speaker notes creation works for ppsx packages
ok 652 - speaker notes creation works for ppsx packages
  ---
  duration_ms: 18.148093
  type: 'test'
  ...
# Subtest: speaker notes writes reject macro-enabled packages without executing macros
ok 653 - speaker notes writes reject macro-enabled packages without executing macros
  ---
  duration_ms: 2.772154
  type: 'test'
  ...
# Subtest: reads PowerPoint transition duration, advance options, and effect directions
ok 654 - reads PowerPoint transition duration, advance options, and effect directions
  ---
  duration_ms: 6.202237
  type: 'test'
  ...
# Subtest: writes a PowerPoint p14 duration and preserves timing and slide extension markup
ok 655 - writes a PowerPoint p14 duration and preserves timing and slide extension markup
  ---
  duration_ms: 4.413646
  type: 'test'
  ...
# Subtest: writes PowerPoint split directions and preserves no-transition slide data
ok 656 - writes PowerPoint split directions and preserves no-transition slide data
  ---
  duration_ms: 1.84227
  type: 'test'
  ...
# Subtest: replaces AlternateContent transition branches without leaving a conflicting fallback
ok 657 - replaces AlternateContent transition branches without leaving a conflicting fallback
  ---
  duration_ms: 0.877274
  type: 'test'
  ...
# Subtest: rejects invalid PowerPoint transition options
ok 658 - rejects invalid PowerPoint transition options
  ---
  duration_ms: 1.867635
  type: 'test'
  ...
# Subtest: ESLint logic rules resolve inside a standalone plugin checkout
ok 659 - ESLint logic rules resolve inside a standalone plugin checkout
  ---
  duration_ms: 9.582786
  type: 'test'
  ...
# Subtest: catalog mirror sync preserves a destination git checkout when source uses a gitfile
ok 660 - catalog mirror sync preserves a destination git checkout when source uses a gitfile
  ---
  duration_ms: 687.310773
  type: 'test'
  ...
# Subtest: text offset round-trip fuzz across real decks
ok 661 - text offset round-trip fuzz across real decks
  ---
  duration_ms: 758.023837
  type: 'test'
  ...
# Subtest: inline paragraph preview preserves its wrapped SVG line containers after a backspace
ok 662 - inline paragraph preview preserves its wrapped SVG line containers after a backspace
  ---
  duration_ms: 28.509819
  type: 'test'
  ...
# Subtest: inline paragraph preview does not duplicate replacement text across wrapped lines
ok 663 - inline paragraph preview does not duplicate replacement text across wrapped lines
  ---
  duration_ms: 1.153623
  type: 'test'
  ...
# Subtest: inline paragraph preview keeps an end insertion inside the final visual line
ok 664 - inline paragraph preview keeps an end insertion inside the final visual line
  ---
  duration_ms: 0.225714
  type: 'test'
  ...
# Subtest: inline paragraph preview creates new word-wrapped lines without losing text
ok 665 - inline paragraph preview creates new word-wrapped lines without losing text
  ---
  duration_ms: 0.581327
  type: 'test'
  ...
# Subtest: inline paragraph preview passes the source offset to mixed-run measurement
ok 666 - inline paragraph preview passes the source offset to mixed-run measurement
  ---
  duration_ms: 0.469463
  type: 'test'
  ...
# Subtest: mixed-run preview measurement uses the matching font segment
ok 667 - mixed-run preview measurement uses the matching font segment
  ---
  duration_ms: 0.329389
  type: 'test'
  ...
# Subtest: inline paragraph preview breaks an overlong unspaced word
ok 668 - inline paragraph preview breaks an overlong unspaced word
  ---
  duration_ms: 0.326922
  type: 'test'
  ...
# Subtest: preview wrap width subtracts symmetric text insets from the frame
ok 669 - preview wrap width subtracts symmetric text insets from the frame
  ---
  duration_ms: 0.350531
  type: 'test'
  ...
# Subtest: preview wrap width ignores center-anchored glyph left so typing stays horizontal
ok 670 - preview wrap width ignores center-anchored glyph left so typing stays horizontal
  ---
  duration_ms: 0.601662
  type: 'test'
  ...
# Subtest: preview wrap width falls back when inset-derived width is only a few px above the glyph
ok 671 - preview wrap width falls back when inset-derived width is only a few px above the glyph
  ---
  duration_ms: 0.595009
  type: 'test'
  ...
# Subtest: preview wrap width still uses start-aligned insets when the line is shorter than the frame
ok 672 - preview wrap width still uses start-aligned insets when the line is shorter than the frame
  ---
  duration_ms: 0.453573
  type: 'test'
  ...
# Subtest: preview frame picker prefers OOXML transform over a thin decorative rect
ok 673 - preview frame picker prefers OOXML transform over a thin decorative rect
  ---
  duration_ms: 0.314455
  type: 'test'
  ...
# Subtest: preview frame picker skips unusable frames then accepts the next candidate
ok 674 - preview frame picker skips unusable frames then accepts the next candidate
  ---
  duration_ms: 0.153322
  type: 'test'
  ...
# Subtest: live inline reflow moves following paragraphs by its wrapped-line delta
ok 675 - live inline reflow moves following paragraphs by its wrapped-line delta
  ---
  duration_ms: 5.123689
  type: 'test'
  ...
# Subtest: paragraph split preview rejects wrapped or downstream text before mutating live SVG
ok 676 - paragraph split preview rejects wrapped or downstream text before mutating live SVG
  ---
  duration_ms: 4.744632
  type: 'test'
  ...
# Subtest: shouldUseLazyThumbnails gates on slide count
ok 677 - shouldUseLazyThumbnails gates on slide count
  ---
  duration_ms: 26.420107
  type: 'test'
  ...
# Subtest: priorityThumbnailIndices centers on the active slide
ok 678 - priorityThumbnailIndices centers on the active slide
  ---
  duration_ms: 1.286396
  type: 'test'
  ...
# Subtest: remainingThumbnailIndices skips rendered slides
ok 679 - remainingThumbnailIndices skips rendered slides
  ---
  duration_ms: 0.402496
  type: 'test'
  ...
# Subtest: sortThumbnailIndicesByProximity prefers the active slide neighborhood
ok 680 - sortThumbnailIndicesByProximity prefers the active slide neighborhood
  ---
  duration_ms: 0.280207
  type: 'test'
  ...
# [Native PowerPoint Doc Editor] save: PowerPoint save failed {
#   file: 'decks/fixture.pptx',
#   error: Error: simulated reload save failure
#       at view.engine.export (file:///app/tests/view-lifecycle.test.mjs:239:11)
#       at Object.serialize (/tmp/native-powerpoint-tests-qemNDW/native-powerpoint-view.cjs:132475:55)
#       at DocumentSaveCoordinator.execute (/tmp/native-powerpoint-tests-qemNDW/native-powerpoint-view.cjs:132399:55)
#       at DocumentSaveCoordinator.drainSaves (/tmp/native-powerpoint-tests-qemNDW/native-powerpoint-view.cjs:132383:32)
#       at /tmp/native-powerpoint-tests-qemNDW/native-powerpoint-view.cjs:132355:32
#       at new Promise (<anonymous>)
#       at DocumentSaveCoordinator.save (/tmp/native-powerpoint-tests-qemNDW/native-powerpoint-view.cjs:132340:12)
#       at SaveController.save (/tmp/native-powerpoint-tests-qemNDW/native-powerpoint-view.cjs:132609:42)
#       at PresentationSession.save (/tmp/native-powerpoint-tests-qemNDW/native-powerpoint-view.cjs:132794:32)
#       at _NativePowerPointView.saveCurrentPresentation (/tmp/native-powerpoint-tests-qemNDW/native-powerpoint-view.cjs:134437:25)
# }
# [Native PowerPoint Doc Editor] save: PowerPoint save failed {
#   file: 'decks/fixture.pptx',
#   error: Error: simulated validation failure
#       at view.engine.export (file:///app/tests/view-lifecycle.test.mjs:268:13)
#       at Object.serialize (/tmp/native-powerpoint-tests-qemNDW/native-powerpoint-view.cjs:132475:55)
#       at DocumentSaveCoordinator.execute (/tmp/native-powerpoint-tests-qemNDW/native-powerpoint-view.cjs:132399:55)
#       at DocumentSaveCoordinator.drainSaves (/tmp/native-powerpoint-tests-qemNDW/native-powerpoint-view.cjs:132383:32)
#       at /tmp/native-powerpoint-tests-qemNDW/native-powerpoint-view.cjs:132355:32
#       at new Promise (<anonymous>)
#       at DocumentSaveCoordinator.save (/tmp/native-powerpoint-tests-qemNDW/native-powerpoint-view.cjs:132340:12)
#       at SaveController.save (/tmp/native-powerpoint-tests-qemNDW/native-powerpoint-view.cjs:132609:42)
#       at PresentationSession.save (/tmp/native-powerpoint-tests-qemNDW/native-powerpoint-view.cjs:132794:32)
#       at _NativePowerPointView.saveCurrentPresentation (/tmp/native-powerpoint-tests-qemNDW/native-powerpoint-view.cjs:134437:25)
# }
# [Native PowerPoint Doc Editor] save: PowerPoint recovery copy failed {
#   file: 'decks/fixture.pptx',
#   reason: 'closing the view',
#   error: Error: simulated vault failure
#       at view.engine.export (file:///app/tests/view-lifecycle.test.mjs:292:11)
#       at SaveController.writeRecoveryCopy (/tmp/native-powerpoint-tests-qemNDW/native-powerpoint-view.cjs:132689:41)
#       at SaveController.preserveUnsavedChangesForTeardown (/tmp/native-powerpoint-tests-qemNDW/native-powerpoint-view.cjs:132634:17)
#       at process.processTicksAndRejections (node:internal/process/task_queues:103:5)
# }
# [Native PowerPoint Doc Editor] view: Close aborted because unsaved PowerPoint edits could not be preserved { file: 'decks/fixture.pptx' }
# Subtest: macro-enabled extensions remain view-only
ok 681 - macro-enabled extensions remain view-only
  ---
  duration_ms: 963.767684
  type: 'test'
  ...
# Subtest: rapid edits debounce to one autosave
ok 682 - rapid edits debounce to one autosave
  ---
  duration_ms: 6.274603
  type: 'test'
  ...
# Subtest: focusable toolbar controls preserve the active text formatting selection
ok 683 - focusable toolbar controls preserve the active text formatting selection
  ---
  duration_ms: 1.32523
  type: 'test'
  ...
# Subtest: alignment applies to every paragraph touched by a text selection
ok 684 - alignment applies to every paragraph touched by a text selection
  ---
  duration_ms: 1.579567
  type: 'test'
  ...
# Subtest: queued saves serialize rapid writes and retain the final edit
ok 685 - queued saves serialize rapid writes and retain the final edit
  ---
  duration_ms: 2.677229
  type: 'test'
  ...
# Subtest: closing while a save is in progress waits, then writes a recovery copy
ok 686 - closing while a save is in progress waits, then writes a recovery copy
  ---
  duration_ms: 2.035689
  type: 'test'
  ...
# Subtest: autosave failure during close falls back to a recovery copy
ok 687 - autosave failure during close falls back to a recovery copy
  ---
  duration_ms: 0.730616
  type: 'test'
  ...
# Subtest: plugin reload saves dirty edits to the source even when autosave is disabled
ok 688 - plugin reload saves dirty edits to the source even when autosave is disabled
  ---
  duration_ms: 1.111216
  type: 'test'
  ...
# Subtest: plugin reload barrier fails closed when the dirty source cannot be saved
ok 689 - plugin reload barrier fails closed when the dirty source cannot be saved
  ---
  duration_ms: 2.328707
  type: 'test'
  ...
# Subtest: failed autosave schedules a delayed retry
ok 690 - failed autosave schedules a delayed retry
  ---
  duration_ms: 2.54517
  type: 'test'
  ...
# Subtest: failed recovery preserves dirty in-memory edits and prevents close reset
ok 691 - failed recovery preserves dirty in-memory edits and prevents close reset
  ---
  duration_ms: 2.111176
  type: 'test'
  ...
1..691
# tests 751
# suites 0
# pass 746
# fail 1
# cancelled 0
# skipped 4
# todo 0
# duration_ms 64064.103161
